-86	76	22	7.94328e-005	7.94328e-005	7.94328e-005	7.94328e-005	7.94328e-005	7.94328e-005	7.94328e-005	7.94328e-005	7.94328e-005	7.94328e-005	7.94328e-005	7.94328e-005	7.94328e-005	7.94328e-005	7.94328e-005	7.94328e-005	7.94328e-005	7.94328e-005	7.94328e-005	7.94328e-005	7.94328e-005	7.94328e-005	7.94328e-005	7.94328e-005	7.94328e-005	7.94328e-005	7.94328e-005	7.94328e-005	7.94328e-005	7.94328e-005	7.94328e-005	
