-86	76	2	0.00125893	0.00125893	0.00125893	0.00125893	0.00125893	0.00125893	0.00125893	0.00125893	0.00125893	0.00125893	0.00125893	0.00125893	0.00125893	0.00125893	0.00125893	0.00125893	0.00125893	0.00125893	0.00125893	0.00125893	0.00125893	0.00125893	0.00125893	0.00125893	0.00125893	0.00125893	0.00125893	0.00125893	0.00125893	0.00125893	0.00125893	
