<?xml version="1.0" encoding="ISO-8859-1" standalone="no"?>
<!DOCTYPE Tympan SYSTEM 'Tympan.dtd'>
<Tympan>
 <Version>3.10.0 - GNU GPL version 3 - http://www.gnu.org/licenses/gpl.html</Version>
 <Projet id="{51583e28-488e-4926-9136-a3f4adfc3344}" name="Projet 0">
  <auteur></auteur>
  <dateCreation>2004-10-28</dateCreation>
  <dateModif>2004-10-28</dateModif>
  <comment></comment>
  <delaunayTolerence>0.001</delaunayTolerence>
  <distMaxBetweenPoints>50</distMaxBetweenPoints>
  <useDefGeomVal>1</useDefGeomVal>
  <currentCalculID>{924c5c14-6f2e-4200-874d-21b14a45c357}</currentCalculID>
  <SiteNode id="{3ef8cba0-00bb-467e-8a69-5a03bb2edc18}" name="Site 0">
   <echelle>1</echelle>
   <useEmpriseAsCrbNiv>0</useEmpriseAsCrbNiv>
   <useTopoFile>0</useTopoFile>
   <topoFile></topoFile>
   <altiEmprise>0</altiEmprise>
   <Segment id="{67e37ae1-2928-432b-8e7b-b044e3228367}" name="Segment 0">
    <Color g="1" r="1" b="1"/>
    <Point x="0.000" y="0.000" z="0.000"/>
    <Point x="0.000" y="1.000" z="0.000"/>
   </Segment>
   <Point x="0.000" y="0.000" z="0.000"/>
   <Topographie id="{100ae6d1-5cfd-447e-a658-11a76a4e7daa}" name="Topographie 0">
    <Emprise>
     <Point x="-835.000" y="488.000" z="0.000"/>
     <Point x="-843.000" y="-878.000" z="0.000"/>
     <Point x="788.000" y="-870.000" z="0.000"/>
     <Point x="781.000" y="769.000" z="0.000"/>
     <Point x="-812.000" y="738.000" z="0.000"/>
    </Emprise>
    <ListCrbNiv/>
    <ListTerrain>
     <GeometryNode id="{a9375b54-3826-4af4-9423-97aae8df2931}" name="">
      <hauteur>0.000</hauteur>
      <Repere id="{e84e8496-7397-45bd-a951-708fc9ab117e}" name="RepÃÂÃÂÃÂÃÂÃÂÃÂÃÂÃÂÃÂÃÂÃÂÃÂÃÂÃÂÃÂÃÂÃÂÃÂÃÂÃÂÃÂÃÂÃÂÃÂÃÂÃÂÃÂÃÂÃÂÃÂÃÂÃÂÃÂÃÂÃÂÃÂÃÂÃÂÃÂÃÂÃÂÃÂÃÂÃÂÃÂÃÂÃÂÃÂÃÂÃÂÃÂÃÂÃÂÃÂÃÂÃÂÃÂÃÂÃÂÃÂÃÂÃÂÃÂÃÂ¨re 5">
       <Point x="0.000000000000" y="0.000000000000" z="0.000000000000"/>
       <Vector x="1.000000000000" y="0.000000000000" z="0.000000000000"/>
       <Vector x="0.000000000000" y="1.000000000000" z="0.000000000000"/>
       <Vector x="0.000000000000" y="0.000000000000" z="1.000000000000"/>
      </Repere>
      <Terrain id="{f494dd78-d777-414f-8f95-3fdd57d62954}" name="Terrain par defaut">
       <Color g="0.333333" r="0" b="0"/>
       <Sol id="{473bba11-ae82-4c06-a218-caefd30e37cc}" name="Sol 7">
        <resistivite>20000</resistivite>
        <epaisseur>1</epaisseur>
        <active>0</active>
        <miroir>0</miroir>
       </Sol>
       <nbPoints>0</nbPoints>
      </Terrain>
     </GeometryNode>
    </ListTerrain>
    <ListCrsEau/>
    <ListPlanEau/>
    <Altimetrie id="{d946862b-64e6-46f4-952a-16354b8d8bac}" name="AltimÃÂÃÂÃÂÃÂÃÂÃÂÃÂÃÂÃÂÃÂÃÂÃÂÃÂÃÂÃÂÃÂÃÂÃÂÃÂÃÂÃÂÃÂÃÂÃÂÃÂÃÂÃÂÃÂÃÂÃÂÃÂÃÂÃÂÃÂÃÂÃÂÃÂÃÂÃÂÃÂÃÂÃÂÃÂÃÂÃÂÃÂÃÂÃÂÃÂÃÂÃÂÃÂÃÂÃÂÃÂÃÂÃÂÃÂÃÂÃÂÃÂÃÂÃÂÃÂ©trie 0"/>
    <DefaultTerrain>0</DefaultTerrain>
   </Topographie>
   <Infrastructure id="{190a3a19-7379-4288-a376-6d3dbc5023df}" name="Infrastructure 0">
    <ListRoute/>
    <ListResTrans/>
    <ListBatiment>
     <GeometryNode id="{0cc45cfb-0d2e-4ff5-b059-6b532159c33b}" name="">
      <hauteur>0.000</hauteur>
      <Repere id="{a19f5120-1f50-40f1-868a-c3ae3c8f6272}" name="">
       <Point x="0.000000000000" y="0.000000000000" z="0.000000000000"/>
       <Vector x="1.000000000000" y="0.000000000000" z="0.000000000000"/>
       <Vector x="0.000000000000" y="1.000000000000" z="0.000000000000"/>
       <Vector x="0.000000000000" y="0.000000000000" z="1.000000000000"/>
      </Repere>
      <Batiment id="{c7157376-b7b0-4078-8464-2794db6e14a0}" name="BATIMENT_CYLINDRIQUE">
       <Color g="1" r="1" b="1"/>
       <densiteSrcsH>5</densiteSrcsH>
       <densiteSrcsV>5</densiteSrcsV>
       <curRegime>0</curRegime>
       <nbRegimes>1</nbRegimes>
       <nextRegime>1</nextRegime>
       <Regime id="{e7caf442-5a1c-46e2-8e4c-744be5bb548e}" name="RÃÂÃÂÃÂÃÂÃÂÃÂÃÂÃÂÃÂÃÂÃÂÃÂÃÂÃÂÃÂÃÂÃÂÃÂÃÂÃÂÃÂÃÂÃÂÃÂÃÂÃÂÃÂÃÂÃÂÃÂÃÂÃÂÃÂÃÂÃÂÃÂÃÂÃÂÃÂÃÂÃÂÃÂÃÂÃÂÃÂÃÂÃÂÃÂÃÂÃÂÃÂÃÂÃÂÃÂÃÂÃÂÃÂÃÂÃÂÃÂÃÂÃÂÃÂÃÂ©gime 0">
        <isRayonnant>1</isRayonnant>
        <useAtt>0</useAtt>
        <typeDistribution>0</typeDistribution>
       </Regime>
       <nbChild>1</nbChild>
       <GeometryNode id="{bf837f30-ef85-4411-8c9e-f3633a5a5845}" name="">
        <hauteur>0.000</hauteur>
        <Repere id="{4a90fe68-da4a-4674-9498-7b55897c204d}" name="RepÃÂÃÂÃÂÃÂÃÂÃÂÃÂÃÂÃÂÃÂÃÂÃÂÃÂÃÂÃÂÃÂÃÂÃÂÃÂÃÂÃÂÃÂÃÂÃÂÃÂÃÂÃÂÃÂÃÂÃÂÃÂÃÂÃÂÃÂÃÂÃÂÃÂÃÂÃÂÃÂÃÂÃÂÃÂÃÂÃÂÃÂÃÂÃÂÃÂÃÂÃÂÃÂÃÂÃÂÃÂÃÂÃÂÃÂÃÂÃÂÃÂÃÂÃÂÃÂ¨re 97850">
         <Point x="0.000000000000" y="0.000000000000" z="55.000000000000"/>
         <Vector x="1.000000000000" y="0.000000000000" z="0.000000000000"/>
         <Vector x="0.000000000000" y="1.000000000000" z="0.000000000000"/>
         <Vector x="0.000000000000" y="0.000000000000" z="1.000000000000"/>
        </Repere>
        <AcousticCylinder id="{7fb4cea7-0b31-4cb0-9f38-684e256c6d43}" name="Cylindre acoustique 14">
         <Color g="0.258824" r="1" b="0.521569"/>
         <densiteSrcsH>5</densiteSrcsH>
         <densiteSrcsV>5</densiteSrcsV>
         <curRegime>0</curRegime>
         <nbRegimes>1</nbRegimes>
         <nextRegime>1</nextRegime>
         <Regime id="{1a4b592e-ab7e-44ec-917d-29c3690c4f53}" name="RÃÂÃÂÃÂÃÂÃÂÃÂÃÂÃÂÃÂÃÂÃÂÃÂÃÂÃÂÃÂÃÂÃÂÃÂÃÂÃÂÃÂÃÂÃÂÃÂÃÂÃÂÃÂÃÂÃÂÃÂÃÂÃÂÃÂÃÂÃÂÃÂÃÂÃÂÃÂÃÂÃÂÃÂÃÂÃÂÃÂÃÂÃÂÃÂÃÂÃÂÃÂÃÂÃÂÃÂÃÂÃÂÃÂÃÂÃÂÃÂÃÂÃÂÃÂÃÂ©gime 0">
          <isRayonnant>1</isRayonnant>
          <useAtt>0</useAtt>
          <typeDistribution>0</typeDistribution>
         </Regime>
         <MateriauConstruction id="{1111ad30-7305-47e9-8932-6bced68fa686}" name="MatÃÂÃÂÃÂÃÂÃÂÃÂÃÂÃÂÃÂÃÂÃÂÃÂÃÂÃÂÃÂÃÂÃÂÃÂÃÂÃÂÃÂÃÂÃÂÃÂÃÂÃÂÃÂÃÂÃÂÃÂÃÂÃÂÃÂÃÂÃÂÃÂÃÂÃÂÃÂÃÂÃÂÃÂÃÂÃÂÃÂÃÂÃÂÃÂÃÂÃÂÃÂÃÂÃÂÃÂÃÂÃÂÃÂÃÂÃÂÃÂÃÂÃÂÃÂÃÂ©riau de construction 384">
          <masseVol>2500</masseVol>
          <Spectre id="{4bfa6555-f766-4f22-a991-effb6a6eab68}" name="Spectre 31">
           <type>0</type>
           <fMin>16</fMin>
           <fMax>16000</fMax>
           <freqTab form="0">15.000 15.000 15.000 15.000 15.000 15.000 15.000 15.000 15.000 15.000 15.000 15.000 15.000 15.000 15.000 15.000 15.000 15.000 15.000 15.000 15.000 15.000 15.000 15.000 15.000 15.000 15.000 15.000 15.000 15.000 15.000</freqTab>
          </Spectre>
          <Spectre id="{12866804-e7a8-4460-a059-038c047dbabb}" name="Spectre 33">
           <type>1</type>
           <fMin>16</fMin>
           <fMax>16000</fMax>
           <freqTab form="0">0.200 0.200 0.200 0.200 0.200 0.200 0.200 0.200 0.200 0.200 0.200 0.200 0.200 0.200 0.200 0.200 0.200 0.200 0.200 0.200 0.200 0.200 0.200 0.200 0.200 0.200 0.200 0.200 0.200 0.200 0.200</freqTab>
          </Spectre>
         </MateriauConstruction>
         <forceNormales>0</forceNormales>
         <AcousticSurface id="{79261296-f030-43fb-8c8d-5dc00416459f}" name="Surface acoustique 2385">
          <Color g="1" r="1" b="1"/>
          <densiteSrcsH>5</densiteSrcsH>
          <densiteSrcsV>5</densiteSrcsV>
          <curRegime>0</curRegime>
          <nbRegimes>1</nbRegimes>
          <nextRegime>1</nextRegime>
          <Regime id="{a9034c25-b511-43cd-81c7-0a05013ecc56}" name="RÃÂÃÂÃÂÃÂÃÂÃÂÃÂÃÂÃÂÃÂÃÂÃÂÃÂÃÂÃÂÃÂÃÂÃÂÃÂÃÂÃÂÃÂÃÂÃÂÃÂÃÂÃÂÃÂÃÂÃÂÃÂÃÂÃÂÃÂÃÂÃÂÃÂÃÂÃÂÃÂÃÂÃÂÃÂÃÂÃÂÃÂÃÂÃÂÃÂÃÂÃÂÃÂÃÂÃÂÃÂÃÂÃÂÃÂÃÂÃÂÃÂÃÂÃÂÃÂ©gime 0">
           <isRayonnant>1</isRayonnant>
           <useAtt>0</useAtt>
           <typeDistribution>0</typeDistribution>
          </Regime>
          <isSub>0</isSub>
          <Rectangle id="{dbf4bb5f-346c-415a-8095-3f987e104298}" name="Rectangle 29182">
           <Point x="-31.333" y="31.333" z="0.000"/>
           <Point x="31.333" y="31.333" z="0.000"/>
           <Point x="31.333" y="-31.333" z="0.000"/>
           <Point x="-31.333" y="-31.333" z="0.000"/>
          </Rectangle>
          <SourceSurfacic id="{9a5f4a1f-0a48-4b54-8a81-fdf7fecfc3db}" name="Source surfacique 2385">
           <nbSrcs>0</nbSrcs>
           <densiteSrcsH>5</densiteSrcsH>
           <densiteSrcsV>5</densiteSrcsV>
           <srcsCorr>0</srcsCorr>
          </SourceSurfacic>
         </AcousticSurface>
         <AcousticCircle id="{2fc1bc50-2bb0-46d8-8c56-ba2960c62f9d}" name="Cercle acoustique 28">
          <Color g="0.262745" r="1" b="0.521569"/>
          <densiteSrcsH>5</densiteSrcsH>
          <densiteSrcsV>5</densiteSrcsV>
          <curRegime>0</curRegime>
          <nbRegimes>1</nbRegimes>
          <nextRegime>1</nextRegime>
          <Regime id="{59398102-cd6b-41d6-8b85-e13e40bec343}" name="RÃÂÃÂÃÂÃÂÃÂÃÂÃÂÃÂÃÂÃÂÃÂÃÂÃÂÃÂÃÂÃÂÃÂÃÂÃÂÃÂÃÂÃÂÃÂÃÂÃÂÃÂÃÂÃÂÃÂÃÂÃÂÃÂÃÂÃÂÃÂÃÂÃÂÃÂÃÂÃÂÃÂÃÂÃÂÃÂÃÂÃÂÃÂÃÂÃÂÃÂÃÂÃÂÃÂÃÂÃÂÃÂÃÂÃÂÃÂÃÂÃÂÃÂÃÂÃÂ©gime 0">
           <isRayonnant>1</isRayonnant>
           <useAtt>0</useAtt>
           <typeDistribution>0</typeDistribution>
          </Regime>
          <isSub>0</isSub>
          <Rectangle id="{478d7065-29dd-455c-b084-09919506890d}" name="Rectangle 29184">
           <Point x="-12.500" y="12.500" z="25.000"/>
           <Point x="12.500" y="12.500" z="25.000"/>
           <Point x="12.500" y="-12.500" z="25.000"/>
           <Point x="-12.500" y="-12.500" z="25.000"/>
          </Rectangle>
          <SourceSurfacic id="{b135ba76-100c-481a-818e-cb480e87d200}" name="Source surfacique 2386">
           <nbSrcs>0</nbSrcs>
           <densiteSrcsH>5</densiteSrcsH>
           <densiteSrcsV>5</densiteSrcsV>
           <srcsCorr>0</srcsCorr>
          </SourceSurfacic>
         </AcousticCircle>
         <AcousticCircle id="{258cdc64-51c8-4f7f-ba6c-5866409c72a2}" name="Cercle acoustique 29">
          <Color g="0.262745" r="1" b="0.521569"/>
          <densiteSrcsH>5</densiteSrcsH>
          <densiteSrcsV>5</densiteSrcsV>
          <curRegime>0</curRegime>
          <nbRegimes>1</nbRegimes>
          <nextRegime>1</nextRegime>
          <Regime id="{e10764ce-0a57-4469-8b7a-31ab261aec07}" name="RÃÂÃÂÃÂÃÂÃÂÃÂÃÂÃÂÃÂÃÂÃÂÃÂÃÂÃÂÃÂÃÂÃÂÃÂÃÂÃÂÃÂÃÂÃÂÃÂÃÂÃÂÃÂÃÂÃÂÃÂÃÂÃÂÃÂÃÂÃÂÃÂÃÂÃÂÃÂÃÂÃÂÃÂÃÂÃÂÃÂÃÂÃÂÃÂÃÂÃÂÃÂÃÂÃÂÃÂÃÂÃÂÃÂÃÂÃÂÃÂÃÂÃÂÃÂÃÂ©gime 0">
           <isRayonnant>1</isRayonnant>
           <useAtt>0</useAtt>
           <typeDistribution>0</typeDistribution>
          </Regime>
          <isSub>0</isSub>
          <Rectangle id="{6fd898a9-1c63-476c-8875-2d8abdf6e07a}" name="Rectangle 29186">
           <Point x="-12.500" y="-12.500" z="-25.000"/>
           <Point x="12.500" y="-12.500" z="-25.000"/>
           <Point x="12.500" y="12.500" z="-25.000"/>
           <Point x="-12.500" y="12.500" z="-25.000"/>
          </Rectangle>
          <SourceSurfacic id="{98beed43-d5fd-414e-8b87-7f97fa161235}" name="Source surfacique 2387">
           <nbSrcs>0</nbSrcs>
           <densiteSrcsH>5</densiteSrcsH>
           <densiteSrcsV>5</densiteSrcsV>
           <srcsCorr>0</srcsCorr>
          </SourceSurfacic>
         </AcousticCircle>
        </AcousticCylinder>
       </GeometryNode>
      </Batiment>
     </GeometryNode>
     <GeometryNode id="{d5efaa35-e291-4d69-8d23-bb0e85b81cb7}" name="">
      <hauteur>0.000</hauteur>
      <Repere id="{12508bba-1045-4fc2-a808-7c5c80ec4971}" name="">
       <Point x="0.000000000000" y="0.000000000000" z="0.000000000000"/>
       <Vector x="1.000000000000" y="0.000000000000" z="0.000000000000"/>
       <Vector x="0.000000000000" y="1.000000000000" z="0.000000000000"/>
       <Vector x="0.000000000000" y="0.000000000000" z="1.000000000000"/>
      </Repere>
      <Batiment id="{133f52d9-d74b-467a-b7f8-7ffbc6daadd5}" name="ECRAN">
       <Color g="0.329412" r="0.666667" b="0"/>
       <densiteSrcsH>0</densiteSrcsH>
       <densiteSrcsV>0</densiteSrcsV>
       <curRegime>0</curRegime>
       <nbRegimes>1</nbRegimes>
       <nextRegime>1</nextRegime>
       <Regime id="{9c5e51de-1618-4b3d-a5b5-12eb0e05c144}" name="RÃÂÃÂÃÂÃÂÃÂÃÂÃÂÃÂÃÂÃÂÃÂÃÂÃÂÃÂÃÂÃÂÃÂÃÂÃÂÃÂÃÂÃÂÃÂÃÂÃÂÃÂÃÂÃÂÃÂÃÂÃÂÃÂÃÂÃÂÃÂÃÂÃÂÃÂÃÂÃÂÃÂÃÂÃÂÃÂÃÂÃÂÃÂÃÂÃÂÃÂÃÂÃÂÃÂÃÂÃÂÃÂÃÂÃÂÃÂÃÂÃÂÃÂÃÂÃÂ©gime 0">
        <isRayonnant>0</isRayonnant>
        <useAtt>0</useAtt>
        <typeDistribution>0</typeDistribution>
       </Regime>
       <nbChild>1</nbChild>
       <GeometryNode id="{d42604be-b32b-4a98-a940-2064cbf2f508}" name="">
        <hauteur>0.000</hauteur>
        <Repere id="{ee88e0c3-c014-43fb-a2f9-35a404a00081}" name="RepÃÂÃÂÃÂÃÂÃÂÃÂÃÂÃÂÃÂÃÂÃÂÃÂÃÂÃÂÃÂÃÂÃÂÃÂÃÂÃÂÃÂÃÂÃÂÃÂÃÂÃÂÃÂÃÂÃÂÃÂÃÂÃÂÃÂÃÂÃÂÃÂÃÂÃÂÃÂÃÂÃÂÃÂÃÂÃÂÃÂÃÂÃÂÃÂÃÂÃÂÃÂÃÂÃÂÃÂÃÂÃÂÃÂÃÂÃÂÃÂÃÂÃÂÃÂÃÂ¨re 111583">
         <Point x="-2.500000000000" y="75.000000000000" z="0.000000000000"/>
         <Vector x="1.000000000000" y="0.000000000000" z="0.000000000000"/>
         <Vector x="0.000000000000" y="1.000000000000" z="0.000000000000"/>
         <Vector x="0.000000000000" y="0.000000000000" z="1.000000000000"/>
        </Repere>
        <Ecran id="{6ab7289b-1e3c-45d8-b0f5-1f925b3a3a2e}" name="PAROI">
         <Color g="0.329412" r="0.666667" b="0"/>
         <densiteSrcsH>0</densiteSrcsH>
         <densiteSrcsV>0</densiteSrcsV>
         <curRegime>0</curRegime>
         <nbRegimes>1</nbRegimes>
         <nextRegime>1</nextRegime>
         <Regime id="{6e527dfd-83a7-475c-9a58-bc72ef860d83}" name="RÃÂÃÂÃÂÃÂÃÂÃÂÃÂÃÂÃÂÃÂÃÂÃÂÃÂÃÂÃÂÃÂÃÂÃÂÃÂÃÂÃÂÃÂÃÂÃÂÃÂÃÂÃÂÃÂÃÂÃÂÃÂÃÂÃÂÃÂÃÂÃÂÃÂÃÂÃÂÃÂÃÂÃÂÃÂÃÂÃÂÃÂÃÂÃÂÃÂÃÂÃÂÃÂÃÂÃÂÃÂÃÂÃÂÃÂÃÂÃÂÃÂÃÂÃÂÃÂ©gime 0">
          <isRayonnant>1</isRayonnant>
          <useAtt>0</useAtt>
          <typeDistribution>0</typeDistribution>
         </Regime>
         <MateriauConstruction id="{099e5231-2ccc-485b-950d-c27ab4c99b7b}" name="MatÃÂÃÂÃÂÃÂÃÂÃÂÃÂÃÂÃÂÃÂÃÂÃÂÃÂÃÂÃÂÃÂÃÂÃÂÃÂÃÂÃÂÃÂÃÂÃÂÃÂÃÂÃÂÃÂÃÂÃÂÃÂÃÂÃÂÃÂÃÂÃÂÃÂÃÂÃÂÃÂÃÂÃÂÃÂÃÂÃÂÃÂÃÂÃÂÃÂÃÂÃÂÃÂÃÂÃÂÃÂÃÂÃÂÃÂÃÂÃÂÃÂÃÂÃÂÃÂ©riau de construction 4490">
          <masseVol>2500</masseVol>
          <Spectre id="{b37829d1-b1a9-4401-be60-c0320bbf0869}" name="Spectre 31">
           <type>0</type>
           <fMin>16</fMin>
           <fMax>16000</fMax>
           <freqTab form="0">15.000 15.000 15.000 15.000 15.000 15.000 15.000 15.000 15.000 15.000 15.000 15.000 15.000 15.000 15.000 15.000 15.000 15.000 15.000 15.000 15.000 15.000 15.000 15.000 15.000 15.000 15.000 15.000 15.000 15.000 15.000</freqTab>
          </Spectre>
          <Spectre id="{0e335688-fe99-49d0-8274-ca52cf4cea04}" name="Spectre 33">
           <type>1</type>
           <fMin>16</fMin>
           <fMax>16000</fMax>
           <freqTab form="0">0.200 0.200 0.200 0.200 0.200 0.200 0.200 0.200 0.200 0.200 0.200 0.200 0.200 0.200 0.200 0.200 0.200 0.200 0.200 0.200 0.200 0.200 0.200 0.200 0.200 0.200 0.200 0.200 0.200 0.200 0.200</freqTab>
          </Spectre>
         </MateriauConstruction>
         <forceNormales>0</forceNormales>
         <hauteur>40</hauteur>
         <epaisseur>0.8</epaisseur>
         <squelette>
          <Point x="22.500" y="-1.500" z="0.000"/>
          <Point x="-22.500" y="-1.500" z="0.000"/>
          <Point x="-22.500" y="1.500" z="0.000"/>
          <Point x="22.500" y="1.500" z="0.000"/>
         </squelette>
        </Ecran>
       </GeometryNode>
      </Batiment>
     </GeometryNode>
    </ListBatiment>
    <ListMachine/>
    <ListSource/>
   </Infrastructure>
   <root>1</root>
   <repere>0</repere>
   <SIG_X>0</SIG_X>
   <SIG_Y>0</SIG_Y>
  </SiteNode>
  <PointsControl>
   <PointControl x="115.000" y="0.000" z="0.000" id="{57594958-f247-422d-a3d8-4442271a8b0d}" name="P1">
    <etatCalcul idCalcul="{462711b8-0326-42c4-a6da-acb9b515361f}" Etat="0"/>
    <etatCalcul idCalcul="{924c5c14-6f2e-4200-874d-21b14a45c357}" Etat="1"/>
    <Spectre idCalcul="{924c5c14-6f2e-4200-874d-21b14a45c357}" id="{90a021cb-6c58-465d-acb5-d0e3c3094d2f}" name="">
     <type>3</type>
     <fMin>16</fMin>
     <fMax>16000</fMax>
     <freqTab form="0">-250.1 -250.1 -250.1 -250.1 -250.2 -250.1 -250.2 -250.2 -250.2 -250.2 -250.2 -250.3 -250.3 -250.4 -250.5 -250.6 -250.7 -250.8 -250.9 -251.0 -251.2 -251.4 -251.8 -252.4 -253.3 -254.7 -256.8 -260.1 -265.2 -272.9 -284.5</freqTab>
    </Spectre>
    <Color g="0" r="0.333333" b="1"/>
    <hauteur>0.000</hauteur>
    <formeObjet>0</formeObjet>
   </PointControl>
   <PointControl x="-15.000" y="90.000" z="0.000" id="{bb8938b1-fb57-421e-90f2-14a25b2d5951}" name="P2">
    <etatCalcul idCalcul="{462711b8-0326-42c4-a6da-acb9b515361f}" Etat="0"/>
    <etatCalcul idCalcul="{924c5c14-6f2e-4200-874d-21b14a45c357}" Etat="1"/>
    <Spectre idCalcul="{924c5c14-6f2e-4200-874d-21b14a45c357}" id="{1c7619d1-24b9-4403-933a-116396c214e4}" name="">
     <type>3</type>
     <fMin>16</fMin>
     <fMax>16000</fMax>
     <freqTab form="0">-258.4 -259.3 -260.0 -260.8 -261.6 -262.3 -263.3 -264.0 -264.6 -265.0 -265.5 -265.9 -266.2 -266.6 -266.9 -267.1 -267.4 -267.6 -267.7 -267.9 -268.1 -268.4 -268.9 -269.5 -270.5 -271.9 -274.2 -277.7 -282.9 -290.7 -302.1</freqTab>
    </Spectre>
    <Color g="0" r="0.333333" b="1"/>
    <hauteur>0.000</hauteur>
    <formeObjet>0</formeObjet>
   </PointControl>
   <PointControl x="-60.000" y="-30.000" z="0.000" id="{93db26fd-39d7-47e6-a5b8-0cef94adee3b}" name="P3">
    <etatCalcul idCalcul="{462711b8-0326-42c4-a6da-acb9b515361f}" Etat="0"/>
    <etatCalcul idCalcul="{924c5c14-6f2e-4200-874d-21b14a45c357}" Etat="1"/>
    <Spectre idCalcul="{924c5c14-6f2e-4200-874d-21b14a45c357}" id="{8b5e6819-775c-47ef-a905-bd2095df8edd}" name="">
     <type>3</type>
     <fMin>16</fMin>
     <fMax>16000</fMax>
     <freqTab form="0">-246.7 -246.7 -246.7 -246.7 -246.7 -246.7 -246.7 -246.7 -246.8 -246.8 -246.8 -246.8 -246.8 -246.9 -246.9 -247.0 -247.1 -247.1 -247.2 -247.3 -247.4 -247.6 -247.8 -248.2 -248.8 -249.7 -251.1 -253.2 -256.5 -261.5 -268.9</freqTab>
    </Spectre>
    <Color g="0" r="0.333333" b="1"/>
    <hauteur>0.000</hauteur>
    <formeObjet>0</formeObjet>
   </PointControl>
  </PointsControl>
  <Calcul isUpTodate="1" id="{924c5c14-6f2e-4200-874d-21b14a45c357}" name="Calcul 1">
   <numero>1</numero>
   <auteur>Auteur</auteur>
   <dateCreation>2004-10-28</dateCreation>
   <dateModif>2004-10-28</dateModif>
   <comment>Commentaire</comment>
   <solverId>{a98b320c-44c4-47a9-b689-1dd352daa8b2}</solverId>
   <etat>1</etat>
   <expansGeo>0</expansGeo>
   <useSol>1</useSol>
   <typeCalculSol>0</typeCalculSol>
   <condFav>0</condFav>
   <useVegetation>0</useVegetation>
   <useAtmosphere>1</useAtmosphere>
   <useEcran>1</useEcran>
   <calculTrajetHorizontaux>1</calculTrajetHorizontaux>
   <useReflexion>0</useReflexion>
   <interference>0</interference>
   <h1>10</h1>
   <distanceSRMin>0.3</distanceSRMin>
   <freqMinSpectre>16</freqMinSpectre>
   <freqMaxSpectre>16000</freqMaxSpectre>
   <ListID>
    <Element id="{190a3a19-7379-4288-a376-6d3dbc5023df}"/>
    <Element id="{3ef8cba0-00bb-467e-8a69-5a03bb2edc18}"/>
    <Element id="{51583e28-488e-4926-9136-a3f4adfc3344}"/>
    <Element id="{c7157376-b7b0-4078-8464-2794db6e14a0}"/>
    <Element id="{bf837f30-ef85-4411-8c9e-f3633a5a5845}"/>
    <Element id="{2fc1bc50-2bb0-46d8-8c56-ba2960c62f9d}"/>
    <Element id="{258cdc64-51c8-4f7f-ba6c-5866409c72a2}"/>
    <Element id="{79261296-f030-43fb-8c8d-5dc00416459f}"/>
    <Element id="{7fb4cea7-0b31-4cb0-9f38-684e256c6d43}"/>
    <Element id="{133f52d9-d74b-467a-b7f8-7ffbc6daadd5}"/>
    <Element id="{d42604be-b32b-4a98-a940-2064cbf2f508}"/>
    <Element id="{6ab7289b-1e3c-45d8-b0f5-1f925b3a3a2e}"/>
   </ListID>
   <EmissionAccVolNodes>
    <EmissionAccVolNode accVolNodeId="{51583e28-488e-4926-9136-a3f4adfc3344}" state="0"/>
    <EmissionAccVolNode accVolNodeId="{190a3a19-7379-4288-a376-6d3dbc5023df}" state="0"/>
    <EmissionAccVolNode accVolNodeId="{3ef8cba0-00bb-467e-8a69-5a03bb2edc18}" state="0"/>
    <EmissionAccVolNode accVolNodeId="{c7157376-b7b0-4078-8464-2794db6e14a0}" state="1"/>
    <EmissionAccVolNode accVolNodeId="{133f52d9-d74b-467a-b7f8-7ffbc6daadd5}" state="0"/>
   </EmissionAccVolNodes>
   <RegimeAccNode>
    <RegimeAccNode accVolNodeId="{51583e28-488e-4926-9136-a3f4adfc3344}" state="0"/>
    <RegimeAccNode accVolNodeId="{190a3a19-7379-4288-a376-6d3dbc5023df}" state="0"/>
    <RegimeAccNode accVolNodeId="{3ef8cba0-00bb-467e-8a69-5a03bb2edc18}" state="0"/>
    <RegimeAccNode accVolNodeId="{c7157376-b7b0-4078-8464-2794db6e14a0}" state="0"/>
    <RegimeAccNode accVolNodeId="{133f52d9-d74b-467a-b7f8-7ffbc6daadd5}" state="0"/>
   </RegimeAccNode>
   <Atmosphere id="{14d94382-8996-437f-9327-6e3bfd6659a9}" name="Atmosphère 1">
    <pression>101325</pression>
    <temperature>20</temperature>
    <hygrometrie>70</hygrometrie>
    <vitVent>0</vitVent>
    <dirVent>0</dirVent>
    <A>0</A>
    <B>0</B>
    <C>5e-06</C>
    <D>0</D>
    <stability_class>0</stability_class>
    <Spectre id="{597e027c-003a-4712-9ab7-096b01eab9a6}" name="Spectre 1">
     <type>0</type>
     <fMin>16</fMin>
     <fMax>16000</fMax>
     <freqTab form="0">0.00001 0.00001 0.00001 0.00002 0.00004 0.00006 0.00009 0.00014 0.00022 0.00034 0.00052 0.00078 0.00113 0.00160 0.00216 0.00280 0.00348 0.00419 0.00498 0.00592 0.00718 0.00902 0.01180 0.01613 0.02291 0.03358 0.05035 0.07662 0.11751 0.18053 0.27624</freqTab>
    </Spectre>
   </Atmosphere>
   <Resultat id="{72868aaf-0cae-43ea-84ed-d2e86bf35560}" name="RÃÂÃÂÃÂÃÂÃÂÃÂÃÂÃÂÃÂÃÂÃÂÃÂÃÂÃÂÃÂÃÂÃÂÃÂÃÂÃÂÃÂÃÂÃÂÃÂÃÂÃÂÃÂÃÂÃÂÃÂÃÂÃÂÃÂÃÂÃÂÃÂÃÂÃÂÃÂÃÂÃÂÃÂÃÂÃÂÃÂÃÂÃÂÃÂÃÂÃÂÃÂÃÂÃÂÃÂÃÂÃÂÃÂÃÂÃÂÃÂÃÂÃÂÃÂÃÂ©sultat 105">
    <ListSources>
     <Source srcId="{c7157376-b7b0-4078-8464-2794db6e14a0}" index="0"/>
    </ListSources>
    <ListRecepteurs>
     <Recepteur recId="{93db26fd-39d7-47e6-a5b8-0cef94adee3b}" index="2"/>
     <Recepteur recId="{57594958-f247-422d-a3d8-4442271a8b0d}" index="0"/>
     <Recepteur recId="{bb8938b1-fb57-421e-90f2-14a25b2d5951}" index="1"/>
    </ListRecepteurs>
    <ListSpectres>
     <SpectreInd indexRec="0" indexSrc="0">
      <Spectre id="{b06443be-8dfc-431a-8099-aee5b43ce8db}" name="Spectre 801">
       <type>3</type>
       <fMin>16</fMin>
       <fMax>16000</fMax>
       <freqTab form="0">-250.1 -250.1 -250.1 -250.1 -250.2 -250.1 -250.2 -250.2 -250.2 -250.2 -250.2 -250.3 -250.3 -250.4 -250.5 -250.6 -250.7 -250.8 -250.9 -251.0 -251.2 -251.4 -251.8 -252.4 -253.3 -254.7 -256.8 -260.1 -265.2 -272.9 -284.5</freqTab>
      </Spectre>
     </SpectreInd>
     <SpectreInd indexRec="1" indexSrc="0">
      <Spectre id="{b06443be-8dfc-431a-8099-aee5b43ce8db}" name="Spectre 801">
       <type>3</type>
       <fMin>16</fMin>
       <fMax>16000</fMax>
       <freqTab form="0">-258.4 -259.3 -260.0 -260.8 -261.6 -262.3 -263.3 -264.0 -264.6 -265.0 -265.5 -265.9 -266.2 -266.6 -266.9 -267.1 -267.4 -267.6 -267.7 -267.9 -268.1 -268.4 -268.9 -269.5 -270.5 -271.9 -274.2 -277.7 -282.9 -290.7 -302.1</freqTab>
      </Spectre>
     </SpectreInd>
     <SpectreInd indexRec="2" indexSrc="0">
      <Spectre id="{b06443be-8dfc-431a-8099-aee5b43ce8db}" name="Spectre 801">
       <type>3</type>
       <fMin>16</fMin>
       <fMax>16000</fMax>
       <freqTab form="0">-246.7 -246.7 -246.7 -246.7 -246.7 -246.7 -246.7 -246.7 -246.8 -246.8 -246.8 -246.8 -246.8 -246.9 -246.9 -247.0 -247.1 -247.1 -247.2 -247.3 -247.4 -247.6 -247.8 -248.2 -248.8 -249.7 -251.1 -253.2 -256.5 -261.5 -268.9</freqTab>
      </Spectre>
     </SpectreInd>
    </ListSpectres>
    <ListLw>
     <SourceLw srcId="{c7157376-b7b0-4078-8464-2794db6e14a0}">
      <Spectre id="{ab74f92e-407f-41ab-b940-4679ca4755e0}" name="">
       <type>2</type>
       <fMin>16</fMin>
       <fMax>16000</fMax>
       <freqTab form="0">-197.0 -197.0 -197.0 -197.0 -197.0 -197.0 -197.0 -197.0 -197.0 -197.0 -197.0 -197.0 -197.0 -197.0 -197.0 -197.0 -197.0 -197.0 -197.0 -197.0 -197.0 -197.0 -197.0 -197.0 -197.0 -197.0 -197.0 -197.0 -197.0 -197.0 -197.0</freqTab>
      </Spectre>
     </SourceLw>
    </ListLw>
   </Resultat>
  </Calcul>
 </Projet>
</Tympan>
