<?xml version="1.0" encoding="ISO-8859-1" standalone="no"?>
<!DOCTYPE Tympan SYSTEM 'Tympan.dtd'>
<Tympan>
 <Version>3.10.0 - GNU GPL version 3 - http://www.gnu.org/licenses/gpl.html</Version>
 <Projet id="{51583e28-488e-4926-9136-a3f4adfc3344}" name="Projet 0">
  <auteur></auteur>
  <dateCreation>2004-10-28</dateCreation>
  <dateModif>2004-10-28</dateModif>
  <comment></comment>
  <delaunayTolerence>0.001</delaunayTolerence>
  <distMaxBetweenPoints>50</distMaxBetweenPoints>
  <useDefGeomVal>1</useDefGeomVal>
  <currentCalculID>{924c5c14-6f2e-4200-874d-21b14a45c357}</currentCalculID>
  <SiteNode id="{3ef8cba0-00bb-467e-8a69-5a03bb2edc18}" name="Site 0">
   <echelle>1</echelle>
   <useEmpriseAsCrbNiv>0</useEmpriseAsCrbNiv>
   <useTopoFile>0</useTopoFile>
   <topoFile></topoFile>
   <altiEmprise>0</altiEmprise>
   <Segment id="{67e37ae1-2928-432b-8e7b-b044e3228367}" name="Segment 0">
    <Color g="1" r="1" b="1"/>
    <Point x="0.000" y="0.000" z="0.000"/>
    <Point x="0.000" y="1.000" z="0.000"/>
   </Segment>
   <Point x="0.000" y="0.000" z="0.000"/>
   <Topographie id="{100ae6d1-5cfd-447e-a658-11a76a4e7daa}" name="Topographie 0">
    <Emprise>
     <Point x="-835.000" y="488.000" z="0.000"/>
     <Point x="-843.000" y="-878.000" z="0.000"/>
     <Point x="788.000" y="-870.000" z="0.000"/>
     <Point x="781.000" y="769.000" z="0.000"/>
     <Point x="-812.000" y="738.000" z="0.000"/>
    </Emprise>
    <ListCrbNiv/>
    <ListTerrain>
     <GeometryNode id="{a9375b54-3826-4af4-9423-97aae8df2931}" name="">
      <hauteur>0.000</hauteur>
      <Repere id="{e84e8496-7397-45bd-a951-708fc9ab117e}" name="Repère 5">
       <Point x="0.000000000000" y="0.000000000000" z="0.000000000000"/>
       <Vector x="1.000000000000" y="0.000000000000" z="0.000000000000"/>
       <Vector x="0.000000000000" y="1.000000000000" z="0.000000000000"/>
       <Vector x="0.000000000000" y="0.000000000000" z="1.000000000000"/>
      </Repere>
      <Terrain id="{f494dd78-d777-414f-8f95-3fdd57d62954}" name="Terrain par defaut">
       <Color g="0.333333" r="0" b="0"/>
       <Sol id="{473bba11-ae82-4c06-a218-caefd30e37cc}" name="Sol 7">
        <resistivite>20000</resistivite>
        <epaisseur>1</epaisseur>
        <active>0</active>
        <miroir>0</miroir>
       </Sol>
       <nbPoints>0</nbPoints>
      </Terrain>
     </GeometryNode>
    </ListTerrain>
    <ListCrsEau/>
    <ListPlanEau/>
    <Altimetrie id="{d946862b-64e6-46f4-952a-16354b8d8bac}" name="Altimétrie 0"/>
    <DefaultTerrain>0</DefaultTerrain>
   </Topographie>
   <Infrastructure id="{190a3a19-7379-4288-a376-6d3dbc5023df}" name="Infrastructure 0">
    <ListRoute/>
    <ListResTrans/>
    <ListBatiment/>
    <ListMachine>
     <GeometryNode id="{494c6c78-5f79-4a53-bdfa-957ec796e4bb}" name="">
      <hauteur>19.000</hauteur>
      <Repere id="{5ee36584-486b-40d7-aeeb-03599d2ba50f}" name="">
       <Point x="0.000000000000" y="0.000000000000" z="19.000000000000"/>
       <Vector x="1.000000000000" y="0.000000000000" z="0.000000000000"/>
       <Vector x="0.000000000000" y="1.000000000000" z="0.000000000000"/>
       <Vector x="0.000000000000" y="0.000000000000" z="1.000000000000"/>
      </Repere>
      <Machine id="{63762f1e-830a-4806-8a2e-9c3425bc373e}" name="MACHINE_CYLINDRIQUE">
       <Color g="1" r="1" b="1"/>
       <densiteSrcsH>5</densiteSrcsH>
       <densiteSrcsV>5</densiteSrcsV>
       <curRegime>0</curRegime>
       <nbRegimes>1</nbRegimes>
       <nextRegime>1</nextRegime>
       <Regime id="{b9cc4d6b-4607-41c6-93fe-ddbce7cf8027}" name="Régime 0">
        <isRayonnant>1</isRayonnant>
        <useAtt>0</useAtt>
        <typeDistribution>1</typeDistribution>
        <Spectre id="{c961ac6d-67e4-4114-b4d0-e134cabc38ac}" name="Spectre 27902">
         <type>2</type>
         <fMin>16</fMin>
         <fMax>16000</fMax>
         <freqTab form="0">100.0 100.0 100.0 100.0 100.0 100.0 100.0 100.0 100.0 100.0 100.0 100.0 100.0 100.0 100.0 100.0 100.0 100.0 100.0 100.0 100.0 100.0 100.0 100.0 100.0 100.0 100.0 100.0 100.0 100.0 100.0</freqTab>
        </Spectre>
       </Regime>
       <nbChild>1</nbChild>
       <GeometryNode id="{4fe031c5-af83-44d2-9a7d-426f8fdaaac6}" name="">
        <hauteur>0.000</hauteur>
        <Repere id="{aee428c2-d1d5-422d-912f-38f2dd63375c}" name="Repère 8396">
         <Point x="0.000000000000" y="0.000000000000" z="1.000000000000"/>
         <Vector x="1.000000000000" y="0.000000000000" z="0.000000000000"/>
         <Vector x="0.000000000000" y="1.000000000000" z="0.000000000000"/>
         <Vector x="0.000000000000" y="0.000000000000" z="1.000000000000"/>
        </Repere>
        <AcousticCylinder id="{3915c005-53cf-4a4d-b2b8-600f7f445a77}" name="Cylindre acoustique 4">
         <Color g="0.258824" r="1" b="0.521569"/>
         <densiteSrcsH>5</densiteSrcsH>
         <densiteSrcsV>5</densiteSrcsV>
         <curRegime>0</curRegime>
         <nbRegimes>1</nbRegimes>
         <nextRegime>1</nextRegime>
         <Regime id="{52534a7c-93fa-45a5-95f2-b92ce01b715a}" name="Régime 0">
          <isRayonnant>1</isRayonnant>
          <useAtt>0</useAtt>
          <typeDistribution>0</typeDistribution>
         </Regime>
         <MateriauConstruction id="{baf69982-823c-4583-a23d-4e2252d053f4}" name="Matériau de construction 2125">
          <masseVol>2500</masseVol>
          <Spectre id="{f291a891-4e91-4217-9354-8f4a4493fb89}" name="">
           <type>0</type>
           <fMin>16</fMin>
           <fMax>16000</fMax>
           <freqTab form="0">15.000 15.000 15.000 15.000 15.000 15.000 15.000 15.000 15.000 15.000 15.000 15.000 15.000 15.000 15.000 15.000 15.000 15.000 15.000 15.000 15.000 15.000 15.000 15.000 15.000 15.000 15.000 15.000 15.000 15.000 15.000</freqTab>
          </Spectre>
          <Spectre id="{e7cd0074-de2e-4174-8703-a32d4352ef98}" name="">
           <type>1</type>
           <fMin>16</fMin>
           <fMax>16000</fMax>
           <freqTab form="0">0.200 0.200 0.200 0.200 0.200 0.200 0.200 0.200 0.200 0.200 0.200 0.200 0.200 0.200 0.200 0.200 0.200 0.200 0.200 0.200 0.200 0.200 0.200 0.200 0.200 0.200 0.200 0.200 0.200 0.200 0.200</freqTab>
          </Spectre>
         </MateriauConstruction>
         <forceNormales>0</forceNormales>
         <AcousticSurface id="{f182a653-9c9f-4228-bb3d-33dd37cce5e0}" name="Surface acoustique 1064">
          <Color g="1" r="1" b="1"/>
          <densiteSrcsH>5</densiteSrcsH>
          <densiteSrcsV>5</densiteSrcsV>
          <curRegime>0</curRegime>
          <nbRegimes>1</nbRegimes>
          <nextRegime>1</nextRegime>
          <Regime id="{45ae9cf5-1276-4ae8-9d91-4f4b570e3d1b}" name="Régime 0">
           <isRayonnant>1</isRayonnant>
           <useAtt>0</useAtt>
           <typeDistribution>0</typeDistribution>
          </Regime>
          <isSub>0</isSub>
          <Rectangle id="{5656cbb2-a5be-455a-bb35-b596ea52563a}" name="Rectangle 77354">
           <Point x="-34.551" y="34.551" z="0.000"/>
           <Point x="34.551" y="34.551" z="0.000"/>
           <Point x="34.551" y="-34.551" z="0.000"/>
           <Point x="-34.551" y="-34.551" z="0.000"/>
          </Rectangle>
          <SourceSurfacic id="{fb9146e2-438a-4022-8cdb-3ed3fc42741b}" name="Source surfacique 1064">
           <nbSrcs>0</nbSrcs>
           <densiteSrcsH>5</densiteSrcsH>
           <densiteSrcsV>5</densiteSrcsV>
           <srcsCorr>0</srcsCorr>
          </SourceSurfacic>
         </AcousticSurface>
         <AcousticCircle id="{c74f408c-e398-4716-aa59-1aaf9fc6ced5}" name="Cercle acoustique 8">
          <Color g="0.262745" r="1" b="0.521569"/>
          <densiteSrcsH>5</densiteSrcsH>
          <densiteSrcsV>5</densiteSrcsV>
          <curRegime>0</curRegime>
          <nbRegimes>1</nbRegimes>
          <nextRegime>1</nextRegime>
          <Regime id="{5ccbec6e-9e69-4a5d-ab60-7d844fc0ccbd}" name="Régime 0">
           <isRayonnant>1</isRayonnant>
           <useAtt>0</useAtt>
           <typeDistribution>0</typeDistribution>
          </Regime>
          <isSub>0</isSub>
          <Rectangle id="{8eb80f2f-b069-419c-b5dd-01a6a15acdf0}" name="Rectangle 77356">
           <Point x="-20.000" y="20.000" z="19.000"/>
           <Point x="20.000" y="20.000" z="19.000"/>
           <Point x="20.000" y="-20.000" z="19.000"/>
           <Point x="-20.000" y="-20.000" z="19.000"/>
          </Rectangle>
          <SourceSurfacic id="{e24e6e63-6931-44f8-be51-16a345d3a3bb}" name="Source surfacique 1065">
           <nbSrcs>0</nbSrcs>
           <densiteSrcsH>5</densiteSrcsH>
           <densiteSrcsV>5</densiteSrcsV>
           <srcsCorr>0</srcsCorr>
          </SourceSurfacic>
         </AcousticCircle>
         <AcousticCircle id="{473ad197-3414-4fa6-9caa-3d3653d1dcbd}" name="Cercle acoustique 9">
          <Color g="0.262745" r="1" b="0.521569"/>
          <densiteSrcsH>5</densiteSrcsH>
          <densiteSrcsV>5</densiteSrcsV>
          <curRegime>0</curRegime>
          <nbRegimes>1</nbRegimes>
          <nextRegime>1</nextRegime>
          <Regime id="{6aa51641-a102-4d1c-a5c1-7b59db963f31}" name="Régime 0">
           <isRayonnant>1</isRayonnant>
           <useAtt>0</useAtt>
           <typeDistribution>0</typeDistribution>
          </Regime>
          <isSub>0</isSub>
          <Rectangle id="{a06910f5-9261-4ecf-b114-2570d5852c42}" name="Rectangle 77358">
           <Point x="-20.000" y="-20.000" z="-19.000"/>
           <Point x="20.000" y="-20.000" z="-19.000"/>
           <Point x="20.000" y="20.000" z="-19.000"/>
           <Point x="-20.000" y="20.000" z="-19.000"/>
          </Rectangle>
          <SourceSurfacic id="{7eff15b3-2147-4ab8-ad0f-4dbe611f4315}" name="Source surfacique 1066">
           <nbSrcs>0</nbSrcs>
           <densiteSrcsH>5</densiteSrcsH>
           <densiteSrcsV>5</densiteSrcsV>
           <srcsCorr>0</srcsCorr>
          </SourceSurfacic>
         </AcousticCircle>
        </AcousticCylinder>
       </GeometryNode>
       <categorie>1</categorie>
       <constructeur>Constructeur</constructeur>
       <modele>Modele</modele>
       <commentaire>Commentaire</commentaire>
      </Machine>
     </GeometryNode>
    </ListMachine>
    <ListSource/>
   </Infrastructure>
   <root>1</root>
   <repere>0</repere>
   <SIG_X>0</SIG_X>
   <SIG_Y>0</SIG_Y>
  </SiteNode>
  <PointsControl>
   <PointControl x="115.000" y="0.000" z="0.000" id="{57594958-f247-422d-a3d8-4442271a8b0d}" name="P1">
    <etatCalcul idCalcul="{462711b8-0326-42c4-a6da-acb9b515361f}" Etat="0"/>
    <etatCalcul idCalcul="{924c5c14-6f2e-4200-874d-21b14a45c357}" Etat="1"/>
    <Spectre idCalcul="{924c5c14-6f2e-4200-874d-21b14a45c357}" id="{9f1f02ef-2054-479d-b5a0-f41b8247b394}" name="">
     <type>3</type>
     <fMin>16</fMin>
     <fMax>16000</fMax>
     <freqTab form="0">53.5 53.4 53.5 53.5 53.5 53.5 53.5 53.4 53.4 53.4 53.3 53.3 53.2 53.2 53.1 53.0 52.9 52.7 52.6 52.4 52.1 51.7 51.2 50.5 49.5 48.1 46.1 43.0 38.4 31.4 21.1</freqTab>
    </Spectre>
    <Color g="0" r="0.333333" b="1"/>
    <hauteur>0.000</hauteur>
    <formeObjet>0</formeObjet>
   </PointControl>
   <PointControl x="-15.000" y="90.000" z="0.000" id="{bb8938b1-fb57-421e-90f2-14a25b2d5951}" name="P2">
    <etatCalcul idCalcul="{462711b8-0326-42c4-a6da-acb9b515361f}" Etat="0"/>
    <etatCalcul idCalcul="{924c5c14-6f2e-4200-874d-21b14a45c357}" Etat="1"/>
    <Spectre idCalcul="{924c5c14-6f2e-4200-874d-21b14a45c357}" id="{e261d0fd-37a3-4139-84a8-48209ecaf60b}" name="">
     <type>3</type>
     <fMin>16</fMin>
     <fMax>16000</fMax>
     <freqTab form="0">55.4 55.3 55.3 55.4 55.3 55.3 55.3 55.3 55.2 55.2 55.2 55.2 55.1 55.1 55.0 54.9 54.8 54.7 54.6 54.4 54.2 53.9 53.5 52.9 52.1 50.9 49.3 46.9 43.2 37.8 29.7</freqTab>
    </Spectre>
    <Color g="0" r="0.333333" b="1"/>
    <hauteur>0.000</hauteur>
    <formeObjet>0</formeObjet>
   </PointControl>
   <PointControl x="-60.000" y="-30.000" z="0.000" id="{93db26fd-39d7-47e6-a5b8-0cef94adee3b}" name="P3">
    <etatCalcul idCalcul="{462711b8-0326-42c4-a6da-acb9b515361f}" Etat="0"/>
    <etatCalcul idCalcul="{924c5c14-6f2e-4200-874d-21b14a45c357}" Etat="1"/>
    <Spectre idCalcul="{924c5c14-6f2e-4200-874d-21b14a45c357}" id="{66a911c4-7a60-415f-a81d-71f081ce750f}" name="">
     <type>3</type>
     <fMin>16</fMin>
     <fMax>16000</fMax>
     <freqTab form="0">57.7 57.6 57.6 57.7 57.6 57.6 57.6 57.6 57.5 57.6 57.5 57.5 57.5 57.4 57.4 57.3 57.2 57.2 57.1 56.9 56.8 56.5 56.2 55.7 55.1 54.2 53.0 51.2 48.5 44.6 38.8</freqTab>
    </Spectre>
    <Color g="0" r="0.333333" b="1"/>
    <hauteur>0.000</hauteur>
    <formeObjet>0</formeObjet>
   </PointControl>
  </PointsControl>
  <Calcul isUpTodate="1" id="{924c5c14-6f2e-4200-874d-21b14a45c357}" name="Calcul 1">
   <numero>1</numero>
   <auteur>Auteur</auteur>
   <dateCreation>2004-10-28</dateCreation>
   <dateModif>2004-10-28</dateModif>
   <comment>Commentaire</comment>
   <solverId>{a98b320c-44c4-47a9-b689-1dd352daa8b2}</solverId>
   <etat>1</etat>
   <expansGeo>0</expansGeo>
   <useSol>1</useSol>
   <typeCalculSol>0</typeCalculSol>
   <condFav>0</condFav>
   <useVegetation>0</useVegetation>
   <useAtmosphere>1</useAtmosphere>
   <useEcran>1</useEcran>
   <calculTrajetHorizontaux>1</calculTrajetHorizontaux>
   <useReflexion>0</useReflexion>
   <interference>1</interference>
   <h1>10</h1>
   <distanceSRMin>0.1</distanceSRMin>
   <freqMinSpectre>16</freqMinSpectre>
   <freqMaxSpectre>16000</freqMaxSpectre>
   <ListID>
    <Element id="{190a3a19-7379-4288-a376-6d3dbc5023df}"/>
    <Element id="{3ef8cba0-00bb-467e-8a69-5a03bb2edc18}"/>
    <Element id="{51583e28-488e-4926-9136-a3f4adfc3344}"/>
    <Element id="{63762f1e-830a-4806-8a2e-9c3425bc373e}"/>
    <Element id="{4fe031c5-af83-44d2-9a7d-426f8fdaaac6}"/>
    <Element id="{c74f408c-e398-4716-aa59-1aaf9fc6ced5}"/>
    <Element id="{473ad197-3414-4fa6-9caa-3d3653d1dcbd}"/>
    <Element id="{f182a653-9c9f-4228-bb3d-33dd37cce5e0}"/>
    <Element id="{3915c005-53cf-4a4d-b2b8-600f7f445a77}"/>
   </ListID>
   <EmissionAccVolNodes>
    <EmissionAccVolNode accVolNodeId="{63762f1e-830a-4806-8a2e-9c3425bc373e}" state="1"/>
    <EmissionAccVolNode accVolNodeId="{190a3a19-7379-4288-a376-6d3dbc5023df}" state="0"/>
    <EmissionAccVolNode accVolNodeId="{3ef8cba0-00bb-467e-8a69-5a03bb2edc18}" state="0"/>
    <EmissionAccVolNode accVolNodeId="{51583e28-488e-4926-9136-a3f4adfc3344}" state="0"/>
   </EmissionAccVolNodes>
   <RegimeAccNode>
    <RegimeAccNode accVolNodeId="{63762f1e-830a-4806-8a2e-9c3425bc373e}" state="0"/>
    <RegimeAccNode accVolNodeId="{190a3a19-7379-4288-a376-6d3dbc5023df}" state="0"/>
    <RegimeAccNode accVolNodeId="{3ef8cba0-00bb-467e-8a69-5a03bb2edc18}" state="0"/>
    <RegimeAccNode accVolNodeId="{51583e28-488e-4926-9136-a3f4adfc3344}" state="0"/>
   </RegimeAccNode>
   <Atmosphere id="{9cdda47c-e865-424e-af50-c4245e4c0d4d}" name="Atmosphère 1">
    <pression>101325</pression>
    <temperature>20</temperature>
    <hygrometrie>70</hygrometrie>
    <vitVent>0</vitVent>
    <dirVent>0</dirVent>
    <A>0</A>
    <B>0</B>
    <C>5e-06</C>
    <D>0</D>
    <stability_class>0</stability_class>
    <Spectre id="{bb6face4-3414-4977-bb78-d5ad352ca386}" name="Spectre 1">
     <type>0</type>
     <fMin>16</fMin>
     <fMax>16000</fMax>
     <freqTab form="0">0.00001 0.00001 0.00001 0.00002 0.00004 0.00006 0.00009 0.00014 0.00022 0.00034 0.00052 0.00078 0.00113 0.00160 0.00216 0.00280 0.00348 0.00419 0.00498 0.00592 0.00718 0.00902 0.01180 0.01613 0.02291 0.03358 0.05035 0.07662 0.11751 0.18053 0.27624</freqTab>
    </Spectre>
   </Atmosphere>
   <Resultat id="{4658bd23-b4b4-42dc-9235-105393f0e7b2}" name="Résultat 1">
    <ListSources>
     <Source srcId="{63762f1e-830a-4806-8a2e-9c3425bc373e}" index="0"/>
    </ListSources>
    <ListRecepteurs>
     <Recepteur recId="{93db26fd-39d7-47e6-a5b8-0cef94adee3b}" index="2"/>
     <Recepteur recId="{57594958-f247-422d-a3d8-4442271a8b0d}" index="0"/>
     <Recepteur recId="{bb8938b1-fb57-421e-90f2-14a25b2d5951}" index="1"/>
    </ListRecepteurs>
    <ListSpectres>
     <SpectreInd indexRec="0" indexSrc="0">
      <Spectre id="{17cb13be-3a60-490b-b548-f04305f98e3b}" name="Spectre 1216">
       <type>3</type>
       <fMin>16</fMin>
       <fMax>16000</fMax>
       <freqTab form="0">53.5 53.4 53.5 53.5 53.5 53.5 53.5 53.4 53.4 53.4 53.3 53.3 53.2 53.2 53.1 53.0 52.9 52.7 52.6 52.4 52.1 51.7 51.2 50.5 49.5 48.1 46.1 43.0 38.4 31.4 21.1</freqTab>
      </Spectre>
     </SpectreInd>
     <SpectreInd indexRec="1" indexSrc="0">
      <Spectre id="{17cb13be-3a60-490b-b548-f04305f98e3b}" name="Spectre 1216">
       <type>3</type>
       <fMin>16</fMin>
       <fMax>16000</fMax>
       <freqTab form="0">55.4 55.3 55.3 55.4 55.3 55.3 55.3 55.3 55.2 55.2 55.2 55.2 55.1 55.1 55.0 54.9 54.8 54.7 54.6 54.4 54.2 53.9 53.5 52.9 52.1 50.9 49.3 46.9 43.2 37.8 29.7</freqTab>
      </Spectre>
     </SpectreInd>
     <SpectreInd indexRec="2" indexSrc="0">
      <Spectre id="{17cb13be-3a60-490b-b548-f04305f98e3b}" name="Spectre 1216">
       <type>3</type>
       <fMin>16</fMin>
       <fMax>16000</fMax>
       <freqTab form="0">57.7 57.6 57.6 57.7 57.6 57.6 57.6 57.6 57.5 57.6 57.5 57.5 57.5 57.4 57.4 57.3 57.2 57.2 57.1 56.9 56.8 56.5 56.2 55.7 55.1 54.2 53.0 51.2 48.5 44.6 38.8</freqTab>
      </Spectre>
     </SpectreInd>
    </ListSpectres>
    <ListLw>
     <SourceLw srcId="{63762f1e-830a-4806-8a2e-9c3425bc373e}">
      <Spectre id="{266ae918-ccfc-4c70-8351-aa250e759ff0}" name="">
       <type>2</type>
       <fMin>16</fMin>
       <fMax>16000</fMax>
       <freqTab form="0">100.0 100.0 100.0 100.0 100.0 100.0 100.0 100.0 100.0 100.0 100.0 100.0 100.0 100.0 100.0 100.0 100.0 100.0 100.0 100.0 100.0 100.0 100.0 100.0 100.0 100.0 100.0 100.0 100.0 100.0 100.0</freqTab>
      </Spectre>
     </SourceLw>
    </ListLw>
   </Resultat>
  </Calcul>
 </Projet>
</Tympan>
