13;1;2
7;0;4
10;8;4
0;1;4
3;7;11
4;1;5
13;11;12
10;4;5
11;7;6
3;0;7
9;8;10
7;4;8
7;9;6
7;8;9
6;10;5
6;9;10
12;11;6
2;3;11
5;12;6
13;2;11
5;13;12
5;1;13
14;15;16
14;16;17
18;19;20
18;20;21
22;23;24
22;24;25
26;27;28
26;28;29
33;31;32
30;31;33
34;35;36
37;34;36
