<?xml version="1.0" encoding="ISO-8859-1" standalone="no"?>
<!DOCTYPE Tympan SYSTEM 'Tympan.dtd'>
<Tympan>
 <Version>3.10.0 - GNU GPL version 3 - http://www.gnu.org/licenses/gpl.html</Version>
 <Projet id="{2b09314d-9425-4c44-b927-d6779b5941d4}" name="Projet 0">
  <auteur></auteur>
  <dateCreation>2001-10-01</dateCreation>
  <dateModif>2001-10-01</dateModif>
  <comment></comment>
  <delaunayTolerence>0.001</delaunayTolerence>
  <distMaxBetweenPoints>50</distMaxBetweenPoints>
  <useDefGeomVal>1</useDefGeomVal>
  <currentCalculID>{245233a4-ebac-492b-853d-3c907e61d456}</currentCalculID>
  <SiteNode id="{ae53af23-7b95-479d-9e9b-f135d2f9dd50}" name="Site 0">
   <echelle>1</echelle>
   <useEmpriseAsCrbNiv>0</useEmpriseAsCrbNiv>
   <useTopoFile>0</useTopoFile>
   <topoFile></topoFile>
   <altiEmprise>0</altiEmprise>
   <Segment id="{b8bd1cb8-9b37-41fc-9068-3e005023c88f}" name="Segment 0">
    <Color g="1" r="1" b="1"/>
    <Point x="0.000" y="0.000" z="0.000"/>
    <Point x="0.000" y="1.000" z="0.000"/>
   </Segment>
   <Point x="0.000" y="0.000" z="0.000"/>
   <Topographie id="{37aaea82-e2c6-4547-a892-561e61f09ccf}" name="Topographie 0">
    <Emprise>
     <Point x="-100.000" y="100.000" z="0.000"/>
     <Point x="100.000" y="100.000" z="0.000"/>
     <Point x="100.000" y="-100.000" z="0.000"/>
     <Point x="-100.000" y="-100.000" z="0.000"/>
    </Emprise>
    <ListCrbNiv/>
    <ListTerrain>
     <GeometryNode id="{da941877-8486-4e0b-9ff0-8276514efea3}" name="">
      <hauteur>0.000</hauteur>
      <Repere id="{abdf0c8e-88b7-4268-b668-2c226b28240f}" name="Repère 5">
       <Point x="0.000000000000" y="0.000000000000" z="0.000000000000"/>
       <Vector x="1.000000000000" y="0.000000000000" z="0.000000000000"/>
       <Vector x="0.000000000000" y="1.000000000000" z="0.000000000000"/>
       <Vector x="0.000000000000" y="0.000000000000" z="1.000000000000"/>
      </Repere>
      <Terrain id="{73f477c6-4810-481c-b70b-60ed7faf742b}" name="Terrain par defaut">
       <Color g="0.333333" r="0" b="0"/>
       <Sol id="{a221695a-8559-4644-965f-18c364376822}" name="Sol 7">
        <resistivite>3</resistivite>
        <epaisseur>1</epaisseur>
        <active>0</active>
        <miroir>0</miroir>
       </Sol>
       <nbPoints>0</nbPoints>
      </Terrain>
     </GeometryNode>
    </ListTerrain>
    <ListCrsEau/>
    <ListPlanEau/>
    <Altimetrie id="{09e0070e-2e49-45f3-91c6-6f643a7c4158}" name="Altimétrie 0"/>
    <DefaultTerrain>0</DefaultTerrain>
   </Topographie>
   <Infrastructure id="{84d9e731-5ea1-4f33-bfad-a381db43991f}" name="Infrastructure 0">
    <ListRoute/>
    <ListResTrans/>
    <ListBatiment/>
    <ListMachine>
     <GeometryNode id="{c159bbf5-eae4-45e6-946e-76dc1ed2a1f5}" name="">
      <hauteur>5000.000</hauteur>
      <Repere id="{eb7028f6-ce71-4d3b-87d8-e0ff875898ca}" name="">
       <Point x="1.000000000000" y="1.000000000000" z="5000.000000000000"/>
       <Vector x="1.000000000000" y="0.000000000000" z="0.000000000000"/>
       <Vector x="0.000000000000" y="1.000000000000" z="0.000000000000"/>
       <Vector x="0.000000000000" y="0.000000000000" z="1.000000000000"/>
      </Repere>
      <Machine id="{5ab41dd6-bf55-4446-8141-1dbbcde1bcad}" name="1 Face rayonnante">
       <Color g="1" r="1" b="1"/>
       <densiteSrcsH>10</densiteSrcsH>
       <densiteSrcsV>10</densiteSrcsV>
       <curRegime>0</curRegime>
       <nbRegimes>1</nbRegimes>
       <nextRegime>3</nextRegime>
       <Regime id="{8d677527-1a9c-4d47-a44e-accf31657dcb}" name="regime0">
        <isRayonnant>1</isRayonnant>
        <useAtt>0</useAtt>
        <typeDistribution>0</typeDistribution>
       </Regime>
       <nbChild>1</nbChild>
       <GeometryNode id="{29ef2e03-c271-4714-8ae6-135189b99b50}" name="">
        <hauteur>0.000</hauteur>
        <Repere id="{ace03ed9-0980-411b-bf7e-5f4fbb518c40}" name="Repère 11">
         <Point x="0.000000000000" y="0.000000000000" z="0.500000000000"/>
         <Vector x="1.000000000000" y="0.000000000000" z="0.000000000000"/>
         <Vector x="0.000000000000" y="1.000000000000" z="0.000000000000"/>
         <Vector x="0.000000000000" y="0.000000000000" z="1.000000000000"/>
        </Repere>
        <AcousticBox id="{26a4bdfa-f149-4d60-b573-3408b9e58137}" name="Boîte acoustique 0">
         <Color g="0.0156863" r="0.180392" b="0.721569"/>
         <densiteSrcsH>10</densiteSrcsH>
         <densiteSrcsV>10</densiteSrcsV>
         <curRegime>0</curRegime>
         <nbRegimes>1</nbRegimes>
         <nextRegime>3</nextRegime>
         <Regime id="{8c8af7a5-bb4f-47c3-a24d-e13e31d1431d}" name="regime0">
          <isRayonnant>1</isRayonnant>
          <useAtt>0</useAtt>
          <typeDistribution>0</typeDistribution>
         </Regime>
         <MateriauConstruction id="{6be6f607-9cd1-4196-9ee6-53353f9103cb}" name="Matériau de construction 0">
          <masseVol>2500</masseVol>
          <Spectre id="{ea5a164a-fe35-46f4-9337-83fa49a45b6e}" name="Spectre 28">
           <type>0</type>
           <fMin>16</fMin>
           <fMax>16000</fMax>
           <freqTab form="0">15.000 15.000 15.000 15.000 15.000 15.000 15.000 15.000 15.000 15.000 15.000 15.000 15.000 15.000 15.000 15.000 15.000 15.000 15.000 15.000 15.000 15.000 15.000 15.000 15.000 15.000 15.000 15.000 15.000 15.000 15.000</freqTab>
          </Spectre>
          <Spectre id="{1ea1de9a-b9ac-46ce-96f8-c279c98479a4}" name="Spectre 31">
           <type>1</type>
           <fMin>16</fMin>
           <fMax>16000</fMax>
           <freqTab form="0">0.200 0.200 0.200 0.200 0.200 0.200 0.200 0.200 0.200 0.200 0.200 0.200 0.200 0.200 0.200 0.200 0.200 0.200 0.200 0.200 0.200 0.200 0.200 0.200 0.200 0.200 0.200 0.200 0.200 0.200 0.200</freqTab>
          </Spectre>
         </MateriauConstruction>
         <forceNormales>0</forceNormales>
         <GeometryNode id="{60409918-617a-4368-ae1b-d111f2598004}" name="">
          <hauteur>0.000</hauteur>
          <Repere id="{22896afb-0af7-473e-be60-232c69207bb7}" name="Repère 31">
           <Point x="0.500000000000" y="0.000000000000" z="0.000000000000"/>
           <Vector x="0.000000000000" y="1.000000000000" z="0.000000000000"/>
           <Vector x="0.000000000000" y="0.000000000000" z="1.000000000000"/>
           <Vector x="1.000000000000" y="0.000000000000" z="0.000000000000"/>
          </Repere>
          <AcousticRectangleNode id="{e42ebde3-67e1-4ffe-8e92-ae41bc8b080a}" name="Face 0">
           <Color g="0.0156863" r="0.180392" b="0.721569"/>
           <densiteSrcsH>10</densiteSrcsH>
           <densiteSrcsV>10</densiteSrcsV>
           <curRegime>0</curRegime>
           <nbRegimes>1</nbRegimes>
           <nextRegime>3</nextRegime>
           <Regime id="{a2b4ff63-b533-44e8-94d2-0e8caacd5d19}" name="regime0">
            <isRayonnant>1</isRayonnant>
            <useAtt>0</useAtt>
            <typeDistribution>1</typeDistribution>
            <Spectre id="{38ef6688-4aec-49c3-baf0-860497ac86d5}" name="Spectre 113">
             <type>2</type>
             <fMin>16</fMin>
             <fMax>16000</fMax>
             <freqTab form="0">100.0 100.0 100.0 100.0 100.0 100.0 100.0 100.0 100.0 100.0 100.0 100.0 100.0 100.0 100.0 100.0 100.0 100.0 100.0 100.0 100.0 100.0 100.0 100.0 100.0 100.0 100.0 100.0 100.0 100.0 100.0</freqTab>
            </Spectre>
           </Regime>
           <Rectangle id="{185389fe-6395-4679-a8a7-0246a5b0745b}" name="Rectangle 13">
            <Point x="-0.500" y="0.500" z="0.000"/>
            <Point x="0.500" y="0.500" z="0.000"/>
            <Point x="0.500" y="-0.500" z="0.000"/>
            <Point x="-0.500" y="-0.500" z="0.000"/>
           </Rectangle>
           <nbChild>1</nbChild>
           <GeometryNode id="{199cd1aa-1289-4de9-9d6a-3081031e8015}" name="">
            <hauteur>0.000</hauteur>
            <Repere id="{7d5fedae-81ac-4664-879a-aa5f95c15ece}" name="Repère 180">
             <Point x="0.000000000000" y="0.000000000000" z="0.000000000000"/>
             <Vector x="1.000000000000" y="0.000000000000" z="0.000000000000"/>
             <Vector x="0.000000000000" y="1.000000000000" z="0.000000000000"/>
             <Vector x="0.000000000000" y="0.000000000000" z="1.000000000000"/>
            </Repere>
            <AcousticRectangle id="{7f80d3f6-4c6b-40e5-a12e-c6c2cd6614e1}" name="Sous-face 56">
             <Color g="0.0156863" r="0.180392" b="0.721569"/>
             <densiteSrcsH>10</densiteSrcsH>
             <densiteSrcsV>10</densiteSrcsV>
             <curRegime>0</curRegime>
             <nbRegimes>1</nbRegimes>
             <nextRegime>3</nextRegime>
             <Regime id="{259efe99-7e7f-47b5-b192-4626e04e7861}" name="regime0">
              <isRayonnant>1</isRayonnant>
              <useAtt>0</useAtt>
              <typeDistribution>0</typeDistribution>
             </Regime>
             <isSub>0</isSub>
             <Rectangle id="{22963017-74a0-4ed6-b6b3-f1de7914f939}" name="Rectangle 93">
              <Point x="-0.500" y="0.500" z="0.000"/>
              <Point x="0.500" y="0.500" z="0.000"/>
              <Point x="0.500" y="-0.500" z="0.000"/>
              <Point x="-0.500" y="-0.500" z="0.000"/>
             </Rectangle>
             <SourceSurfacic id="{7228f784-4ce4-42dd-96cc-7a480c746399}" name="Source surfacique 56">
              <nbSrcs>0</nbSrcs>
              <densiteSrcsH>10</densiteSrcsH>
              <densiteSrcsV>10</densiteSrcsV>
              <srcsCorr>0</srcsCorr>
             </SourceSurfacic>
            </AcousticRectangle>
           </GeometryNode>
          </AcousticRectangleNode>
         </GeometryNode>
         <GeometryNode id="{4ebd5bde-1af7-4934-b3ab-7257c4279653}" name="">
          <hauteur>0.000</hauteur>
          <Repere id="{c1ff2287-42a4-4727-91fa-c54462a7b05a}" name="Repère 33">
           <Point x="0.000000000000" y="-0.500000000000" z="0.000000000000"/>
           <Vector x="1.000000000000" y="0.000000000000" z="0.000000000000"/>
           <Vector x="0.000000000000" y="0.000000000000" z="1.000000000000"/>
           <Vector x="0.000000000000" y="-1.000000000000" z="0.000000000000"/>
          </Repere>
          <AcousticRectangleNode id="{9014c1ac-a447-4e76-b697-c8c44e0b364c}" name="Face 1">
           <Color g="0.0156863" r="0.180392" b="0.721569"/>
           <densiteSrcsH>10</densiteSrcsH>
           <densiteSrcsV>10</densiteSrcsV>
           <curRegime>0</curRegime>
           <nbRegimes>1</nbRegimes>
           <nextRegime>3</nextRegime>
           <Regime id="{6838831c-b2f8-4f02-94b1-82175ff7bd37}" name="regime0">
            <isRayonnant>0</isRayonnant>
            <useAtt>0</useAtt>
            <typeDistribution>1</typeDistribution>
            <Spectre id="{9bc5b1b6-8af2-43f7-9a28-4137ab5b9b7c}" name="Spectre 164">
             <type>2</type>
             <fMin>16</fMin>
             <fMax>16000</fMax>
             <freqTab form="0">-200.0 -200.0 -200.0 -200.0 -200.0 -200.0 -200.0 -200.0 -200.0 -200.0 -200.0 -200.0 -200.0 -200.0 -200.0 -200.0 -200.0 -200.0 -200.0 -200.0 -200.0 -200.0 -200.0 -200.0 -200.0 -200.0 -200.0 -200.0 -200.0 -200.0 -200.0</freqTab>
            </Spectre>
           </Regime>
           <Rectangle id="{cf831661-f696-4da6-b9a3-addec457cf20}" name="Rectangle 17">
            <Point x="-0.500" y="0.500" z="0.000"/>
            <Point x="0.500" y="0.500" z="0.000"/>
            <Point x="0.500" y="-0.500" z="0.000"/>
            <Point x="-0.500" y="-0.500" z="0.000"/>
           </Rectangle>
           <nbChild>1</nbChild>
           <GeometryNode id="{9f8cfee1-4ec6-481e-8ca4-8709d6bfe4b1}" name="">
            <hauteur>0.000</hauteur>
            <Repere id="{77bc3e09-f07b-4eb6-98a1-2dc005c770e1}" name="Repère 184">
             <Point x="0.000000000000" y="0.000000000000" z="0.000000000000"/>
             <Vector x="1.000000000000" y="0.000000000000" z="0.000000000000"/>
             <Vector x="0.000000000000" y="1.000000000000" z="0.000000000000"/>
             <Vector x="0.000000000000" y="0.000000000000" z="1.000000000000"/>
            </Repere>
            <AcousticRectangle id="{d4245627-f083-4c3c-b9a7-5df923f6d001}" name="Sous-face 59">
             <Color g="0.0156863" r="0.180392" b="0.721569"/>
             <densiteSrcsH>10</densiteSrcsH>
             <densiteSrcsV>10</densiteSrcsV>
             <curRegime>0</curRegime>
             <nbRegimes>1</nbRegimes>
             <nextRegime>3</nextRegime>
             <Regime id="{e84a0a1f-72f3-4732-b73f-8e5d4009aab8}" name="regime0">
              <isRayonnant>0</isRayonnant>
              <useAtt>0</useAtt>
              <typeDistribution>0</typeDistribution>
             </Regime>
             <isSub>0</isSub>
             <Rectangle id="{9cdc7a79-416b-4d7f-8a17-733d4a58fe89}" name="Rectangle 97">
              <Point x="-0.500" y="0.500" z="0.000"/>
              <Point x="0.500" y="0.500" z="0.000"/>
              <Point x="0.500" y="-0.500" z="0.000"/>
              <Point x="-0.500" y="-0.500" z="0.000"/>
             </Rectangle>
             <SourceSurfacic id="{d51734a3-5ebb-4354-9478-606704970bb5}" name="Source surfacique 59">
              <nbSrcs>0</nbSrcs>
              <densiteSrcsH>10</densiteSrcsH>
              <densiteSrcsV>10</densiteSrcsV>
              <srcsCorr>0</srcsCorr>
             </SourceSurfacic>
            </AcousticRectangle>
           </GeometryNode>
          </AcousticRectangleNode>
         </GeometryNode>
         <GeometryNode id="{05b7b69b-80bf-4ad1-bca1-b9d58e6c8828}" name="">
          <hauteur>0.000</hauteur>
          <Repere id="{e4d64485-2b1e-4fa5-8903-6c47cc07b24c}" name="Repère 32">
           <Point x="-0.500000000000" y="0.000000000000" z="0.000000000000"/>
           <Vector x="0.000000000000" y="-1.000000000000" z="0.000000000000"/>
           <Vector x="0.000000000000" y="0.000000000000" z="1.000000000000"/>
           <Vector x="-1.000000000000" y="0.000000000000" z="0.000000000000"/>
          </Repere>
          <AcousticRectangleNode id="{9ab2a396-8290-46d9-bace-411c3387d78c}" name="Face 2">
           <Color g="0.0156863" r="0.180392" b="0.721569"/>
           <densiteSrcsH>10</densiteSrcsH>
           <densiteSrcsV>10</densiteSrcsV>
           <curRegime>0</curRegime>
           <nbRegimes>1</nbRegimes>
           <nextRegime>3</nextRegime>
           <Regime id="{35d0ffa7-e8a8-41a4-8698-96d556c815db}" name="regime0">
            <isRayonnant>0</isRayonnant>
            <useAtt>0</useAtt>
            <typeDistribution>1</typeDistribution>
            <Spectre id="{900636e9-85fa-431d-b0d0-4226488be84c}" name="Spectre 215">
             <type>2</type>
             <fMin>16</fMin>
             <fMax>16000</fMax>
             <freqTab form="0">-200.0 -200.0 -200.0 -200.0 -200.0 -200.0 -200.0 -200.0 -200.0 -200.0 -200.0 -200.0 -200.0 -200.0 -200.0 -200.0 -200.0 -200.0 -200.0 -200.0 -200.0 -200.0 -200.0 -200.0 -200.0 -200.0 -200.0 -200.0 -200.0 -200.0 -200.0</freqTab>
            </Spectre>
           </Regime>
           <Rectangle id="{cad055bf-040b-4474-bdb6-5b6ce868ae87}" name="Rectangle 21">
            <Point x="-0.500" y="0.500" z="0.000"/>
            <Point x="0.500" y="0.500" z="0.000"/>
            <Point x="0.500" y="-0.500" z="0.000"/>
            <Point x="-0.500" y="-0.500" z="0.000"/>
           </Rectangle>
           <nbChild>1</nbChild>
           <GeometryNode id="{8469dc26-b346-4922-851b-fc1b8c28165f}" name="">
            <hauteur>0.000</hauteur>
            <Repere id="{9566edcf-aecf-4161-b779-ff8ace1d7174}" name="Repère 188">
             <Point x="0.000000000000" y="0.000000000000" z="0.000000000000"/>
             <Vector x="1.000000000000" y="0.000000000000" z="0.000000000000"/>
             <Vector x="0.000000000000" y="1.000000000000" z="0.000000000000"/>
             <Vector x="0.000000000000" y="0.000000000000" z="1.000000000000"/>
            </Repere>
            <AcousticRectangle id="{ab3356a4-562e-4226-a63b-064d825025b7}" name="Sous-face 62">
             <Color g="0.0156863" r="0.180392" b="0.721569"/>
             <densiteSrcsH>10</densiteSrcsH>
             <densiteSrcsV>10</densiteSrcsV>
             <curRegime>0</curRegime>
             <nbRegimes>1</nbRegimes>
             <nextRegime>3</nextRegime>
             <Regime id="{622e8272-d61b-49e1-bdb5-6c286d2d62b1}" name="regime0">
              <isRayonnant>0</isRayonnant>
              <useAtt>0</useAtt>
              <typeDistribution>0</typeDistribution>
             </Regime>
             <isSub>0</isSub>
             <Rectangle id="{050da5ec-c24b-4f26-855c-ff5a293b4597}" name="Rectangle 101">
              <Point x="-0.500" y="0.500" z="0.000"/>
              <Point x="0.500" y="0.500" z="0.000"/>
              <Point x="0.500" y="-0.500" z="0.000"/>
              <Point x="-0.500" y="-0.500" z="0.000"/>
             </Rectangle>
             <SourceSurfacic id="{e5fbe33d-b1d8-4fc4-9f14-0408d239a89d}" name="Source surfacique 62">
              <nbSrcs>0</nbSrcs>
              <densiteSrcsH>10</densiteSrcsH>
              <densiteSrcsV>10</densiteSrcsV>
              <srcsCorr>0</srcsCorr>
             </SourceSurfacic>
            </AcousticRectangle>
           </GeometryNode>
          </AcousticRectangleNode>
         </GeometryNode>
         <GeometryNode id="{a51cef0c-7cbe-45ff-9908-803415d0284b}" name="">
          <hauteur>0.000</hauteur>
          <Repere id="{df58b627-099c-4eec-a1ac-5ab0998fe97a}" name="Repère 34">
           <Point x="0.000000000000" y="0.500000000000" z="0.000000000000"/>
           <Vector x="-1.000000000000" y="0.000000000000" z="0.000000000000"/>
           <Vector x="0.000000000000" y="0.000000000000" z="1.000000000000"/>
           <Vector x="0.000000000000" y="1.000000000000" z="0.000000000000"/>
          </Repere>
          <AcousticRectangleNode id="{3361cb4e-006e-48ec-8360-a1f464ca4dd1}" name="Face 3">
           <Color g="0.0156863" r="0.180392" b="0.721569"/>
           <densiteSrcsH>10</densiteSrcsH>
           <densiteSrcsV>10</densiteSrcsV>
           <curRegime>0</curRegime>
           <nbRegimes>1</nbRegimes>
           <nextRegime>3</nextRegime>
           <Regime id="{01c40a9d-6683-4397-bc3c-dfab34cf99a6}" name="regime0">
            <isRayonnant>0</isRayonnant>
            <useAtt>0</useAtt>
            <typeDistribution>1</typeDistribution>
            <Spectre id="{3b1aef14-8d27-4d23-a0bc-eafec72c0aa4}" name="Spectre 266">
             <type>2</type>
             <fMin>16</fMin>
             <fMax>16000</fMax>
             <freqTab form="0">-200.0 -200.0 -200.0 -200.0 -200.0 -200.0 -200.0 -200.0 -200.0 -200.0 -200.0 -200.0 -200.0 -200.0 -200.0 -200.0 -200.0 -200.0 -200.0 -200.0 -200.0 -200.0 -200.0 -200.0 -200.0 -200.0 -200.0 -200.0 -200.0 -200.0 -200.0</freqTab>
            </Spectre>
           </Regime>
           <Rectangle id="{2e5008df-3e90-4dee-b8d4-5f43b08ca490}" name="Rectangle 25">
            <Point x="-0.500" y="0.500" z="0.000"/>
            <Point x="0.500" y="0.500" z="0.000"/>
            <Point x="0.500" y="-0.500" z="0.000"/>
            <Point x="-0.500" y="-0.500" z="0.000"/>
           </Rectangle>
           <nbChild>1</nbChild>
           <GeometryNode id="{6a639a9b-115a-4374-b522-a07df075851e}" name="">
            <hauteur>0.000</hauteur>
            <Repere id="{c388ab92-8a68-43ac-8c52-1715efc4fe87}" name="Repère 192">
             <Point x="0.000000000000" y="0.000000000000" z="0.000000000000"/>
             <Vector x="1.000000000000" y="0.000000000000" z="0.000000000000"/>
             <Vector x="0.000000000000" y="1.000000000000" z="0.000000000000"/>
             <Vector x="0.000000000000" y="0.000000000000" z="1.000000000000"/>
            </Repere>
            <AcousticRectangle id="{504948fd-f3ea-4113-b60f-5bd6c39dd614}" name="Sous-face 65">
             <Color g="0.0156863" r="0.180392" b="0.721569"/>
             <densiteSrcsH>10</densiteSrcsH>
             <densiteSrcsV>10</densiteSrcsV>
             <curRegime>0</curRegime>
             <nbRegimes>1</nbRegimes>
             <nextRegime>3</nextRegime>
             <Regime id="{2cd0ec73-b251-4bf1-af99-313aac248ef5}" name="regime0">
              <isRayonnant>0</isRayonnant>
              <useAtt>0</useAtt>
              <typeDistribution>0</typeDistribution>
             </Regime>
             <isSub>0</isSub>
             <Rectangle id="{bd7565b5-f5fb-4ed0-8832-0a513ea08b5e}" name="Rectangle 105">
              <Point x="-0.500" y="0.500" z="0.000"/>
              <Point x="0.500" y="0.500" z="0.000"/>
              <Point x="0.500" y="-0.500" z="0.000"/>
              <Point x="-0.500" y="-0.500" z="0.000"/>
             </Rectangle>
             <SourceSurfacic id="{4b31455a-e204-4662-8b0e-d56dda670afe}" name="Source surfacique 65">
              <nbSrcs>0</nbSrcs>
              <densiteSrcsH>10</densiteSrcsH>
              <densiteSrcsV>10</densiteSrcsV>
              <srcsCorr>0</srcsCorr>
             </SourceSurfacic>
            </AcousticRectangle>
           </GeometryNode>
          </AcousticRectangleNode>
         </GeometryNode>
         <GeometryNode id="{2dc983f7-ebe6-4435-be3b-2441f399abd4}" name="">
          <hauteur>0.000</hauteur>
          <Repere id="{0c9e98bf-c4f3-4e68-af56-41803f618043}" name="Repère 35">
           <Point x="0.000000000000" y="0.000000000000" z="-0.500000000000"/>
           <Vector x="1.000000000000" y="0.000000000000" z="0.000000000000"/>
           <Vector x="0.000000000000" y="-1.000000000000" z="0.000000000000"/>
           <Vector x="0.000000000000" y="0.000000000000" z="-1.000000000000"/>
          </Repere>
          <AcousticRectangleNode id="{a207527b-30a7-48f0-98aa-e25fdff579c9}" name="Face 4">
           <Color g="0.0156863" r="0.180392" b="0.721569"/>
           <densiteSrcsH>10</densiteSrcsH>
           <densiteSrcsV>10</densiteSrcsV>
           <curRegime>0</curRegime>
           <nbRegimes>1</nbRegimes>
           <nextRegime>3</nextRegime>
           <Regime id="{5f2a5948-d3db-4e3b-ad29-56fd329cea03}" name="regime0">
            <isRayonnant>0</isRayonnant>
            <useAtt>0</useAtt>
            <typeDistribution>0</typeDistribution>
           </Regime>
           <Rectangle id="{0b822624-eec8-4f4d-b1dd-01fe1b886775}" name="Rectangle 29">
            <Point x="-0.500" y="0.500" z="0.000"/>
            <Point x="0.500" y="0.500" z="0.000"/>
            <Point x="0.500" y="-0.500" z="0.000"/>
            <Point x="-0.500" y="-0.500" z="0.000"/>
           </Rectangle>
           <nbChild>1</nbChild>
           <GeometryNode id="{be7f7e21-13a4-47fb-8a35-c25d190cb47a}" name="">
            <hauteur>0.000</hauteur>
            <Repere id="{7c2d01f1-404e-4f34-93cf-6a626363dacd}" name="Repère 196">
             <Point x="0.000000000000" y="0.000000000000" z="0.000000000000"/>
             <Vector x="1.000000000000" y="0.000000000000" z="0.000000000000"/>
             <Vector x="0.000000000000" y="1.000000000000" z="0.000000000000"/>
             <Vector x="0.000000000000" y="0.000000000000" z="1.000000000000"/>
            </Repere>
            <AcousticRectangle id="{65c4f1a2-da2c-48da-8e8e-339f7bd00ffe}" name="Sous-face 68">
             <Color g="0.0156863" r="0.180392" b="0.721569"/>
             <densiteSrcsH>10</densiteSrcsH>
             <densiteSrcsV>10</densiteSrcsV>
             <curRegime>0</curRegime>
             <nbRegimes>1</nbRegimes>
             <nextRegime>3</nextRegime>
             <Regime id="{60c2438b-332f-46f5-9a78-311508d2364b}" name="regime0">
              <isRayonnant>0</isRayonnant>
              <useAtt>0</useAtt>
              <typeDistribution>0</typeDistribution>
             </Regime>
             <isSub>0</isSub>
             <Rectangle id="{3b9cd3b8-05d3-4c03-b23e-ba7f6ba1e289}" name="Rectangle 109">
              <Point x="-0.500" y="0.500" z="0.000"/>
              <Point x="0.500" y="0.500" z="0.000"/>
              <Point x="0.500" y="-0.500" z="0.000"/>
              <Point x="-0.500" y="-0.500" z="0.000"/>
             </Rectangle>
             <SourceSurfacic id="{8ce7363f-130b-49da-ac77-6f1f48c661be}" name="Source surfacique 68">
              <nbSrcs>0</nbSrcs>
              <densiteSrcsH>10</densiteSrcsH>
              <densiteSrcsV>10</densiteSrcsV>
              <srcsCorr>0</srcsCorr>
             </SourceSurfacic>
            </AcousticRectangle>
           </GeometryNode>
          </AcousticRectangleNode>
         </GeometryNode>
         <GeometryNode id="{63115de9-a033-4567-b321-ab5054280539}" name="">
          <hauteur>0.000</hauteur>
          <Repere id="{6affdfd4-1402-4ee8-bad8-ab8ef7ee6b27}" name="Repère 36">
           <Point x="0.000000000000" y="0.000000000000" z="0.500000000000"/>
           <Vector x="1.000000000000" y="0.000000000000" z="0.000000000000"/>
           <Vector x="0.000000000000" y="1.000000000000" z="0.000000000000"/>
           <Vector x="0.000000000000" y="0.000000000000" z="1.000000000000"/>
          </Repere>
          <AcousticRectangleNode id="{047ec1fe-5d8a-4507-a1f0-047a4f9c200d}" name="Face 5">
           <Color g="0.0156863" r="0.180392" b="0.721569"/>
           <densiteSrcsH>10</densiteSrcsH>
           <densiteSrcsV>10</densiteSrcsV>
           <curRegime>0</curRegime>
           <nbRegimes>1</nbRegimes>
           <nextRegime>3</nextRegime>
           <Regime id="{c638a568-8efa-4ed2-81fe-be095a8f482f}" name="regime0">
            <isRayonnant>0</isRayonnant>
            <useAtt>0</useAtt>
            <typeDistribution>1</typeDistribution>
            <Spectre id="{1361dc61-e937-4718-b2ee-412621e9cf1f}" name="Spectre 367">
             <type>2</type>
             <fMin>16</fMin>
             <fMax>16000</fMax>
             <freqTab form="0">-200.0 -200.0 -200.0 -200.0 -200.0 -200.0 -200.0 -200.0 -200.0 -200.0 -200.0 -200.0 -200.0 -200.0 -200.0 -200.0 -200.0 -200.0 -200.0 -200.0 -200.0 -200.0 -200.0 -200.0 -200.0 -200.0 -200.0 -200.0 -200.0 -200.0 -200.0</freqTab>
            </Spectre>
           </Regime>
           <Rectangle id="{40bcf8f5-f70c-4cd6-a6f0-ee359841890c}" name="Rectangle 33">
            <Point x="-0.500" y="0.500" z="0.000"/>
            <Point x="0.500" y="0.500" z="0.000"/>
            <Point x="0.500" y="-0.500" z="0.000"/>
            <Point x="-0.500" y="-0.500" z="0.000"/>
           </Rectangle>
           <nbChild>1</nbChild>
           <GeometryNode id="{c626c696-ecf3-4076-ba5e-585d4e172c6f}" name="">
            <hauteur>0.000</hauteur>
            <Repere id="{a25befb0-e5cc-476d-9fdc-733b3e86d3e3}" name="Repère 200">
             <Point x="0.000000000000" y="0.000000000000" z="0.000000000000"/>
             <Vector x="1.000000000000" y="0.000000000000" z="0.000000000000"/>
             <Vector x="0.000000000000" y="1.000000000000" z="0.000000000000"/>
             <Vector x="0.000000000000" y="0.000000000000" z="1.000000000000"/>
            </Repere>
            <AcousticRectangle id="{338fd676-e8b4-4830-b8e9-5d0db521483e}" name="Sous-face 71">
             <Color g="0.0156863" r="0.180392" b="0.721569"/>
             <densiteSrcsH>10</densiteSrcsH>
             <densiteSrcsV>10</densiteSrcsV>
             <curRegime>0</curRegime>
             <nbRegimes>1</nbRegimes>
             <nextRegime>3</nextRegime>
             <Regime id="{4c95e909-3955-4f8d-a463-7cac114502ea}" name="regime0">
              <isRayonnant>0</isRayonnant>
              <useAtt>0</useAtt>
              <typeDistribution>0</typeDistribution>
             </Regime>
             <isSub>0</isSub>
             <Rectangle id="{a96e7f69-c2ad-450d-b723-71e0dd9aa987}" name="Rectangle 113">
              <Point x="-0.500" y="0.500" z="0.000"/>
              <Point x="0.500" y="0.500" z="0.000"/>
              <Point x="0.500" y="-0.500" z="0.000"/>
              <Point x="-0.500" y="-0.500" z="0.000"/>
             </Rectangle>
             <SourceSurfacic id="{3e5605f5-ba28-4e9f-b4df-fbca8a52f72f}" name="Source surfacique 71">
              <nbSrcs>0</nbSrcs>
              <densiteSrcsH>10</densiteSrcsH>
              <densiteSrcsV>10</densiteSrcsV>
              <srcsCorr>0</srcsCorr>
             </SourceSurfacic>
            </AcousticRectangle>
           </GeometryNode>
          </AcousticRectangleNode>
         </GeometryNode>
        </AcousticBox>
       </GeometryNode>
       <categorie>1</categorie>
       <constructeur>Constructeur</constructeur>
       <modele>Modele</modele>
       <commentaire>Commentaire</commentaire>
      </Machine>
     </GeometryNode>
    </ListMachine>
    <ListSource/>
   </Infrastructure>
   <root>1</root>
   <repere>0</repere>
   <SIG_X>0</SIG_X>
   <SIG_Y>0</SIG_Y>
  </SiteNode>
  <PointsControl>
   <PointControl x="10.000" y="0.000" z="5000.000" id="{af621b6f-27dd-41c4-bb17-0a03638a0e53}" name="R1">
    <etatCalcul idCalcul="{245233a4-ebac-492b-853d-3c907e61d456}" Etat="1"/>
    <Spectre idCalcul="{245233a4-ebac-492b-853d-3c907e61d456}" id="{15733077-7d21-47fe-b07a-46bb70c7cd7d}" name="">
     <type>3</type>
     <fMin>16</fMin>
     <fMax>16000</fMax>
     <freqTab form="0">72.0 72.2 72.3 72.4 72.6 72.7 72.8 72.8 72.9 73.0 73.0 73.1 73.1 73.1 73.1 73.1 73.1 73.1 73.1 73.1 73.1 73.1 73.1 73.1 73.0 72.9 72.8 72.6 72.2 71.7 70.9</freqTab>
    </Spectre>
    <Color g="0" r="0.333333" b="1"/>
    <hauteur>5000.000</hauteur>
    <formeObjet>0</formeObjet>
   </PointControl>
   <PointControl x="0.000" y="10.000" z="5000.000" id="{8dd64be1-6f67-44f5-a7df-99da45d05e18}" name="R2">
    <etatCalcul idCalcul="{245233a4-ebac-492b-853d-3c907e61d456}" Etat="1"/>
    <Spectre idCalcul="{245233a4-ebac-492b-853d-3c907e61d456}" id="{2fe3c518-75f4-4c08-b9ee-ec0ce73f53a8}" name="">
     <type>3</type>
     <fMin>16</fMin>
     <fMax>16000</fMax>
     <freqTab form="0">69.3 69.3 69.2 69.2 69.1 69.1 69.1 69.0 69.0 69.0 69.0 68.9 68.9 68.9 68.9 68.9 68.9 68.9 68.9 68.8 68.8 68.8 68.8 68.7 68.7 68.6 68.4 68.2 67.8 67.2 66.4</freqTab>
    </Spectre>
    <Color g="0" r="0.333333" b="1"/>
    <hauteur>5000.000</hauteur>
    <formeObjet>0</formeObjet>
   </PointControl>
   <PointControl x="-10.000" y="0.000" z="5000.000" id="{012ef5bd-3650-4fbe-b2a3-206fe9e22006}" name="R3">
    <etatCalcul idCalcul="{245233a4-ebac-492b-853d-3c907e61d456}" Etat="1"/>
    <Spectre idCalcul="{245233a4-ebac-492b-853d-3c907e61d456}" id="{f9b218ec-5b97-46ce-9e2b-4bf767917f7e}" name="">
     <type>3</type>
     <fMin>16</fMin>
     <fMax>16000</fMax>
     <freqTab form="0">64.6 64.1 63.5 62.9 62.2 61.5 60.7 59.9 59.1 58.2 57.4 56.5 55.6 54.8 53.9 53.0 52.2 51.4 50.6 49.9 49.2 48.5 47.9 47.3 46.7 46.2 45.6 45.0 44.3 43.3 42.0</freqTab>
    </Spectre>
    <Color g="0" r="0.333333" b="1"/>
    <hauteur>5000.000</hauteur>
    <formeObjet>0</formeObjet>
   </PointControl>
   <PointControl x="0.000" y="-10.000" z="5000.000" id="{17939d12-61c4-4dfe-8b7b-c7f47ca89109}" name="R4">
    <etatCalcul idCalcul="{245233a4-ebac-492b-853d-3c907e61d456}" Etat="1"/>
    <Spectre idCalcul="{245233a4-ebac-492b-853d-3c907e61d456}" id="{9154a3b3-8eb4-4148-94e7-1353438b55c4}" name="">
     <type>3</type>
     <fMin>16</fMin>
     <fMax>16000</fMax>
     <freqTab form="0">67.7 67.7 67.6 67.6 67.6 67.5 67.5 67.5 67.5 67.5 67.4 67.4 67.4 67.4 67.4 67.4 67.4 67.4 67.3 67.3 67.3 67.3 67.3 67.2 67.1 67.0 66.8 66.5 66.1 65.4 64.3</freqTab>
    </Spectre>
    <Color g="0" r="0.333333" b="1"/>
    <hauteur>5000.000</hauteur>
    <formeObjet>0</formeObjet>
   </PointControl>
   <PointControl x="20.000" y="0.000" z="5000.000" id="{a2886ef3-6fae-4e74-9d59-f87b7646227e}" name="R5">
    <etatCalcul idCalcul="{245233a4-ebac-492b-853d-3c907e61d456}" Etat="1"/>
    <Spectre idCalcul="{245233a4-ebac-492b-853d-3c907e61d456}" id="{3465d4d9-94ac-4c3b-9380-74896d0b8643}" name="">
     <type>3</type>
     <fMin>16</fMin>
     <fMax>16000</fMax>
     <freqTab form="0">65.5 65.6 65.8 65.9 66.0 66.1 66.2 66.3 66.4 66.4 66.5 66.5 66.5 66.6 66.6 66.6 66.6 66.6 66.6 66.5 66.5 66.5 66.5 66.4 66.3 66.1 65.7 65.3 64.5 63.3 61.6</freqTab>
    </Spectre>
    <Color g="0" r="0.333333" b="1"/>
    <hauteur>5000.000</hauteur>
    <formeObjet>0</formeObjet>
   </PointControl>
   <PointControl x="40.000" y="0.000" z="5000.000" id="{214c101f-b7e6-4a5d-93c0-57f3712198ce}" name="R6">
    <etatCalcul idCalcul="{245233a4-ebac-492b-853d-3c907e61d456}" Etat="1"/>
    <Spectre idCalcul="{245233a4-ebac-492b-853d-3c907e61d456}" id="{d2e856f7-b071-44c8-bc6d-010d12ecd2e1}" name="">
     <type>3</type>
     <fMin>16</fMin>
     <fMax>16000</fMax>
     <freqTab form="0">59.2 59.3 59.5 59.6 59.8 59.9 60.0 60.0 60.1 60.1 60.2 60.2 60.2 60.2 60.2 60.2 60.2 60.2 60.2 60.2 60.1 60.0 59.9 59.8 59.5 59.1 58.5 57.5 55.9 53.5 49.8</freqTab>
    </Spectre>
    <Color g="0" r="0.333333" b="1"/>
    <hauteur>5000.000</hauteur>
    <formeObjet>0</formeObjet>
   </PointControl>
  </PointsControl>
  <Calcul isUpTodate="1" id="{245233a4-ebac-492b-853d-3c907e61d456}" name="Calcul 1">
   <numero>1</numero>
   <auteur>Auteur</auteur>
   <dateCreation>2004-12-20</dateCreation>
   <dateModif>2004-12-22</dateModif>
   <comment>Commentaire</comment>
   <solverId>{a98b320c-44c4-47a9-b689-1dd352daa8b2}</solverId>
   <etat>1</etat>
   <expansGeo>0</expansGeo>
   <useSol>1</useSol>
   <typeCalculSol>0</typeCalculSol>
   <condFav>0</condFav>
   <useVegetation>0</useVegetation>
   <useAtmosphere>1</useAtmosphere>
   <useEcran>1</useEcran>
   <calculTrajetHorizontaux>1</calculTrajetHorizontaux>
   <useReflexion>0</useReflexion>
   <interference>0</interference>
   <h1>10</h1>
   <distanceSRMin>0.3</distanceSRMin>
   <freqMinSpectre>16</freqMinSpectre>
   <freqMaxSpectre>16000</freqMaxSpectre>
   <ListID>
    <Element id="{5ab41dd6-bf55-4446-8141-1dbbcde1bcad}"/>
   </ListID>
   <EmissionAccVolNodes>
    <EmissionAccVolNode accVolNodeId="{5ab41dd6-bf55-4446-8141-1dbbcde1bcad}" state="1"/>
   </EmissionAccVolNodes>
   <RegimeAccNode>
    <RegimeAccNode accVolNodeId="{5ab41dd6-bf55-4446-8141-1dbbcde1bcad}" state="0"/>
   </RegimeAccNode>
   <Atmosphere id="{8c3db0e2-32a5-4191-872e-cd485ec880d7}" name="Atmosphère 7">
    <pression>101325</pression>
    <temperature>20</temperature>
    <hygrometrie>70</hygrometrie>
    <vitVent>0</vitVent>
    <dirVent>0</dirVent>
    <A>0</A>
    <B>0</B>
    <C>5e-006</C>
    <D>0</D>
    <stability_class>0</stability_class>
    <Spectre id="{1653dacd-a912-47c2-8b92-5ba35b668d95}" name="Spectre 829">
     <type>0</type>
     <fMin>16</fMin>
     <fMax>16000</fMax>
     <freqTab form="0">0.00001 0.00001 0.00001 0.00002 0.00004 0.00006 0.00009 0.00014 0.00022 0.00034 0.00052 0.00078 0.00113 0.00160 0.00216 0.00280 0.00348 0.00419 0.00498 0.00592 0.00718 0.00902 0.01180 0.01613 0.02291 0.03358 0.05035 0.07662 0.11751 0.18053 0.27624</freqTab>
    </Spectre>
   </Atmosphere>
   <Resultat id="{e3726d76-f04b-418e-9658-5e358e23d196}" name="Résultat 1">
    <ListSources>
     <Source srcId="{5ab41dd6-bf55-4446-8141-1dbbcde1bcad}" index="0"/>
    </ListSources>
    <ListRecepteurs>
     <Recepteur recId="{214c101f-b7e6-4a5d-93c0-57f3712198ce}" index="5"/>
     <Recepteur recId="{a2886ef3-6fae-4e74-9d59-f87b7646227e}" index="4"/>
     <Recepteur recId="{af621b6f-27dd-41c4-bb17-0a03638a0e53}" index="0"/>
     <Recepteur recId="{8dd64be1-6f67-44f5-a7df-99da45d05e18}" index="1"/>
     <Recepteur recId="{012ef5bd-3650-4fbe-b2a3-206fe9e22006}" index="2"/>
     <Recepteur recId="{17939d12-61c4-4dfe-8b7b-c7f47ca89109}" index="3"/>
    </ListRecepteurs>
    <ListSpectres>
     <SpectreInd indexRec="0" indexSrc="0">
      <Spectre id="{63b4b102-8980-4090-b372-d8b46dd8a9ca}" name="Spectre 1266">
       <type>3</type>
       <fMin>16</fMin>
       <fMax>16000</fMax>
       <freqTab form="0">72.0 72.2 72.3 72.4 72.6 72.7 72.8 72.8 72.9 73.0 73.0 73.1 73.1 73.1 73.1 73.1 73.1 73.1 73.1 73.1 73.1 73.1 73.1 73.1 73.0 72.9 72.8 72.6 72.2 71.7 70.9</freqTab>
      </Spectre>
     </SpectreInd>
     <SpectreInd indexRec="1" indexSrc="0">
      <Spectre id="{63b4b102-8980-4090-b372-d8b46dd8a9ca}" name="Spectre 1266">
       <type>3</type>
       <fMin>16</fMin>
       <fMax>16000</fMax>
       <freqTab form="0">69.3 69.3 69.2 69.2 69.1 69.1 69.1 69.0 69.0 69.0 69.0 68.9 68.9 68.9 68.9 68.9 68.9 68.9 68.9 68.8 68.8 68.8 68.8 68.7 68.7 68.6 68.4 68.2 67.8 67.2 66.4</freqTab>
      </Spectre>
     </SpectreInd>
     <SpectreInd indexRec="2" indexSrc="0">
      <Spectre id="{63b4b102-8980-4090-b372-d8b46dd8a9ca}" name="Spectre 1266">
       <type>3</type>
       <fMin>16</fMin>
       <fMax>16000</fMax>
       <freqTab form="0">64.6 64.1 63.5 62.9 62.2 61.5 60.7 59.9 59.1 58.2 57.4 56.5 55.6 54.8 53.9 53.0 52.2 51.4 50.6 49.9 49.2 48.5 47.9 47.3 46.7 46.2 45.6 45.0 44.3 43.3 42.0</freqTab>
      </Spectre>
     </SpectreInd>
     <SpectreInd indexRec="3" indexSrc="0">
      <Spectre id="{63b4b102-8980-4090-b372-d8b46dd8a9ca}" name="Spectre 1266">
       <type>3</type>
       <fMin>16</fMin>
       <fMax>16000</fMax>
       <freqTab form="0">67.7 67.7 67.6 67.6 67.6 67.5 67.5 67.5 67.5 67.5 67.4 67.4 67.4 67.4 67.4 67.4 67.4 67.4 67.3 67.3 67.3 67.3 67.3 67.2 67.1 67.0 66.8 66.5 66.1 65.4 64.3</freqTab>
      </Spectre>
     </SpectreInd>
     <SpectreInd indexRec="4" indexSrc="0">
      <Spectre id="{63b4b102-8980-4090-b372-d8b46dd8a9ca}" name="Spectre 1266">
       <type>3</type>
       <fMin>16</fMin>
       <fMax>16000</fMax>
       <freqTab form="0">65.5 65.6 65.8 65.9 66.0 66.1 66.2 66.3 66.4 66.4 66.5 66.5 66.5 66.6 66.6 66.6 66.6 66.6 66.6 66.5 66.5 66.5 66.5 66.4 66.3 66.1 65.7 65.3 64.5 63.3 61.6</freqTab>
      </Spectre>
     </SpectreInd>
     <SpectreInd indexRec="5" indexSrc="0">
      <Spectre id="{63b4b102-8980-4090-b372-d8b46dd8a9ca}" name="Spectre 1266">
       <type>3</type>
       <fMin>16</fMin>
       <fMax>16000</fMax>
       <freqTab form="0">59.2 59.3 59.5 59.6 59.8 59.9 60.0 60.0 60.1 60.1 60.2 60.2 60.2 60.2 60.2 60.2 60.2 60.2 60.2 60.2 60.1 60.0 59.9 59.8 59.5 59.1 58.5 57.5 55.9 53.5 49.8</freqTab>
      </Spectre>
     </SpectreInd>
    </ListSpectres>
    <ListLw>
     <SourceLw srcId="{5ab41dd6-bf55-4446-8141-1dbbcde1bcad}">
      <Spectre id="{1910f07c-ba6a-4667-b7d6-ca025fdae3ab}" name="">
       <type>2</type>
       <fMin>16</fMin>
       <fMax>16000</fMax>
       <freqTab form="0">100.0 100.0 100.0 100.0 100.0 100.0 100.0 100.0 100.0 100.0 100.0 100.0 100.0 100.0 100.0 100.0 100.0 100.0 100.0 100.0 100.0 100.0 100.0 100.0 100.0 100.0 100.0 100.0 100.0 100.0 100.0</freqTab>
      </Spectre>
     </SourceLw>
    </ListLw>
   </Resultat>
  </Calcul>
 </Projet>
</Tympan>
