<?xml version="1.0" encoding="ISO-8859-1" standalone="no"?>
<!DOCTYPE Tympan SYSTEM 'Tympan.dtd'>
<Tympan>
 <Version>3.10.0 - GNU GPL version 3 - http://www.gnu.org/licenses/gpl.html</Version>
 <Projet id="{51583e28-488e-4926-9136-a3f4adfc3344}" name="Projet 0">
  <auteur></auteur>
  <dateCreation>2004-10-28</dateCreation>
  <dateModif>2004-10-28</dateModif>
  <comment></comment>
  <delaunayTolerence>0.001</delaunayTolerence>
  <distMaxBetweenPoints>50</distMaxBetweenPoints>
  <useDefGeomVal>1</useDefGeomVal>
  <currentCalculID>{924c5c14-6f2e-4200-874d-21b14a45c357}</currentCalculID>
  <SiteNode id="{3ef8cba0-00bb-467e-8a69-5a03bb2edc18}" name="Site 0">
   <echelle>1</echelle>
   <useEmpriseAsCrbNiv>0</useEmpriseAsCrbNiv>
   <useTopoFile>0</useTopoFile>
   <topoFile></topoFile>
   <altiEmprise>0</altiEmprise>
   <Segment id="{67e37ae1-2928-432b-8e7b-b044e3228367}" name="Segment 0">
    <Color g="1" r="1" b="1"/>
    <Point x="0.000" y="0.000" z="0.000"/>
    <Point x="0.000" y="1.000" z="0.000"/>
   </Segment>
   <Point x="0.000" y="0.000" z="0.000"/>
   <Topographie id="{100ae6d1-5cfd-447e-a658-11a76a4e7daa}" name="Topographie 0">
    <Emprise>
     <Point x="-835.000" y="488.000" z="0.000"/>
     <Point x="-843.000" y="-878.000" z="0.000"/>
     <Point x="788.000" y="-870.000" z="0.000"/>
     <Point x="781.000" y="769.000" z="0.000"/>
     <Point x="-812.000" y="738.000" z="0.000"/>
    </Emprise>
    <ListCrbNiv/>
    <ListTerrain>
     <GeometryNode id="{a9375b54-3826-4af4-9423-97aae8df2931}" name="">
      <hauteur>0.000</hauteur>
      <Repere id="{e84e8496-7397-45bd-a951-708fc9ab117e}" name="RepÃÂÃÂÃÂÃÂÃÂÃÂÃÂÃÂÃÂÃÂÃÂÃÂÃÂÃÂÃÂÃÂ¨re 5">
       <Point x="0.000000000000" y="0.000000000000" z="0.000000000000"/>
       <Vector x="1.000000000000" y="0.000000000000" z="0.000000000000"/>
       <Vector x="0.000000000000" y="1.000000000000" z="0.000000000000"/>
       <Vector x="0.000000000000" y="0.000000000000" z="1.000000000000"/>
      </Repere>
      <Terrain id="{f494dd78-d777-414f-8f95-3fdd57d62954}" name="Terrain par defaut">
       <Color g="0.329412" r="0" b="0"/>
       <Sol id="{473bba11-ae82-4c06-a218-caefd30e37cc}" name="Sol 7">
        <resistivite>1</resistivite>
        <epaisseur>1</epaisseur>
        <active>0</active>
        <miroir>0</miroir>
       </Sol>
       <nbPoints>0</nbPoints>
      </Terrain>
     </GeometryNode>
    </ListTerrain>
    <ListCrsEau/>
    <ListPlanEau/>
    <Altimetrie id="{d946862b-64e6-46f4-952a-16354b8d8bac}" name="AltimÃÂÃÂÃÂÃÂÃÂÃÂÃÂÃÂÃÂÃÂÃÂÃÂÃÂÃÂÃÂÃÂ©trie 0"/>
    <DefaultTerrain>0</DefaultTerrain>
   </Topographie>
   <Infrastructure id="{190a3a19-7379-4288-a376-6d3dbc5023df}" name="Infrastructure 0">
    <ListRoute/>
    <ListResTrans/>
    <ListBatiment>
     <GeometryNode id="{d603b68d-a990-487d-a971-fb671a9da52e}" name="">
      <hauteur>10000.000</hauteur>
      <Repere id="{d63d93dc-fc06-476a-b7a5-535122d251db}" name="">
       <Point x="0.000000000000" y="0.000000000000" z="10000.000000000000"/>
       <Vector x="1.000000000000" y="0.000000000000" z="0.000000000000"/>
       <Vector x="0.000000000000" y="1.000000000000" z="0.000000000000"/>
       <Vector x="0.000000000000" y="0.000000000000" z="1.000000000000"/>
      </Repere>
      <Batiment id="{c81002de-41e2-445e-aacf-94ba76a7efec}" name="BATIMENT_CYLINDRIQUE">
       <Color g="1" r="1" b="1"/>
       <densiteSrcsH>5</densiteSrcsH>
       <densiteSrcsV>5</densiteSrcsV>
       <curRegime>0</curRegime>
       <nbRegimes>1</nbRegimes>
       <nextRegime>1</nextRegime>
       <Regime id="{964db72d-0e0a-41d2-b3e0-d5215c70a633}" name="RÃÂÃÂÃÂÃÂÃÂÃÂÃÂÃÂÃÂÃÂÃÂÃÂÃÂÃÂÃÂÃÂ©gime 0">
        <isRayonnant>1</isRayonnant>
        <useAtt>0</useAtt>
        <typeDistribution>0</typeDistribution>
       </Regime>
       <nbChild>1</nbChild>
       <GeometryNode id="{a791a1ac-afe8-4769-8513-274991735b53}" name="">
        <hauteur>0.000</hauteur>
        <Repere id="{57dc1eff-7621-4c00-afcf-16193bbd4331}" name="RepÃÂÃÂÃÂÃÂÃÂÃÂÃÂÃÂÃÂÃÂÃÂÃÂÃÂÃÂÃÂÃÂ¨re 97850">
         <Point x="0.000000000000" y="0.000000000000" z="55.000000000000"/>
         <Vector x="1.000000000000" y="0.000000000000" z="0.000000000000"/>
         <Vector x="0.000000000000" y="1.000000000000" z="0.000000000000"/>
         <Vector x="0.000000000000" y="0.000000000000" z="1.000000000000"/>
        </Repere>
        <AcousticCylinder id="{62c8ae91-3850-4bed-ae48-6428e1e60fe7}" name="Cylindre acoustique 14">
         <Color g="0.258824" r="1" b="0.521569"/>
         <densiteSrcsH>5</densiteSrcsH>
         <densiteSrcsV>5</densiteSrcsV>
         <curRegime>0</curRegime>
         <nbRegimes>1</nbRegimes>
         <nextRegime>1</nextRegime>
         <Regime id="{1142f5e9-e6aa-4243-9a5d-30446888519a}" name="RÃÂÃÂÃÂÃÂÃÂÃÂÃÂÃÂÃÂÃÂÃÂÃÂÃÂÃÂÃÂÃÂ©gime 0">
          <isRayonnant>1</isRayonnant>
          <useAtt>0</useAtt>
          <typeDistribution>0</typeDistribution>
         </Regime>
         <MateriauConstruction id="{64dadcef-a37f-469a-b0a8-79b7086dfb08}" name="MatÃÂÃÂÃÂÃÂÃÂÃÂÃÂÃÂÃÂÃÂÃÂÃÂÃÂÃÂÃÂÃÂ©riau de construction 384">
          <masseVol>2500</masseVol>
          <Spectre id="{8eae3bdf-0950-45ac-bcc5-ea393f855a4b}" name="Spectre 31">
           <type>0</type>
           <fMin>16</fMin>
           <fMax>16000</fMax>
           <freqTab form="0">15.000 15.000 15.000 15.000 15.000 15.000 15.000 15.000 15.000 15.000 15.000 15.000 15.000 15.000 15.000 15.000 15.000 15.000 15.000 15.000 15.000 15.000 15.000 15.000 15.000 15.000 15.000 15.000 15.000 15.000 15.000</freqTab>
          </Spectre>
          <Spectre id="{2272472a-d49e-44a8-bd9b-16d5e8c893c2}" name="Spectre 33">
           <type>1</type>
           <fMin>16</fMin>
           <fMax>16000</fMax>
           <freqTab form="0">0.200 0.200 0.200 0.200 0.200 0.200 0.200 0.200 0.200 0.200 0.200 0.200 0.200 0.200 0.200 0.200 0.200 0.200 0.200 0.200 0.200 0.200 0.200 0.200 0.200 0.200 0.200 0.200 0.200 0.200 0.200</freqTab>
          </Spectre>
         </MateriauConstruction>
         <forceNormales>0</forceNormales>
         <AcousticSurface id="{8274f97b-90a1-48ed-bb1f-b0ac1c8a1813}" name="Surface acoustique 2385">
          <Color g="1" r="1" b="1"/>
          <densiteSrcsH>5</densiteSrcsH>
          <densiteSrcsV>5</densiteSrcsV>
          <curRegime>0</curRegime>
          <nbRegimes>1</nbRegimes>
          <nextRegime>1</nextRegime>
          <Regime id="{f5d982c8-86f5-4047-af54-14bbcecd9e65}" name="RÃÂÃÂÃÂÃÂÃÂÃÂÃÂÃÂÃÂÃÂÃÂÃÂÃÂÃÂÃÂÃÂ©gime 0">
           <isRayonnant>1</isRayonnant>
           <useAtt>0</useAtt>
           <typeDistribution>0</typeDistribution>
          </Regime>
          <isSub>0</isSub>
          <Rectangle id="{ff6d33d8-0d5f-4679-9d92-55c829ae23a4}" name="Rectangle 29182">
           <Point x="-90.595" y="90.595" z="0.000"/>
           <Point x="90.595" y="90.595" z="0.000"/>
           <Point x="90.595" y="-90.595" z="0.000"/>
           <Point x="-90.595" y="-90.595" z="0.000"/>
          </Rectangle>
          <SourceSurfacic id="{3d0aef3e-eb70-4662-aa50-91cc9ef0a459}" name="Source surfacique 2385">
           <nbSrcs>0</nbSrcs>
           <densiteSrcsH>5</densiteSrcsH>
           <densiteSrcsV>5</densiteSrcsV>
           <srcsCorr>0</srcsCorr>
          </SourceSurfacic>
         </AcousticSurface>
         <AcousticCircle id="{3501eb9d-87fd-46ed-920d-065896177ebe}" name="Cercle acoustique 28">
          <Color g="0.262745" r="1" b="0.521569"/>
          <densiteSrcsH>5</densiteSrcsH>
          <densiteSrcsV>5</densiteSrcsV>
          <curRegime>0</curRegime>
          <nbRegimes>1</nbRegimes>
          <nextRegime>1</nextRegime>
          <Regime id="{47af6f5b-7fba-4f95-a750-85bbb8109dcc}" name="RÃÂÃÂÃÂÃÂÃÂÃÂÃÂÃÂÃÂÃÂÃÂÃÂÃÂÃÂÃÂÃÂ©gime 0">
           <isRayonnant>1</isRayonnant>
           <useAtt>0</useAtt>
           <typeDistribution>0</typeDistribution>
          </Regime>
          <isSub>0</isSub>
          <Rectangle id="{922bd0ef-f8bc-4bcb-bf9e-d8a0c6128128}" name="Rectangle 29184">
           <Point x="-47.500" y="47.500" z="55.000"/>
           <Point x="47.500" y="47.500" z="55.000"/>
           <Point x="47.500" y="-47.500" z="55.000"/>
           <Point x="-47.500" y="-47.500" z="55.000"/>
          </Rectangle>
          <SourceSurfacic id="{703743e9-65f3-43e4-9064-7ac684658f8c}" name="Source surfacique 2386">
           <nbSrcs>0</nbSrcs>
           <densiteSrcsH>5</densiteSrcsH>
           <densiteSrcsV>5</densiteSrcsV>
           <srcsCorr>0</srcsCorr>
          </SourceSurfacic>
         </AcousticCircle>
         <AcousticCircle id="{465fd770-95d4-4177-b61b-eb8e0b93bc36}" name="Cercle acoustique 29">
          <Color g="0.262745" r="1" b="0.521569"/>
          <densiteSrcsH>5</densiteSrcsH>
          <densiteSrcsV>5</densiteSrcsV>
          <curRegime>0</curRegime>
          <nbRegimes>1</nbRegimes>
          <nextRegime>1</nextRegime>
          <Regime id="{4f0ab523-9a2d-4e71-9e04-531a5dfa2521}" name="RÃÂÃÂÃÂÃÂÃÂÃÂÃÂÃÂÃÂÃÂÃÂÃÂÃÂÃÂÃÂÃÂ©gime 0">
           <isRayonnant>1</isRayonnant>
           <useAtt>0</useAtt>
           <typeDistribution>0</typeDistribution>
          </Regime>
          <isSub>0</isSub>
          <Rectangle id="{efe68d78-2076-4bf3-8b69-99036fa0683e}" name="Rectangle 29186">
           <Point x="-47.500" y="-47.500" z="-55.000"/>
           <Point x="47.500" y="-47.500" z="-55.000"/>
           <Point x="47.500" y="47.500" z="-55.000"/>
           <Point x="-47.500" y="47.500" z="-55.000"/>
          </Rectangle>
          <SourceSurfacic id="{8ed046fa-e016-4e1a-be94-20376d65fbc8}" name="Source surfacique 2387">
           <nbSrcs>0</nbSrcs>
           <densiteSrcsH>5</densiteSrcsH>
           <densiteSrcsV>5</densiteSrcsV>
           <srcsCorr>0</srcsCorr>
          </SourceSurfacic>
         </AcousticCircle>
        </AcousticCylinder>
       </GeometryNode>
      </Batiment>
     </GeometryNode>
    </ListBatiment>
    <ListMachine/>
    <ListSource/>
   </Infrastructure>
   <root>1</root>
   <repere>0</repere>
   <SIG_X>0</SIG_X>
   <SIG_Y>0</SIG_Y>
  </SiteNode>
  <PointsControl>
   <PointControl x="115.000" y="0.000" z="10000.000" id="{57594958-f247-422d-a3d8-4442271a8b0d}" name="P1">
    <etatCalcul idCalcul="{462711b8-0326-42c4-a6da-acb9b515361f}" Etat="0"/>
    <etatCalcul idCalcul="{924c5c14-6f2e-4200-874d-21b14a45c357}" Etat="1"/>
    <Spectre idCalcul="{924c5c14-6f2e-4200-874d-21b14a45c357}" id="{648e8c46-6273-4f66-8923-4e350e3beb47}" name="">
     <type>3</type>
     <fMin>16</fMin>
     <fMax>16000</fMax>
     <freqTab form="0">-254.7 -254.7 -254.7 -254.7 -254.7 -254.7 -254.7 -254.7 -254.7 -254.7 -254.7 -254.8 -254.8 -254.8 -254.9 -255.0 -255.0 -255.1 -255.2 -255.3 -255.4 -255.6 -255.9 -256.3 -257.0 -258.0 -259.7 -262.1 -265.8 -271.3 -279.2</freqTab>
    </Spectre>
    <Color g="0" r="0.333333" b="1"/>
    <hauteur>10000.000</hauteur>
    <formeObjet>0</formeObjet>
   </PointControl>
   <PointControl x="-15.000" y="90.000" z="10000.000" id="{bb8938b1-fb57-421e-90f2-14a25b2d5951}" name="P2">
    <etatCalcul idCalcul="{462711b8-0326-42c4-a6da-acb9b515361f}" Etat="0"/>
    <etatCalcul idCalcul="{924c5c14-6f2e-4200-874d-21b14a45c357}" Etat="1"/>
    <Spectre idCalcul="{924c5c14-6f2e-4200-874d-21b14a45c357}" id="{6e3079bf-bc3d-4a50-8959-146477f930e6}" name="">
     <type>3</type>
     <fMin>16</fMin>
     <fMax>16000</fMax>
     <freqTab form="0">-253.1 -253.1 -253.1 -253.1 -253.1 -253.1 -253.1 -253.1 -253.1 -253.1 -253.1 -253.1 -253.2 -253.2 -253.3 -253.3 -253.4 -253.4 -253.5 -253.5 -253.6 -253.8 -254.0 -254.3 -254.8 -255.6 -256.8 -258.7 -261.4 -265.4 -271.0</freqTab>
    </Spectre>
    <Color g="0" r="0.333333" b="1"/>
    <hauteur>10000.000</hauteur>
    <formeObjet>0</formeObjet>
   </PointControl>
   <PointControl x="-60.000" y="-30.000" z="10000.000" id="{93db26fd-39d7-47e6-a5b8-0cef94adee3b}" name="P3">
    <etatCalcul idCalcul="{462711b8-0326-42c4-a6da-acb9b515361f}" Etat="0"/>
    <etatCalcul idCalcul="{924c5c14-6f2e-4200-874d-21b14a45c357}" Etat="1"/>
    <Spectre idCalcul="{924c5c14-6f2e-4200-874d-21b14a45c357}" id="{fcf4ef37-cb6c-49f0-b955-6f4a30511fe2}" name="">
     <type>3</type>
     <fMin>16</fMin>
     <fMax>16000</fMax>
     <freqTab form="0">-250.4 -250.4 -250.4 -250.4 -250.4 -250.4 -250.4 -250.4 -250.5 -250.5 -250.5 -250.5 -250.5 -250.5 -250.5 -250.6 -250.6 -250.7 -250.7 -250.7 -250.8 -250.9 -251.0 -251.2 -251.6 -252.1 -252.8 -253.9 -255.6 -257.9 -261.1</freqTab>
    </Spectre>
    <Color g="0" r="0.333333" b="1"/>
    <hauteur>10000.000</hauteur>
    <formeObjet>0</formeObjet>
   </PointControl>
  </PointsControl>
  <Calcul isUpTodate="1" id="{924c5c14-6f2e-4200-874d-21b14a45c357}" name="Calcul 1">
   <numero>1</numero>
   <auteur>Auteur</auteur>
   <dateCreation>2004-10-28</dateCreation>
   <dateModif>2004-10-28</dateModif>
   <comment>Commentaire</comment>
   <solverId>{a98b320c-44c4-47a9-b689-1dd352daa8b2}</solverId>
   <etat>1</etat>
   <expansGeo>0</expansGeo>
   <useSol>1</useSol>
   <typeCalculSol>0</typeCalculSol>
   <condFav>0</condFav>
   <useVegetation>0</useVegetation>
   <useAtmosphere>1</useAtmosphere>
   <useEcran>1</useEcran>
   <calculTrajetHorizontaux>1</calculTrajetHorizontaux>
   <useReflexion>0</useReflexion>
   <interference>0</interference>
   <h1>10</h1>
   <distanceSRMin>0.3</distanceSRMin>
   <freqMinSpectre>16</freqMinSpectre>
   <freqMaxSpectre>16000</freqMaxSpectre>
   <ListID>
    <Element id="{190a3a19-7379-4288-a376-6d3dbc5023df}"/>
    <Element id="{3ef8cba0-00bb-467e-8a69-5a03bb2edc18}"/>
    <Element id="{51583e28-488e-4926-9136-a3f4adfc3344}"/>
    <Element id="{c81002de-41e2-445e-aacf-94ba76a7efec}"/>
    <Element id="{a791a1ac-afe8-4769-8513-274991735b53}"/>
    <Element id="{3501eb9d-87fd-46ed-920d-065896177ebe}"/>
    <Element id="{465fd770-95d4-4177-b61b-eb8e0b93bc36}"/>
    <Element id="{8274f97b-90a1-48ed-bb1f-b0ac1c8a1813}"/>
    <Element id="{62c8ae91-3850-4bed-ae48-6428e1e60fe7}"/>
   </ListID>
   <EmissionAccVolNodes>
    <EmissionAccVolNode accVolNodeId="{51583e28-488e-4926-9136-a3f4adfc3344}" state="0"/>
    <EmissionAccVolNode accVolNodeId="{3ef8cba0-00bb-467e-8a69-5a03bb2edc18}" state="0"/>
    <EmissionAccVolNode accVolNodeId="{c81002de-41e2-445e-aacf-94ba76a7efec}" state="1"/>
    <EmissionAccVolNode accVolNodeId="{190a3a19-7379-4288-a376-6d3dbc5023df}" state="0"/>
   </EmissionAccVolNodes>
   <RegimeAccNode>
    <RegimeAccNode accVolNodeId="{51583e28-488e-4926-9136-a3f4adfc3344}" state="0"/>
    <RegimeAccNode accVolNodeId="{3ef8cba0-00bb-467e-8a69-5a03bb2edc18}" state="0"/>
    <RegimeAccNode accVolNodeId="{c81002de-41e2-445e-aacf-94ba76a7efec}" state="0"/>
    <RegimeAccNode accVolNodeId="{190a3a19-7379-4288-a376-6d3dbc5023df}" state="0"/>
   </RegimeAccNode>
   <Atmosphere id="{fd2c9f5c-9e87-4d38-ab89-77856d1757ff}" name="Atmosphère 1">
    <pression>101325</pression>
    <temperature>20</temperature>
    <hygrometrie>70</hygrometrie>
    <vitVent>0</vitVent>
    <dirVent>0</dirVent>
    <A>0</A>
    <B>0</B>
    <C>5e-06</C>
    <D>0</D>
    <stability_class>0</stability_class>
    <Spectre id="{b71fa568-4999-4b26-8c36-9b77faf334d4}" name="Spectre 1">
     <type>0</type>
     <fMin>16</fMin>
     <fMax>16000</fMax>
     <freqTab form="0">0.00001 0.00001 0.00001 0.00002 0.00004 0.00006 0.00009 0.00014 0.00022 0.00034 0.00052 0.00078 0.00113 0.00160 0.00216 0.00280 0.00348 0.00419 0.00498 0.00592 0.00718 0.00902 0.01180 0.01613 0.02291 0.03358 0.05035 0.07662 0.11751 0.18053 0.27624</freqTab>
    </Spectre>
   </Atmosphere>
   <Resultat id="{03e6851f-3dd3-45a3-87c6-c0db3d84b643}" name="RÃÂÃÂÃÂÃÂ©sultat 6">
    <ListSources>
     <Source srcId="{c81002de-41e2-445e-aacf-94ba76a7efec}" index="0"/>
    </ListSources>
    <ListRecepteurs>
     <Recepteur recId="{bb8938b1-fb57-421e-90f2-14a25b2d5951}" index="1"/>
     <Recepteur recId="{93db26fd-39d7-47e6-a5b8-0cef94adee3b}" index="2"/>
     <Recepteur recId="{57594958-f247-422d-a3d8-4442271a8b0d}" index="0"/>
    </ListRecepteurs>
    <ListSpectres>
     <SpectreInd indexRec="0" indexSrc="0">
      <Spectre id="{66363d52-6f2f-43b2-9c60-55e9821e8a5c}" name="Spectre 7179">
       <type>3</type>
       <fMin>16</fMin>
       <fMax>16000</fMax>
       <freqTab form="0">-254.7 -254.7 -254.7 -254.7 -254.7 -254.7 -254.7 -254.7 -254.7 -254.7 -254.7 -254.8 -254.8 -254.8 -254.9 -255.0 -255.0 -255.1 -255.2 -255.3 -255.4 -255.6 -255.9 -256.3 -257.0 -258.0 -259.7 -262.1 -265.8 -271.3 -279.2</freqTab>
      </Spectre>
     </SpectreInd>
     <SpectreInd indexRec="1" indexSrc="0">
      <Spectre id="{66363d52-6f2f-43b2-9c60-55e9821e8a5c}" name="Spectre 7179">
       <type>3</type>
       <fMin>16</fMin>
       <fMax>16000</fMax>
       <freqTab form="0">-253.1 -253.1 -253.1 -253.1 -253.1 -253.1 -253.1 -253.1 -253.1 -253.1 -253.1 -253.1 -253.2 -253.2 -253.3 -253.3 -253.4 -253.4 -253.5 -253.5 -253.6 -253.8 -254.0 -254.3 -254.8 -255.6 -256.8 -258.7 -261.4 -265.4 -271.0</freqTab>
      </Spectre>
     </SpectreInd>
     <SpectreInd indexRec="2" indexSrc="0">
      <Spectre id="{66363d52-6f2f-43b2-9c60-55e9821e8a5c}" name="Spectre 7179">
       <type>3</type>
       <fMin>16</fMin>
       <fMax>16000</fMax>
       <freqTab form="0">-250.4 -250.4 -250.4 -250.4 -250.4 -250.4 -250.4 -250.4 -250.5 -250.5 -250.5 -250.5 -250.5 -250.5 -250.5 -250.6 -250.6 -250.7 -250.7 -250.7 -250.8 -250.9 -251.0 -251.2 -251.6 -252.1 -252.8 -253.9 -255.6 -257.9 -261.1</freqTab>
      </Spectre>
     </SpectreInd>
    </ListSpectres>
    <ListLw>
     <SourceLw srcId="{c81002de-41e2-445e-aacf-94ba76a7efec}">
      <Spectre id="{62c38933-628c-4b0c-8f4c-404071f3a710}" name="">
       <type>2</type>
       <fMin>16</fMin>
       <fMax>16000</fMax>
       <freqTab form="0">-197.0 -197.0 -197.0 -197.0 -197.0 -197.0 -197.0 -197.0 -197.0 -197.0 -197.0 -197.0 -197.0 -197.0 -197.0 -197.0 -197.0 -197.0 -197.0 -197.0 -197.0 -197.0 -197.0 -197.0 -197.0 -197.0 -197.0 -197.0 -197.0 -197.0 -197.0</freqTab>
      </Spectre>
     </SourceLw>
    </ListLw>
   </Resultat>
  </Calcul>
 </Projet>
</Tympan>
