<?xml version="1.0" encoding="ISO-8859-1" standalone="no"?>
<!DOCTYPE Tympan SYSTEM 'Tympan.dtd'>
<Tympan>
 <Version>3.10.0 - GNU GPL version 3 - http://www.gnu.org/licenses/gpl.html</Version>
 <Projet id="{51583e28-488e-4926-9136-a3f4adfc3344}" name="Projet 0">
  <auteur></auteur>
  <dateCreation>2004-10-28</dateCreation>
  <dateModif>2004-10-28</dateModif>
  <comment></comment>
  <delaunayTolerence>0.001</delaunayTolerence>
  <distMaxBetweenPoints>50</distMaxBetweenPoints>
  <useDefGeomVal>1</useDefGeomVal>
  <currentCalculID>{924c5c14-6f2e-4200-874d-21b14a45c357}</currentCalculID>
  <SiteNode id="{3ef8cba0-00bb-467e-8a69-5a03bb2edc18}" name="Site 0">
   <echelle>1</echelle>
   <useEmpriseAsCrbNiv>0</useEmpriseAsCrbNiv>
   <useTopoFile>0</useTopoFile>
   <topoFile></topoFile>
   <altiEmprise>0</altiEmprise>
   <Segment id="{67e37ae1-2928-432b-8e7b-b044e3228367}" name="Segment 0">
    <Color g="1" r="1" b="1"/>
    <Point x="0.000" y="0.000" z="0.000"/>
    <Point x="0.000" y="1.000" z="0.000"/>
   </Segment>
   <Point x="0.000" y="0.000" z="0.000"/>
   <Topographie id="{100ae6d1-5cfd-447e-a658-11a76a4e7daa}" name="Topographie 0">
    <Emprise>
     <Point x="-835.000" y="488.000" z="0.000"/>
     <Point x="-843.000" y="-878.000" z="0.000"/>
     <Point x="788.000" y="-870.000" z="0.000"/>
     <Point x="781.000" y="769.000" z="0.000"/>
     <Point x="-812.000" y="738.000" z="0.000"/>
    </Emprise>
    <ListCrbNiv/>
    <ListTerrain>
     <GeometryNode id="{a9375b54-3826-4af4-9423-97aae8df2931}" name="">
      <hauteur>0.000</hauteur>
      <Repere id="{e84e8496-7397-45bd-a951-708fc9ab117e}" name="Repère 5">
       <Point x="0.000000000000" y="0.000000000000" z="0.000000000000"/>
       <Vector x="1.000000000000" y="0.000000000000" z="0.000000000000"/>
       <Vector x="0.000000000000" y="1.000000000000" z="0.000000000000"/>
       <Vector x="0.000000000000" y="0.000000000000" z="1.000000000000"/>
      </Repere>
      <Terrain id="{f494dd78-d777-414f-8f95-3fdd57d62954}" name="Terrain par defaut">
       <Color g="0.333333" r="0" b="0"/>
       <Sol id="{473bba11-ae82-4c06-a218-caefd30e37cc}" name="Sol 7">
        <resistivite>20000</resistivite>
        <epaisseur>1</epaisseur>
        <active>0</active>
        <miroir>0</miroir>
       </Sol>
       <nbPoints>0</nbPoints>
      </Terrain>
     </GeometryNode>
    </ListTerrain>
    <ListCrsEau/>
    <ListPlanEau/>
    <Altimetrie id="{d946862b-64e6-46f4-952a-16354b8d8bac}" name="Altimétrie 0"/>
    <DefaultTerrain>0</DefaultTerrain>
   </Topographie>
   <Infrastructure id="{190a3a19-7379-4288-a376-6d3dbc5023df}" name="Infrastructure 0">
    <ListRoute/>
    <ListResTrans/>
    <ListBatiment/>
    <ListMachine>
     <GeometryNode id="{f04cc54e-4e09-4a55-94e5-83c7244cd2e1}" name="">
      <hauteur>0.000</hauteur>
      <Repere id="{bcf33ec4-6843-4239-82c3-21f90f01c541}" name="">
       <Point x="0.000000000000" y="0.000000000000" z="0.000000000000"/>
       <Vector x="1.000000000000" y="0.000000000000" z="0.000000000000"/>
       <Vector x="0.000000000000" y="1.000000000000" z="0.000000000000"/>
       <Vector x="0.000000000000" y="0.000000000000" z="1.000000000000"/>
      </Repere>
      <Machine id="{aa282608-d0d5-43b4-a977-ccae7b7e348c}" name="MACHINE_CUBIQUE">
       <Color g="1" r="1" b="1"/>
       <densiteSrcsH>5</densiteSrcsH>
       <densiteSrcsV>5</densiteSrcsV>
       <curRegime>0</curRegime>
       <nbRegimes>1</nbRegimes>
       <nextRegime>1</nextRegime>
       <Regime id="{50e13feb-0df8-46ec-8693-5b814b8a10a6}" name="Régime 0">
        <isRayonnant>1</isRayonnant>
        <useAtt>0</useAtt>
        <typeDistribution>1</typeDistribution>
        <Spectre id="{538351ce-d2d9-4c8c-9d43-00e724345125}" name="Spectre 19934">
         <type>2</type>
         <fMin>16</fMin>
         <fMax>16000</fMax>
         <freqTab form="0">100.0 100.0 100.0 100.0 100.0 100.0 100.0 100.0 100.0 100.0 100.0 100.0 100.0 100.0 100.0 100.0 100.0 100.0 100.0 100.0 100.0 100.0 100.0 100.0 100.0 100.0 100.0 100.0 100.0 100.0 100.0</freqTab>
        </Spectre>
       </Regime>
       <nbChild>1</nbChild>
       <GeometryNode id="{01e1e54f-089b-4c65-b710-627ec0b80a8d}" name="">
        <hauteur>0.000</hauteur>
        <Repere id="{c3988d76-573c-4327-90d1-600ea1d90b79}" name="Repère 3117">
         <Point x="0.000000000000" y="0.000000000000" z="30.000000000000"/>
         <Vector x="1.000000000000" y="0.000000000000" z="0.000000000000"/>
         <Vector x="0.000000000000" y="1.000000000000" z="0.000000000000"/>
         <Vector x="0.000000000000" y="0.000000000000" z="1.000000000000"/>
        </Repere>
        <AcousticBox id="{46f75333-8950-4371-a286-d726dc934a2c}" name="Boîte acoustique 13">
         <Color g="0.0156863" r="0.180392" b="0.721569"/>
         <densiteSrcsH>5</densiteSrcsH>
         <densiteSrcsV>5</densiteSrcsV>
         <curRegime>0</curRegime>
         <nbRegimes>1</nbRegimes>
         <nextRegime>1</nextRegime>
         <Regime id="{114b7a97-6e06-4aa1-b2c5-46d9eb9c79a2}" name="Régime 0">
          <isRayonnant>1</isRayonnant>
          <useAtt>0</useAtt>
          <typeDistribution>0</typeDistribution>
         </Regime>
         <MateriauConstruction id="{cadc1d79-c690-4007-90fd-5486d851d9c2}" name="Matériau de construction 2121">
          <masseVol>2500</masseVol>
          <Spectre id="{858b0601-a31a-4d62-9cd3-d6799d16548a}" name="">
           <type>0</type>
           <fMin>16</fMin>
           <fMax>16000</fMax>
           <freqTab form="0">15.000 15.000 15.000 15.000 15.000 15.000 15.000 15.000 15.000 15.000 15.000 15.000 15.000 15.000 15.000 15.000 15.000 15.000 15.000 15.000 15.000 15.000 15.000 15.000 15.000 15.000 15.000 15.000 15.000 15.000 15.000</freqTab>
          </Spectre>
          <Spectre id="{32841a4f-9b1f-4310-b25e-544c9ba5b1d3}" name="">
           <type>1</type>
           <fMin>16</fMin>
           <fMax>16000</fMax>
           <freqTab form="0">0.200 0.200 0.200 0.200 0.200 0.200 0.200 0.200 0.200 0.200 0.200 0.200 0.200 0.200 0.200 0.200 0.200 0.200 0.200 0.200 0.200 0.200 0.200 0.200 0.200 0.200 0.200 0.200 0.200 0.200 0.200</freqTab>
          </Spectre>
         </MateriauConstruction>
         <forceNormales>0</forceNormales>
         <GeometryNode id="{db09d33d-1fcb-44b0-a428-1433998aa967}" name="">
          <hauteur>0.000</hauteur>
          <Repere id="{bf54edf3-2f33-4543-bb13-148353675752}" name="Repère 3107">
           <Point x="30.000000000000" y="0.000000000000" z="0.000000000000"/>
           <Vector x="0.000000000000" y="1.000000000000" z="0.000000000000"/>
           <Vector x="0.000000000000" y="0.000000000000" z="1.000000000000"/>
           <Vector x="1.000000000000" y="0.000000000000" z="0.000000000000"/>
          </Repere>
          <AcousticRectangleNode id="{2ca14664-39f6-4fac-86c7-825fe2391db4}" name="Face 0">
           <Color g="0.0156863" r="0.180392" b="0.721569"/>
           <densiteSrcsH>5</densiteSrcsH>
           <densiteSrcsV>5</densiteSrcsV>
           <curRegime>0</curRegime>
           <nbRegimes>1</nbRegimes>
           <nextRegime>1</nextRegime>
           <Regime id="{b79e254d-fca9-46bb-9163-e01bdb7c39df}" name="Régime 0">
            <isRayonnant>1</isRayonnant>
            <useAtt>0</useAtt>
            <typeDistribution>0</typeDistribution>
           </Regime>
           <Rectangle id="{6be73ba7-c8e9-47cd-bd34-a96d6532dd85}" name="Rectangle 77230">
            <Point x="-30.000" y="30.000" z="0.000"/>
            <Point x="30.000" y="30.000" z="0.000"/>
            <Point x="30.000" y="-30.000" z="0.000"/>
            <Point x="-30.000" y="-30.000" z="0.000"/>
           </Rectangle>
           <nbChild>1</nbChild>
           <GeometryNode id="{b1c13701-0d84-4780-870e-9031be12bead}" name="">
            <hauteur>0.000</hauteur>
            <Repere id="{feffc9f3-4276-4230-91bc-6f96273e45b0}" name="Repère 40">
             <Point x="0.000000000000" y="0.000000000000" z="0.000000000000"/>
             <Vector x="1.000000000000" y="0.000000000000" z="0.000000000000"/>
             <Vector x="0.000000000000" y="1.000000000000" z="0.000000000000"/>
             <Vector x="0.000000000000" y="0.000000000000" z="1.000000000000"/>
            </Repere>
            <AcousticRectangle id="{e22b1d89-8f41-4b92-9823-2bb1fc02d0f9}" name="Sous-face 8">
             <Color g="0.0156863" r="0.180392" b="0.721569"/>
             <densiteSrcsH>5</densiteSrcsH>
             <densiteSrcsV>5</densiteSrcsV>
             <curRegime>0</curRegime>
             <nbRegimes>1</nbRegimes>
             <nextRegime>1</nextRegime>
             <Regime id="{74aaa4bb-f013-4272-97fd-9a37d92ca79c}" name="Régime 0">
              <isRayonnant>1</isRayonnant>
              <useAtt>0</useAtt>
              <typeDistribution>0</typeDistribution>
             </Regime>
             <isSub>0</isSub>
             <Rectangle id="{be1b8b46-3a95-435a-b11c-77cd43e0b62e}" name="Rectangle 16">
              <Point x="-30.000" y="30.000" z="0.000"/>
              <Point x="30.000" y="30.000" z="0.000"/>
              <Point x="30.000" y="-30.000" z="0.000"/>
              <Point x="-30.000" y="-30.000" z="0.000"/>
             </Rectangle>
             <SourceSurfacic id="{37e0fa30-4531-475f-8dfc-724414d4598c}" name="Source surfacique 8">
              <nbSrcs>0</nbSrcs>
              <densiteSrcsH>5</densiteSrcsH>
              <densiteSrcsV>5</densiteSrcsV>
              <srcsCorr>0</srcsCorr>
             </SourceSurfacic>
            </AcousticRectangle>
           </GeometryNode>
          </AcousticRectangleNode>
         </GeometryNode>
         <GeometryNode id="{cefa9402-9994-4085-82b7-0405e66ba323}" name="">
          <hauteur>0.000</hauteur>
          <Repere id="{c7f882c0-f586-4df8-896d-252f7416a962}" name="Repère 3111">
           <Point x="0.000000000000" y="-30.000000000000" z="0.000000000000"/>
           <Vector x="1.000000000000" y="0.000000000000" z="0.000000000000"/>
           <Vector x="0.000000000000" y="0.000000000000" z="1.000000000000"/>
           <Vector x="0.000000000000" y="-1.000000000000" z="0.000000000000"/>
          </Repere>
          <AcousticRectangleNode id="{7e9f5156-645a-43b5-a836-7a9f1e552a23}" name="Face 1">
           <Color g="0.0156863" r="0.180392" b="0.721569"/>
           <densiteSrcsH>5</densiteSrcsH>
           <densiteSrcsV>5</densiteSrcsV>
           <curRegime>0</curRegime>
           <nbRegimes>1</nbRegimes>
           <nextRegime>1</nextRegime>
           <Regime id="{fbb721be-3377-4001-81a9-72f9424337f9}" name="Régime 0">
            <isRayonnant>1</isRayonnant>
            <useAtt>0</useAtt>
            <typeDistribution>0</typeDistribution>
           </Regime>
           <Rectangle id="{291f3747-bf94-42ec-92fa-3f89be0d93b2}" name="Rectangle 77232">
            <Point x="-30.000" y="30.000" z="0.000"/>
            <Point x="30.000" y="30.000" z="0.000"/>
            <Point x="30.000" y="-30.000" z="0.000"/>
            <Point x="-30.000" y="-30.000" z="0.000"/>
           </Rectangle>
           <nbChild>1</nbChild>
           <GeometryNode id="{afeca629-9e09-4714-811d-28648693aaac}" name="">
            <hauteur>0.000</hauteur>
            <Repere id="{0f098514-9d77-4423-b022-4a4bd4077d60}" name="Repère 44">
             <Point x="0.000000000000" y="0.000000000000" z="0.000000000000"/>
             <Vector x="1.000000000000" y="0.000000000000" z="0.000000000000"/>
             <Vector x="0.000000000000" y="1.000000000000" z="0.000000000000"/>
             <Vector x="0.000000000000" y="0.000000000000" z="1.000000000000"/>
            </Repere>
            <AcousticRectangle id="{fcf1431b-3f23-4d64-aca4-f3b76cb0ad5c}" name="Sous-face 11">
             <Color g="0.0156863" r="0.180392" b="0.721569"/>
             <densiteSrcsH>5</densiteSrcsH>
             <densiteSrcsV>5</densiteSrcsV>
             <curRegime>0</curRegime>
             <nbRegimes>1</nbRegimes>
             <nextRegime>1</nextRegime>
             <Regime id="{9ad8dfac-0c5f-4e08-a0e0-abf0037a8c23}" name="Régime 0">
              <isRayonnant>1</isRayonnant>
              <useAtt>0</useAtt>
              <typeDistribution>0</typeDistribution>
             </Regime>
             <isSub>0</isSub>
             <Rectangle id="{8f63703c-4dce-4c96-ac32-d0f2e82382e7}" name="Rectangle 20">
              <Point x="-30.000" y="30.000" z="0.000"/>
              <Point x="30.000" y="30.000" z="0.000"/>
              <Point x="30.000" y="-30.000" z="0.000"/>
              <Point x="-30.000" y="-30.000" z="0.000"/>
             </Rectangle>
             <SourceSurfacic id="{e5df860f-9e7b-48b5-930d-b4127eea3c1b}" name="Source surfacique 11">
              <nbSrcs>0</nbSrcs>
              <densiteSrcsH>5</densiteSrcsH>
              <densiteSrcsV>5</densiteSrcsV>
              <srcsCorr>0</srcsCorr>
             </SourceSurfacic>
            </AcousticRectangle>
           </GeometryNode>
          </AcousticRectangleNode>
         </GeometryNode>
         <GeometryNode id="{b9ae73b9-6e23-48c4-b488-0391ec2da324}" name="">
          <hauteur>0.000</hauteur>
          <Repere id="{58e61c21-2b16-4eb8-bc65-3a7b5ce652db}" name="Repère 3109">
           <Point x="-30.000000000000" y="0.000000000000" z="0.000000000000"/>
           <Vector x="0.000000000000" y="-1.000000000000" z="0.000000000000"/>
           <Vector x="0.000000000000" y="0.000000000000" z="1.000000000000"/>
           <Vector x="-1.000000000000" y="0.000000000000" z="0.000000000000"/>
          </Repere>
          <AcousticRectangleNode id="{77ac372e-91dd-4f5f-9245-683404a22b00}" name="Face 2">
           <Color g="0.0156863" r="0.180392" b="0.721569"/>
           <densiteSrcsH>5</densiteSrcsH>
           <densiteSrcsV>5</densiteSrcsV>
           <curRegime>0</curRegime>
           <nbRegimes>1</nbRegimes>
           <nextRegime>1</nextRegime>
           <Regime id="{c8a83633-e2c4-4cb3-a7e1-568620b3fe3c}" name="Régime 0">
            <isRayonnant>1</isRayonnant>
            <useAtt>0</useAtt>
            <typeDistribution>0</typeDistribution>
           </Regime>
           <Rectangle id="{a30d2875-02c1-4519-845a-f60979146b83}" name="Rectangle 77234">
            <Point x="-30.000" y="30.000" z="0.000"/>
            <Point x="30.000" y="30.000" z="0.000"/>
            <Point x="30.000" y="-30.000" z="0.000"/>
            <Point x="-30.000" y="-30.000" z="0.000"/>
           </Rectangle>
           <nbChild>1</nbChild>
           <GeometryNode id="{4c48fba1-1e2b-4773-973f-8a1188f9d841}" name="">
            <hauteur>0.000</hauteur>
            <Repere id="{4639a6d9-5b46-4aee-a15c-0288069d3af7}" name="Repère 48">
             <Point x="0.000000000000" y="0.000000000000" z="0.000000000000"/>
             <Vector x="1.000000000000" y="0.000000000000" z="0.000000000000"/>
             <Vector x="0.000000000000" y="1.000000000000" z="0.000000000000"/>
             <Vector x="0.000000000000" y="0.000000000000" z="1.000000000000"/>
            </Repere>
            <AcousticRectangle id="{e865e198-2e36-43b3-9464-28bee7ee573c}" name="Sous-face 14">
             <Color g="0.0156863" r="0.180392" b="0.721569"/>
             <densiteSrcsH>5</densiteSrcsH>
             <densiteSrcsV>5</densiteSrcsV>
             <curRegime>0</curRegime>
             <nbRegimes>1</nbRegimes>
             <nextRegime>1</nextRegime>
             <Regime id="{15a7025e-e681-48c8-9b4b-779891893c3a}" name="Régime 0">
              <isRayonnant>1</isRayonnant>
              <useAtt>0</useAtt>
              <typeDistribution>0</typeDistribution>
             </Regime>
             <isSub>0</isSub>
             <Rectangle id="{b33f3668-24dc-469e-9545-b2c742ec814f}" name="Rectangle 24">
              <Point x="-30.000" y="30.000" z="0.000"/>
              <Point x="30.000" y="30.000" z="0.000"/>
              <Point x="30.000" y="-30.000" z="0.000"/>
              <Point x="-30.000" y="-30.000" z="0.000"/>
             </Rectangle>
             <SourceSurfacic id="{b7767c89-fc9d-4bad-8c2c-0afba9aa6878}" name="Source surfacique 14">
              <nbSrcs>0</nbSrcs>
              <densiteSrcsH>5</densiteSrcsH>
              <densiteSrcsV>5</densiteSrcsV>
              <srcsCorr>0</srcsCorr>
             </SourceSurfacic>
            </AcousticRectangle>
           </GeometryNode>
          </AcousticRectangleNode>
         </GeometryNode>
         <GeometryNode id="{3aee79f0-816b-4eed-8326-c119ac6e94de}" name="">
          <hauteur>0.000</hauteur>
          <Repere id="{f77446a0-74a8-40ff-ac75-964deb3f07fb}" name="Repère 3112">
           <Point x="0.000000000000" y="30.000000000000" z="0.000000000000"/>
           <Vector x="-1.000000000000" y="0.000000000000" z="0.000000000000"/>
           <Vector x="0.000000000000" y="0.000000000000" z="1.000000000000"/>
           <Vector x="0.000000000000" y="1.000000000000" z="0.000000000000"/>
          </Repere>
          <AcousticRectangleNode id="{45976d50-8764-4651-b8e2-25a2d2de0535}" name="Face 3">
           <Color g="0.0156863" r="0.180392" b="0.721569"/>
           <densiteSrcsH>5</densiteSrcsH>
           <densiteSrcsV>5</densiteSrcsV>
           <curRegime>0</curRegime>
           <nbRegimes>1</nbRegimes>
           <nextRegime>1</nextRegime>
           <Regime id="{7d1d5468-17d0-479b-b6f5-aece1d2ee2d0}" name="Régime 0">
            <isRayonnant>1</isRayonnant>
            <useAtt>0</useAtt>
            <typeDistribution>0</typeDistribution>
           </Regime>
           <Rectangle id="{79a335a3-33ce-486b-9747-b20ec7fc827c}" name="Rectangle 77236">
            <Point x="-30.000" y="30.000" z="0.000"/>
            <Point x="30.000" y="30.000" z="0.000"/>
            <Point x="30.000" y="-30.000" z="0.000"/>
            <Point x="-30.000" y="-30.000" z="0.000"/>
           </Rectangle>
           <nbChild>1</nbChild>
           <GeometryNode id="{c08902e7-ee7a-432a-8f3c-771f630656f7}" name="">
            <hauteur>0.000</hauteur>
            <Repere id="{96e3d58e-57c6-4bb9-a01c-f8e91ca789ee}" name="Repère 52">
             <Point x="0.000000000000" y="0.000000000000" z="0.000000000000"/>
             <Vector x="1.000000000000" y="0.000000000000" z="0.000000000000"/>
             <Vector x="0.000000000000" y="1.000000000000" z="0.000000000000"/>
             <Vector x="0.000000000000" y="0.000000000000" z="1.000000000000"/>
            </Repere>
            <AcousticRectangle id="{be2a6ac8-e330-4fd2-8e4d-095ebafc67f2}" name="Sous-face 17">
             <Color g="0.0156863" r="0.180392" b="0.721569"/>
             <densiteSrcsH>5</densiteSrcsH>
             <densiteSrcsV>5</densiteSrcsV>
             <curRegime>0</curRegime>
             <nbRegimes>1</nbRegimes>
             <nextRegime>1</nextRegime>
             <Regime id="{403fc406-67a8-414e-9f45-3d93299c341e}" name="Régime 0">
              <isRayonnant>1</isRayonnant>
              <useAtt>0</useAtt>
              <typeDistribution>0</typeDistribution>
             </Regime>
             <isSub>0</isSub>
             <Rectangle id="{2dd62b52-8ca4-43e5-92e2-c087b8b6df52}" name="Rectangle 28">
              <Point x="-30.000" y="30.000" z="0.000"/>
              <Point x="30.000" y="30.000" z="0.000"/>
              <Point x="30.000" y="-30.000" z="0.000"/>
              <Point x="-30.000" y="-30.000" z="0.000"/>
             </Rectangle>
             <SourceSurfacic id="{6000109f-0179-4f0a-82fc-e0199ee5ec36}" name="Source surfacique 17">
              <nbSrcs>0</nbSrcs>
              <densiteSrcsH>5</densiteSrcsH>
              <densiteSrcsV>5</densiteSrcsV>
              <srcsCorr>0</srcsCorr>
             </SourceSurfacic>
            </AcousticRectangle>
           </GeometryNode>
          </AcousticRectangleNode>
         </GeometryNode>
         <GeometryNode id="{71227415-51a0-4428-9383-23fd33358d41}" name="">
          <hauteur>0.000</hauteur>
          <Repere id="{5a899bca-bec1-4266-98b6-ef3c79cede3c}" name="Repère 3113">
           <Point x="0.000000000000" y="0.000000000000" z="-30.000000000000"/>
           <Vector x="1.000000000000" y="0.000000000000" z="0.000000000000"/>
           <Vector x="0.000000000000" y="-1.000000000000" z="0.000000000000"/>
           <Vector x="0.000000000000" y="0.000000000000" z="-1.000000000000"/>
          </Repere>
          <AcousticRectangleNode id="{a35785a7-3cb7-4796-a473-9e6afb8c1200}" name="Face 4">
           <Color g="0.0156863" r="0.180392" b="0.721569"/>
           <densiteSrcsH>5</densiteSrcsH>
           <densiteSrcsV>5</densiteSrcsV>
           <curRegime>0</curRegime>
           <nbRegimes>1</nbRegimes>
           <nextRegime>1</nextRegime>
           <Regime id="{f84a28b1-4f43-48d8-9403-4b32da826828}" name="Régime 0">
            <isRayonnant>1</isRayonnant>
            <useAtt>0</useAtt>
            <typeDistribution>0</typeDistribution>
           </Regime>
           <Rectangle id="{07795055-abe0-4874-a649-427f5bd2af33}" name="Rectangle 77238">
            <Point x="-30.000" y="30.000" z="0.000"/>
            <Point x="30.000" y="30.000" z="0.000"/>
            <Point x="30.000" y="-30.000" z="0.000"/>
            <Point x="-30.000" y="-30.000" z="0.000"/>
           </Rectangle>
           <nbChild>1</nbChild>
           <GeometryNode id="{aff891bb-c82e-4a6d-8513-176c46fa4ee8}" name="">
            <hauteur>0.000</hauteur>
            <Repere id="{e466dfdb-734c-4c49-97db-2734f5151477}" name="Repère 56">
             <Point x="0.000000000000" y="0.000000000000" z="0.000000000000"/>
             <Vector x="1.000000000000" y="0.000000000000" z="0.000000000000"/>
             <Vector x="0.000000000000" y="1.000000000000" z="0.000000000000"/>
             <Vector x="0.000000000000" y="0.000000000000" z="1.000000000000"/>
            </Repere>
            <AcousticRectangle id="{7d95a0cf-fd0c-4464-b784-8debfa3a401b}" name="Sous-face 20">
             <Color g="0.0156863" r="0.180392" b="0.721569"/>
             <densiteSrcsH>5</densiteSrcsH>
             <densiteSrcsV>5</densiteSrcsV>
             <curRegime>0</curRegime>
             <nbRegimes>1</nbRegimes>
             <nextRegime>1</nextRegime>
             <Regime id="{9d9759c6-5b1d-4e39-8358-d0fd44f8834d}" name="Régime 0">
              <isRayonnant>1</isRayonnant>
              <useAtt>0</useAtt>
              <typeDistribution>0</typeDistribution>
             </Regime>
             <isSub>0</isSub>
             <Rectangle id="{7afee199-2ae2-41ab-9dbb-57e67f5879be}" name="Rectangle 32">
              <Point x="-30.000" y="30.000" z="0.000"/>
              <Point x="30.000" y="30.000" z="0.000"/>
              <Point x="30.000" y="-30.000" z="0.000"/>
              <Point x="-30.000" y="-30.000" z="0.000"/>
             </Rectangle>
             <SourceSurfacic id="{481b1976-1aa1-4ab4-bee3-da8ee753b4d3}" name="Source surfacique 20">
              <nbSrcs>0</nbSrcs>
              <densiteSrcsH>5</densiteSrcsH>
              <densiteSrcsV>5</densiteSrcsV>
              <srcsCorr>0</srcsCorr>
             </SourceSurfacic>
            </AcousticRectangle>
           </GeometryNode>
          </AcousticRectangleNode>
         </GeometryNode>
         <GeometryNode id="{ca6dac73-4d8f-4219-a7ce-22d382bda5d8}" name="">
          <hauteur>0.000</hauteur>
          <Repere id="{4ded6f25-6ac4-4550-81c9-0f34b07a63f3}" name="Repère 3115">
           <Point x="0.000000000000" y="0.000000000000" z="30.000000000000"/>
           <Vector x="1.000000000000" y="0.000000000000" z="0.000000000000"/>
           <Vector x="0.000000000000" y="1.000000000000" z="0.000000000000"/>
           <Vector x="0.000000000000" y="0.000000000000" z="1.000000000000"/>
          </Repere>
          <AcousticRectangleNode id="{02d6a0a3-48db-43a9-92a5-a752acbf8d55}" name="Face 5">
           <Color g="0.0156863" r="0.180392" b="0.721569"/>
           <densiteSrcsH>5</densiteSrcsH>
           <densiteSrcsV>5</densiteSrcsV>
           <curRegime>0</curRegime>
           <nbRegimes>1</nbRegimes>
           <nextRegime>1</nextRegime>
           <Regime id="{8ad44590-c080-453e-951e-a788c41e8945}" name="Régime 0">
            <isRayonnant>1</isRayonnant>
            <useAtt>0</useAtt>
            <typeDistribution>0</typeDistribution>
           </Regime>
           <Rectangle id="{79812f8c-43ac-4807-a888-651c221629af}" name="Rectangle 77240">
            <Point x="-30.000" y="30.000" z="0.000"/>
            <Point x="30.000" y="30.000" z="0.000"/>
            <Point x="30.000" y="-30.000" z="0.000"/>
            <Point x="-30.000" y="-30.000" z="0.000"/>
           </Rectangle>
           <nbChild>1</nbChild>
           <GeometryNode id="{6199e3c9-fed0-4bbb-a703-0e207c19c5f0}" name="">
            <hauteur>0.000</hauteur>
            <Repere id="{74ca1071-c40c-4650-8847-974b8d7c2812}" name="Repère 60">
             <Point x="0.000000000000" y="0.000000000000" z="0.000000000000"/>
             <Vector x="1.000000000000" y="0.000000000000" z="0.000000000000"/>
             <Vector x="0.000000000000" y="1.000000000000" z="0.000000000000"/>
             <Vector x="0.000000000000" y="0.000000000000" z="1.000000000000"/>
            </Repere>
            <AcousticRectangle id="{2d14ff5c-6d7c-4bec-9ff0-dd4e5abb1dfb}" name="Sous-face 23">
             <Color g="0.0156863" r="0.180392" b="0.721569"/>
             <densiteSrcsH>5</densiteSrcsH>
             <densiteSrcsV>5</densiteSrcsV>
             <curRegime>0</curRegime>
             <nbRegimes>1</nbRegimes>
             <nextRegime>1</nextRegime>
             <Regime id="{879c3205-b8b7-4283-88a4-ea99369765a5}" name="Régime 0">
              <isRayonnant>1</isRayonnant>
              <useAtt>0</useAtt>
              <typeDistribution>0</typeDistribution>
             </Regime>
             <isSub>0</isSub>
             <Rectangle id="{ee8527ff-a8c0-4b61-b0ae-c2f5533c1f32}" name="Rectangle 36">
              <Point x="-30.000" y="30.000" z="0.000"/>
              <Point x="30.000" y="30.000" z="0.000"/>
              <Point x="30.000" y="-30.000" z="0.000"/>
              <Point x="-30.000" y="-30.000" z="0.000"/>
             </Rectangle>
             <SourceSurfacic id="{1639ed95-980f-416e-998d-e446615b6c95}" name="Source surfacique 23">
              <nbSrcs>0</nbSrcs>
              <densiteSrcsH>5</densiteSrcsH>
              <densiteSrcsV>5</densiteSrcsV>
              <srcsCorr>0</srcsCorr>
             </SourceSurfacic>
            </AcousticRectangle>
           </GeometryNode>
          </AcousticRectangleNode>
         </GeometryNode>
        </AcousticBox>
       </GeometryNode>
       <categorie>1</categorie>
       <constructeur>Constructeur</constructeur>
       <modele>Modele</modele>
       <commentaire>Commentaire</commentaire>
      </Machine>
     </GeometryNode>
    </ListMachine>
    <ListSource/>
   </Infrastructure>
   <root>1</root>
   <repere>0</repere>
   <SIG_X>0</SIG_X>
   <SIG_Y>0</SIG_Y>
  </SiteNode>
  <PointsControl>
   <PointControl x="115.000" y="0.000" z="0.000" id="{57594958-f247-422d-a3d8-4442271a8b0d}" name="P1">
    <etatCalcul idCalcul="{462711b8-0326-42c4-a6da-acb9b515361f}" Etat="0"/>
    <etatCalcul idCalcul="{924c5c14-6f2e-4200-874d-21b14a45c357}" Etat="1"/>
    <Spectre idCalcul="{924c5c14-6f2e-4200-874d-21b14a45c357}" id="{fdde1ee1-0fc0-45e2-9291-93017e4cee9b}" name="">
     <type>3</type>
     <fMin>16</fMin>
     <fMax>16000</fMax>
     <freqTab form="0">52.9 52.8 52.9 52.9 52.9 52.9 52.9 52.8 52.8 52.8 52.8 52.7 52.7 52.6 52.5 52.5 52.4 52.3 52.1 52.0 51.8 51.5 51.1 50.4 49.3 47.8 45.6 42.7 38.3 31.8 22.3</freqTab>
    </Spectre>
    <Color g="0" r="0.333333" b="1"/>
    <hauteur>0.000</hauteur>
    <formeObjet>0</formeObjet>
   </PointControl>
   <PointControl x="-15.000" y="90.000" z="0.000" id="{bb8938b1-fb57-421e-90f2-14a25b2d5951}" name="P2">
    <etatCalcul idCalcul="{462711b8-0326-42c4-a6da-acb9b515361f}" Etat="0"/>
    <etatCalcul idCalcul="{924c5c14-6f2e-4200-874d-21b14a45c357}" Etat="1"/>
    <Spectre idCalcul="{924c5c14-6f2e-4200-874d-21b14a45c357}" id="{b3b43e07-5238-4b88-92e8-5492c7eae548}" name="">
     <type>3</type>
     <fMin>16</fMin>
     <fMax>16000</fMax>
     <freqTab form="0">54.7 54.7 54.7 54.7 54.7 54.7 54.7 54.7 54.6 54.6 54.6 54.6 54.5 54.5 54.4 54.4 54.3 54.2 54.1 54.0 53.9 53.6 53.3 52.8 51.9 50.6 48.9 46.4 43.0 38.1 30.9</freqTab>
    </Spectre>
    <Color g="0" r="0.333333" b="1"/>
    <hauteur>0.000</hauteur>
    <formeObjet>0</formeObjet>
   </PointControl>
   <PointControl x="-60.000" y="-30.000" z="0.000" id="{93db26fd-39d7-47e6-a5b8-0cef94adee3b}" name="P3">
    <etatCalcul idCalcul="{462711b8-0326-42c4-a6da-acb9b515361f}" Etat="0"/>
    <etatCalcul idCalcul="{924c5c14-6f2e-4200-874d-21b14a45c357}" Etat="1"/>
    <Spectre idCalcul="{924c5c14-6f2e-4200-874d-21b14a45c357}" id="{806c90cb-3730-4a06-86da-5a612c4575f6}" name="">
     <type>3</type>
     <fMin>16</fMin>
     <fMax>16000</fMax>
     <freqTab form="0">57.3 57.3 57.3 57.3 57.3 57.3 57.3 57.3 57.2 57.3 57.2 57.2 57.2 57.2 57.1 57.1 57.0 57.0 56.9 56.8 56.7 56.6 56.3 56.0 55.4 54.4 53.1 51.3 48.9 45.7 41.2</freqTab>
    </Spectre>
    <Color g="0" r="0.333333" b="1"/>
    <hauteur>0.000</hauteur>
    <formeObjet>0</formeObjet>
   </PointControl>
  </PointsControl>
  <Calcul isUpTodate="1" id="{924c5c14-6f2e-4200-874d-21b14a45c357}" name="Calcul 1">
   <numero>1</numero>
   <auteur>Auteur</auteur>
   <dateCreation>2004-10-28</dateCreation>
   <dateModif>2004-10-28</dateModif>
   <comment>Commentaire</comment>
   <solverId>{a98b320c-44c4-47a9-b689-1dd352daa8b2}</solverId>
   <etat>1</etat>
   <expansGeo>0</expansGeo>
   <useSol>1</useSol>
   <typeCalculSol>0</typeCalculSol>
   <condFav>0</condFav>
   <useVegetation>0</useVegetation>
   <useAtmosphere>1</useAtmosphere>
   <useEcran>1</useEcran>
   <calculTrajetHorizontaux>1</calculTrajetHorizontaux>
   <useReflexion>0</useReflexion>
   <interference>1</interference>
   <h1>10</h1>
   <distanceSRMin>0.1</distanceSRMin>
   <freqMinSpectre>16</freqMinSpectre>
   <freqMaxSpectre>16000</freqMaxSpectre>
   <ListID>
    <Element id="{190a3a19-7379-4288-a376-6d3dbc5023df}"/>
    <Element id="{3ef8cba0-00bb-467e-8a69-5a03bb2edc18}"/>
    <Element id="{51583e28-488e-4926-9136-a3f4adfc3344}"/>
    <Element id="{aa282608-d0d5-43b4-a977-ccae7b7e348c}"/>
    <Element id="{01e1e54f-089b-4c65-b710-627ec0b80a8d}"/>
    <Element id="{db09d33d-1fcb-44b0-a428-1433998aa967}"/>
    <Element id="{2ca14664-39f6-4fac-86c7-825fe2391db4}"/>
    <Element id="{cefa9402-9994-4085-82b7-0405e66ba323}"/>
    <Element id="{7e9f5156-645a-43b5-a836-7a9f1e552a23}"/>
    <Element id="{b9ae73b9-6e23-48c4-b488-0391ec2da324}"/>
    <Element id="{77ac372e-91dd-4f5f-9245-683404a22b00}"/>
    <Element id="{3aee79f0-816b-4eed-8326-c119ac6e94de}"/>
    <Element id="{45976d50-8764-4651-b8e2-25a2d2de0535}"/>
    <Element id="{71227415-51a0-4428-9383-23fd33358d41}"/>
    <Element id="{a35785a7-3cb7-4796-a473-9e6afb8c1200}"/>
    <Element id="{ca6dac73-4d8f-4219-a7ce-22d382bda5d8}"/>
    <Element id="{02d6a0a3-48db-43a9-92a5-a752acbf8d55}"/>
    <Element id="{46f75333-8950-4371-a286-d726dc934a2c}"/>
   </ListID>
   <EmissionAccVolNodes>
    <EmissionAccVolNode accVolNodeId="{51583e28-488e-4926-9136-a3f4adfc3344}" state="0"/>
    <EmissionAccVolNode accVolNodeId="{3ef8cba0-00bb-467e-8a69-5a03bb2edc18}" state="0"/>
    <EmissionAccVolNode accVolNodeId="{190a3a19-7379-4288-a376-6d3dbc5023df}" state="0"/>
    <EmissionAccVolNode accVolNodeId="{aa282608-d0d5-43b4-a977-ccae7b7e348c}" state="1"/>
   </EmissionAccVolNodes>
   <RegimeAccNode>
    <RegimeAccNode accVolNodeId="{51583e28-488e-4926-9136-a3f4adfc3344}" state="0"/>
    <RegimeAccNode accVolNodeId="{3ef8cba0-00bb-467e-8a69-5a03bb2edc18}" state="0"/>
    <RegimeAccNode accVolNodeId="{190a3a19-7379-4288-a376-6d3dbc5023df}" state="0"/>
    <RegimeAccNode accVolNodeId="{aa282608-d0d5-43b4-a977-ccae7b7e348c}" state="0"/>
   </RegimeAccNode>
   <Atmosphere id="{9cdda47c-e865-424e-af50-c4245e4c0d4d}" name="Atmosphère 1">
    <pression>101325</pression>
    <temperature>20</temperature>
    <hygrometrie>70</hygrometrie>
    <vitVent>0</vitVent>
    <dirVent>0</dirVent>
    <A>0</A>
    <B>0</B>
    <C>5e-06</C>
    <D>0</D>
    <stability_class>0</stability_class>
    <Spectre id="{bb6face4-3414-4977-bb78-d5ad352ca386}" name="Spectre 1">
     <type>0</type>
     <fMin>16</fMin>
     <fMax>16000</fMax>
     <freqTab form="0">0.00001 0.00001 0.00001 0.00002 0.00004 0.00006 0.00009 0.00014 0.00022 0.00034 0.00052 0.00078 0.00113 0.00160 0.00216 0.00280 0.00348 0.00419 0.00498 0.00592 0.00718 0.00902 0.01180 0.01613 0.02291 0.03358 0.05035 0.07662 0.11751 0.18053 0.27624</freqTab>
    </Spectre>
   </Atmosphere>
   <Resultat id="{4658bd23-b4b4-42dc-9235-105393f0e7b2}" name="Résultat 1">
    <ListSources>
     <Source srcId="{aa282608-d0d5-43b4-a977-ccae7b7e348c}" index="0"/>
    </ListSources>
    <ListRecepteurs>
     <Recepteur recId="{bb8938b1-fb57-421e-90f2-14a25b2d5951}" index="1"/>
     <Recepteur recId="{57594958-f247-422d-a3d8-4442271a8b0d}" index="0"/>
     <Recepteur recId="{93db26fd-39d7-47e6-a5b8-0cef94adee3b}" index="2"/>
    </ListRecepteurs>
    <ListSpectres>
     <SpectreInd indexRec="0" indexSrc="0">
      <Spectre id="{8dc82a38-b937-4d85-851d-0a5d0cd83fdf}" name="Spectre 3132">
       <type>3</type>
       <fMin>16</fMin>
       <fMax>16000</fMax>
       <freqTab form="0">52.9 52.8 52.9 52.9 52.9 52.9 52.9 52.8 52.8 52.8 52.8 52.7 52.7 52.6 52.5 52.5 52.4 52.3 52.1 52.0 51.8 51.5 51.1 50.4 49.3 47.8 45.6 42.7 38.3 31.8 22.3</freqTab>
      </Spectre>
     </SpectreInd>
     <SpectreInd indexRec="1" indexSrc="0">
      <Spectre id="{8dc82a38-b937-4d85-851d-0a5d0cd83fdf}" name="Spectre 3132">
       <type>3</type>
       <fMin>16</fMin>
       <fMax>16000</fMax>
       <freqTab form="0">54.7 54.7 54.7 54.7 54.7 54.7 54.7 54.7 54.6 54.6 54.6 54.6 54.5 54.5 54.4 54.4 54.3 54.2 54.1 54.0 53.9 53.6 53.3 52.8 51.9 50.6 48.9 46.4 43.0 38.1 30.9</freqTab>
      </Spectre>
     </SpectreInd>
     <SpectreInd indexRec="2" indexSrc="0">
      <Spectre id="{8dc82a38-b937-4d85-851d-0a5d0cd83fdf}" name="Spectre 3132">
       <type>3</type>
       <fMin>16</fMin>
       <fMax>16000</fMax>
       <freqTab form="0">57.3 57.3 57.3 57.3 57.3 57.3 57.3 57.3 57.2 57.3 57.2 57.2 57.2 57.2 57.1 57.1 57.0 57.0 56.9 56.8 56.7 56.6 56.3 56.0 55.4 54.4 53.1 51.3 48.9 45.7 41.2</freqTab>
      </Spectre>
     </SpectreInd>
    </ListSpectres>
    <ListLw>
     <SourceLw srcId="{aa282608-d0d5-43b4-a977-ccae7b7e348c}">
      <Spectre id="{80e4fb0c-72d9-428c-afbf-468f4e8fb6f8}" name="">
       <type>2</type>
       <fMin>16</fMin>
       <fMax>16000</fMax>
       <freqTab form="0">100.0 100.0 100.0 100.0 100.0 100.0 100.0 100.0 100.0 100.0 100.0 100.0 100.0 100.0 100.0 100.0 100.0 100.0 100.0 100.0 100.0 100.0 100.0 100.0 100.0 100.0 100.0 100.0 100.0 100.0 100.0</freqTab>
      </Spectre>
     </SourceLw>
    </ListLw>
   </Resultat>
  </Calcul>
 </Projet>
</Tympan>
