<?xml version="1.0" encoding="ISO-8859-1" standalone="no"?>
<!DOCTYPE Tympan SYSTEM 'Tympan.dtd'>
<Tympan>
 <Version>3.10.0 - GNU GPL version 3 - http://www.gnu.org/licenses/gpl.html</Version>
 <Projet id="{61736b71-1c47-4b37-b79a-37b602f5216c}" name="Parking AESS2">
  <auteur></auteur>
  <dateCreation>2004-09-22</dateCreation>
  <dateModif>2004-10-12</dateModif>
  <comment></comment>
  <delaunayTolerence>0.001</delaunayTolerence>
  <distMaxBetweenPoints>50</distMaxBetweenPoints>
  <useDefGeomVal>1</useDefGeomVal>
  <currentCalculID>{a803e8bc-2c44-4b3c-9b9b-235532d44cd5}</currentCalculID>
  <SiteNode id="{540d89eb-3c06-41a8-97e9-1b1d13bc9f7d}" name="Site 7">
   <echelle>1</echelle>
   <useEmpriseAsCrbNiv>1</useEmpriseAsCrbNiv>
   <useTopoFile>0</useTopoFile>
   <topoFile></topoFile>
   <altiEmprise>0</altiEmprise>
   <Segment id="{0b348382-c4e0-4c43-a92a-c4cae51035bd}" name="Segment 101">
    <Color g="1" r="1" b="1"/>
    <Point x="0.000" y="0.000" z="0.000"/>
    <Point x="0.000" y="1.000" z="0.000"/>
   </Segment>
   <Point x="0.000" y="0.000" z="0.000"/>
   <Topographie id="{7843d8fb-80e5-4b3e-9d09-0b3e297546bc}" name="Topographie 7">
    <Emprise>
     <Point x="-499.000" y="501.000" z="0.000"/>
     <Point x="501.000" y="501.000" z="0.000"/>
     <Point x="502.000" y="-499.000" z="0.000"/>
     <Point x="-499.000" y="-499.000" z="0.000"/>
    </Emprise>
    <ListCrbNiv/>
    <ListTerrain>
     <GeometryNode id="{a58b7252-04ac-41f2-a852-c73f6e7883d5}" name="">
      <hauteur>0.000</hauteur>
      <Repere id="{f06a3eab-550a-4e7f-ab89-8524d12d5589}" name="Repère 106">
       <Point x="0.000000000000" y="0.000000000000" z="0.000000000000"/>
       <Vector x="1.000000000000" y="0.000000000000" z="0.000000000000"/>
       <Vector x="0.000000000000" y="1.000000000000" z="0.000000000000"/>
       <Vector x="0.000000000000" y="0.000000000000" z="1.000000000000"/>
      </Repere>
      <Terrain id="{7b76edc5-bcd3-4b29-8d5f-f896e11ec6e4}" name="Terrain par defaut">
       <Color g="0.333333" r="0" b="0"/>
       <Sol id="{6ff9b395-1572-437e-8d13-11a82c1881b5}" name="Sol 61">
        <resistivite>30000</resistivite>
        <epaisseur>1</epaisseur>
        <active>0</active>
        <miroir>0</miroir>
       </Sol>
       <nbPoints>0</nbPoints>
      </Terrain>
     </GeometryNode>
    </ListTerrain>
    <ListCrsEau/>
    <ListPlanEau/>
    <Altimetrie id="{30fa1f47-4e14-499f-9041-4b602bfbd77d}" name="Altimétrie 7"/>
    <DefaultTerrain>0</DefaultTerrain>
   </Topographie>
   <Infrastructure id="{9d5f6466-2640-48a0-aea0-5f6d9a5a0652}" name="Infrastructure 7">
    <ListRoute/>
    <ListResTrans/>
    <ListBatiment/>
    <ListMachine>
     <GeometryNode id="{5816aef8-4c95-4423-a16e-f3e9904f63ee}" name="">
      <hauteur>0.000</hauteur>
      <Repere id="{89d81ab8-71e8-4da8-aab5-d7ef3f59ceef}" name="">
       <Point x="0.000000000000" y="0.000000000000" z="0.000000000000"/>
       <Vector x="1.000000000000" y="0.000000000000" z="0.000000000000"/>
       <Vector x="0.000000000000" y="1.000000000000" z="0.000000000000"/>
       <Vector x="0.000000000000" y="0.000000000000" z="1.000000000000"/>
      </Repere>
      <Machine id="{733ce731-a752-457e-b8b2-074bf69fb24b}" name="Machine 0">
       <Color g="1" r="1" b="1"/>
       <densiteSrcsH>0</densiteSrcsH>
       <densiteSrcsV>0</densiteSrcsV>
       <curRegime>0</curRegime>
       <nbRegimes>1</nbRegimes>
       <nextRegime>3</nextRegime>
       <Regime id="{c0c5f9bb-dd50-472e-bce4-3c1470e61a2f}" name="regime0">
        <isRayonnant>0</isRayonnant>
        <useAtt>0</useAtt>
        <typeDistribution>0</typeDistribution>
       </Regime>
       <nbChild>1</nbChild>
       <GeometryNode id="{0f1288bd-193b-4247-92a6-c8de2d4ffed7}" name="">
        <hauteur>0.000</hauteur>
        <Repere id="{fccf901f-6fe9-4863-a594-c4719e679b33}" name="Repère 112">
         <Point x="0.000000000000" y="0.000000000000" z="0.250000000000"/>
         <Vector x="1.000000000000" y="0.000000000000" z="0.000000000000"/>
         <Vector x="0.000000000000" y="1.000000000000" z="0.000000000000"/>
         <Vector x="0.000000000000" y="0.000000000000" z="1.000000000000"/>
        </Repere>
        <AcousticBox id="{f76b7380-29ad-4d83-8af5-3ba3da359733}" name="Boîte acoustique 0">
         <Color g="0.0156863" r="0.180392" b="0.721569"/>
         <densiteSrcsH>0</densiteSrcsH>
         <densiteSrcsV>0</densiteSrcsV>
         <curRegime>0</curRegime>
         <nbRegimes>1</nbRegimes>
         <nextRegime>3</nextRegime>
         <Regime id="{8682158a-dd0c-4ddd-992e-3ec2e1cbd24d}" name="regime0">
          <isRayonnant>0</isRayonnant>
          <useAtt>0</useAtt>
          <typeDistribution>0</typeDistribution>
         </Regime>
         <MateriauConstruction id="{2c86864a-ce41-4329-b461-9a39f4c8ff17}" name="Matériau de construction 0">
          <masseVol>2500</masseVol>
          <Spectre id="{aac6e936-cc20-4898-9cbe-1d54c8bedee0}" name="">
           <type>0</type>
           <fMin>16</fMin>
           <fMax>16000</fMax>
           <freqTab form="0">15.000 15.000 15.000 15.000 15.000 15.000 15.000 15.000 15.000 15.000 15.000 15.000 15.000 15.000 15.000 15.000 15.000 15.000 15.000 15.000 15.000 15.000 15.000 15.000 15.000 15.000 15.000 15.000 15.000 15.000 15.000</freqTab>
          </Spectre>
          <Spectre id="{91ff77b6-0619-4271-a1f6-57e1d92653fb}" name="">
           <type>1</type>
           <fMin>16</fMin>
           <fMax>16000</fMax>
           <freqTab form="0">0.200 0.200 0.200 0.200 0.200 0.200 0.200 0.200 0.200 0.200 0.200 0.200 0.200 0.200 0.200 0.200 0.200 0.200 0.200 0.200 0.200 0.200 0.200 0.200 0.200 0.200 0.200 0.200 0.200 0.200 0.200</freqTab>
          </Spectre>
         </MateriauConstruction>
         <forceNormales>0</forceNormales>
         <GeometryNode id="{117cd78d-169c-4764-a874-6a023c29c589}" name="">
          <hauteur>0.000</hauteur>
          <Repere id="{332fe61f-f8e1-43d4-a736-19a7b67421ce}" name="Repère 132">
           <Point x="0.014999999665" y="0.000000000000" z="0.000000000000"/>
           <Vector x="0.000000000000" y="1.000000000000" z="0.000000000000"/>
           <Vector x="0.000000000000" y="0.000000000000" z="1.000000000000"/>
           <Vector x="1.000000000000" y="0.000000000000" z="0.000000000000"/>
          </Repere>
          <AcousticRectangleNode id="{4a509f6a-c60a-4208-b0bb-528010f1d59e}" name="Face 0">
           <Color g="0.0156863" r="0.180392" b="0.721569"/>
           <densiteSrcsH>0</densiteSrcsH>
           <densiteSrcsV>0</densiteSrcsV>
           <curRegime>0</curRegime>
           <nbRegimes>1</nbRegimes>
           <nextRegime>3</nextRegime>
           <Regime id="{d1a0c687-52db-4b0c-a5c4-3d9db744df3e}" name="regime0">
            <isRayonnant>0</isRayonnant>
            <useAtt>0</useAtt>
            <typeDistribution>0</typeDistribution>
           </Regime>
           <Rectangle id="{d2511405-f81a-4976-b0be-f608877e7e83}" name="Rectangle 24">
            <Point x="-0.700" y="0.250" z="0.000"/>
            <Point x="0.700" y="0.250" z="0.000"/>
            <Point x="0.700" y="-0.250" z="0.000"/>
            <Point x="-0.700" y="-0.250" z="0.000"/>
           </Rectangle>
           <nbChild>1</nbChild>
           <GeometryNode id="{9d9519b7-32aa-4c71-a178-3795baa166eb}" name="">
            <hauteur>0.000</hauteur>
            <Repere id="{17621149-85d6-4cbd-9a6c-0bb7ab6e4f69}" name="Repère 246">
             <Point x="0.000000000000" y="0.000000000000" z="0.000000000000"/>
             <Vector x="1.000000000000" y="0.000000000000" z="0.000000000000"/>
             <Vector x="0.000000000000" y="1.000000000000" z="0.000000000000"/>
             <Vector x="0.000000000000" y="0.000000000000" z="1.000000000000"/>
            </Repere>
            <AcousticRectangle id="{1974a675-ee1a-4aae-9dd5-ead0f5af2fad}" name="Sous-face 80">
             <Color g="0.0156863" r="0.180392" b="0.721569"/>
             <densiteSrcsH>0</densiteSrcsH>
             <densiteSrcsV>0</densiteSrcsV>
             <curRegime>0</curRegime>
             <nbRegimes>1</nbRegimes>
             <nextRegime>3</nextRegime>
             <Regime id="{18c77c4e-f8ae-41d6-9f48-9ecc2e9245b0}" name="regime0">
              <isRayonnant>0</isRayonnant>
              <useAtt>0</useAtt>
              <typeDistribution>0</typeDistribution>
             </Regime>
             <isSub>0</isSub>
             <Rectangle id="{825c5c9d-053e-4ff2-9299-f5ad84113b8d}" name="Rectangle 127">
              <Point x="-0.700" y="0.250" z="0.000"/>
              <Point x="0.700" y="0.250" z="0.000"/>
              <Point x="0.700" y="-0.250" z="0.000"/>
              <Point x="-0.700" y="-0.250" z="0.000"/>
             </Rectangle>
             <SourceSurfacic id="{71352d77-98ec-4072-9d9d-372714b037e3}" name="Source surfacique 80">
              <nbSrcs>0</nbSrcs>
              <densiteSrcsH>0</densiteSrcsH>
              <densiteSrcsV>0</densiteSrcsV>
              <srcsCorr>0</srcsCorr>
             </SourceSurfacic>
            </AcousticRectangle>
           </GeometryNode>
          </AcousticRectangleNode>
         </GeometryNode>
         <GeometryNode id="{09d3945b-4337-4fcc-b9cd-2026bef4763f}" name="">
          <hauteur>0.000</hauteur>
          <Repere id="{7277cbb7-da47-40c3-8a4e-1fd371a82932}" name="Repère 134">
           <Point x="0.000000000000" y="-0.699999988079" z="0.000000000000"/>
           <Vector x="1.000000000000" y="0.000000000000" z="0.000000000000"/>
           <Vector x="0.000000000000" y="0.000000000000" z="1.000000000000"/>
           <Vector x="0.000000000000" y="-1.000000000000" z="0.000000000000"/>
          </Repere>
          <AcousticRectangleNode id="{3569a3a9-0f97-4ff0-aa4f-64ca84ebb2af}" name="Face 1">
           <Color g="0.0156863" r="0.180392" b="0.721569"/>
           <densiteSrcsH>0</densiteSrcsH>
           <densiteSrcsV>0</densiteSrcsV>
           <curRegime>0</curRegime>
           <nbRegimes>1</nbRegimes>
           <nextRegime>3</nextRegime>
           <Regime id="{66d25ed2-b5c4-479d-b786-a904fea024ba}" name="regime0">
            <isRayonnant>0</isRayonnant>
            <useAtt>0</useAtt>
            <typeDistribution>0</typeDistribution>
           </Regime>
           <Rectangle id="{0fe3d8fd-5b7d-4115-be9b-aad872ca7ae7}" name="Rectangle 28">
            <Point x="-0.015" y="0.250" z="0.000"/>
            <Point x="0.015" y="0.250" z="0.000"/>
            <Point x="0.015" y="-0.250" z="0.000"/>
            <Point x="-0.015" y="-0.250" z="0.000"/>
           </Rectangle>
           <nbChild>1</nbChild>
           <GeometryNode id="{387d47e7-3514-418a-8aca-178d91d14306}" name="">
            <hauteur>0.000</hauteur>
            <Repere id="{cfbe06db-c4a2-48ce-9717-eead71ff5a21}" name="Repère 250">
             <Point x="0.000000000000" y="0.000000000000" z="0.000000000000"/>
             <Vector x="1.000000000000" y="0.000000000000" z="0.000000000000"/>
             <Vector x="0.000000000000" y="1.000000000000" z="0.000000000000"/>
             <Vector x="0.000000000000" y="0.000000000000" z="1.000000000000"/>
            </Repere>
            <AcousticRectangle id="{f66162ca-118e-473d-96b5-b7d749302a4b}" name="Sous-face 83">
             <Color g="0.0156863" r="0.180392" b="0.721569"/>
             <densiteSrcsH>0</densiteSrcsH>
             <densiteSrcsV>0</densiteSrcsV>
             <curRegime>0</curRegime>
             <nbRegimes>1</nbRegimes>
             <nextRegime>3</nextRegime>
             <Regime id="{1843f5ab-fbd8-4608-ac72-b4d06cbe4ac7}" name="regime0">
              <isRayonnant>0</isRayonnant>
              <useAtt>0</useAtt>
              <typeDistribution>0</typeDistribution>
             </Regime>
             <isSub>0</isSub>
             <Rectangle id="{58a437e1-8afd-4756-b94c-63d3d0053c9e}" name="Rectangle 131">
              <Point x="-0.015" y="0.250" z="0.000"/>
              <Point x="0.015" y="0.250" z="0.000"/>
              <Point x="0.015" y="-0.250" z="0.000"/>
              <Point x="-0.015" y="-0.250" z="0.000"/>
             </Rectangle>
             <SourceSurfacic id="{97d7a061-55e3-4ee2-ad1d-c67d28616d4a}" name="Source surfacique 83">
              <nbSrcs>0</nbSrcs>
              <densiteSrcsH>0</densiteSrcsH>
              <densiteSrcsV>0</densiteSrcsV>
              <srcsCorr>0</srcsCorr>
             </SourceSurfacic>
            </AcousticRectangle>
           </GeometryNode>
          </AcousticRectangleNode>
         </GeometryNode>
         <GeometryNode id="{ab44ddee-7266-449f-b811-1ac4ea7798d8}" name="">
          <hauteur>0.000</hauteur>
          <Repere id="{5e20c678-75ec-4afe-b7fc-c653af24afdc}" name="Repère 133">
           <Point x="-0.014999999665" y="0.000000000000" z="0.000000000000"/>
           <Vector x="0.000000000000" y="-1.000000000000" z="0.000000000000"/>
           <Vector x="0.000000000000" y="0.000000000000" z="1.000000000000"/>
           <Vector x="-1.000000000000" y="0.000000000000" z="0.000000000000"/>
          </Repere>
          <AcousticRectangleNode id="{6d528f56-e96b-4564-8cd1-944d70b0d151}" name="Face 2">
           <Color g="0.0156863" r="0.180392" b="0.721569"/>
           <densiteSrcsH>0</densiteSrcsH>
           <densiteSrcsV>0</densiteSrcsV>
           <curRegime>0</curRegime>
           <nbRegimes>1</nbRegimes>
           <nextRegime>3</nextRegime>
           <Regime id="{9c5b02f6-1426-4770-98aa-a36d49068541}" name="regime0">
            <isRayonnant>0</isRayonnant>
            <useAtt>0</useAtt>
            <typeDistribution>0</typeDistribution>
           </Regime>
           <Rectangle id="{96f71053-ab70-4538-ba05-994b3311443e}" name="Rectangle 32">
            <Point x="-0.700" y="0.250" z="0.000"/>
            <Point x="0.700" y="0.250" z="0.000"/>
            <Point x="0.700" y="-0.250" z="0.000"/>
            <Point x="-0.700" y="-0.250" z="0.000"/>
           </Rectangle>
           <nbChild>1</nbChild>
           <GeometryNode id="{6a2e38be-d9d1-4005-8334-a37a1b34e4ee}" name="">
            <hauteur>0.000</hauteur>
            <Repere id="{14f93d52-035b-45e5-97c1-198e1cf71f25}" name="Repère 254">
             <Point x="0.000000000000" y="0.000000000000" z="0.000000000000"/>
             <Vector x="1.000000000000" y="0.000000000000" z="0.000000000000"/>
             <Vector x="0.000000000000" y="1.000000000000" z="0.000000000000"/>
             <Vector x="0.000000000000" y="0.000000000000" z="1.000000000000"/>
            </Repere>
            <AcousticRectangle id="{96f508c1-b93a-4972-b20a-382b76502bb2}" name="Sous-face 86">
             <Color g="0.0156863" r="0.180392" b="0.721569"/>
             <densiteSrcsH>0</densiteSrcsH>
             <densiteSrcsV>0</densiteSrcsV>
             <curRegime>0</curRegime>
             <nbRegimes>1</nbRegimes>
             <nextRegime>3</nextRegime>
             <Regime id="{bf9b06b1-3723-4a48-b56e-2959e55ba995}" name="regime0">
              <isRayonnant>0</isRayonnant>
              <useAtt>0</useAtt>
              <typeDistribution>0</typeDistribution>
             </Regime>
             <isSub>0</isSub>
             <Rectangle id="{5c2554b9-8199-4bd2-ada5-2e8a965e7727}" name="Rectangle 135">
              <Point x="-0.700" y="0.250" z="0.000"/>
              <Point x="0.700" y="0.250" z="0.000"/>
              <Point x="0.700" y="-0.250" z="0.000"/>
              <Point x="-0.700" y="-0.250" z="0.000"/>
             </Rectangle>
             <SourceSurfacic id="{4a63a86c-57dd-4959-872c-5317bb8fc6f7}" name="Source surfacique 86">
              <nbSrcs>0</nbSrcs>
              <densiteSrcsH>0</densiteSrcsH>
              <densiteSrcsV>0</densiteSrcsV>
              <srcsCorr>0</srcsCorr>
             </SourceSurfacic>
            </AcousticRectangle>
           </GeometryNode>
          </AcousticRectangleNode>
         </GeometryNode>
         <GeometryNode id="{049c0b59-0973-402c-a808-9cd4360fc0da}" name="">
          <hauteur>0.000</hauteur>
          <Repere id="{aa472850-38ca-428d-a09b-6aac5279429e}" name="Repère 135">
           <Point x="0.000000000000" y="0.699999988079" z="0.000000000000"/>
           <Vector x="-1.000000000000" y="0.000000000000" z="0.000000000000"/>
           <Vector x="0.000000000000" y="0.000000000000" z="1.000000000000"/>
           <Vector x="0.000000000000" y="1.000000000000" z="0.000000000000"/>
          </Repere>
          <AcousticRectangleNode id="{aac5d74b-380c-4e84-8822-a8393bebdeed}" name="Face 3">
           <Color g="0.0156863" r="0.180392" b="0.721569"/>
           <densiteSrcsH>0</densiteSrcsH>
           <densiteSrcsV>0</densiteSrcsV>
           <curRegime>0</curRegime>
           <nbRegimes>1</nbRegimes>
           <nextRegime>3</nextRegime>
           <Regime id="{afdadc37-69a1-49c5-a73d-61ac46438d6c}" name="regime0">
            <isRayonnant>0</isRayonnant>
            <useAtt>0</useAtt>
            <typeDistribution>0</typeDistribution>
           </Regime>
           <Rectangle id="{eca8f953-aa7d-43f1-85fa-e09371619b64}" name="Rectangle 36">
            <Point x="-0.015" y="0.250" z="0.000"/>
            <Point x="0.015" y="0.250" z="0.000"/>
            <Point x="0.015" y="-0.250" z="0.000"/>
            <Point x="-0.015" y="-0.250" z="0.000"/>
           </Rectangle>
           <nbChild>1</nbChild>
           <GeometryNode id="{32e7b8a0-fa17-44cd-a3fe-4efb3908f256}" name="">
            <hauteur>0.000</hauteur>
            <Repere id="{e2271b60-30fb-4133-a455-ba2cc8f22f9b}" name="Repère 258">
             <Point x="0.000000000000" y="0.000000000000" z="0.000000000000"/>
             <Vector x="1.000000000000" y="0.000000000000" z="0.000000000000"/>
             <Vector x="0.000000000000" y="1.000000000000" z="0.000000000000"/>
             <Vector x="0.000000000000" y="0.000000000000" z="1.000000000000"/>
            </Repere>
            <AcousticRectangle id="{aca669e7-e859-4f56-8802-0490202f3544}" name="Sous-face 89">
             <Color g="0.0156863" r="0.180392" b="0.721569"/>
             <densiteSrcsH>0</densiteSrcsH>
             <densiteSrcsV>0</densiteSrcsV>
             <curRegime>0</curRegime>
             <nbRegimes>1</nbRegimes>
             <nextRegime>3</nextRegime>
             <Regime id="{d64b791b-7a6c-4f44-af75-ce30214b7003}" name="regime0">
              <isRayonnant>0</isRayonnant>
              <useAtt>0</useAtt>
              <typeDistribution>0</typeDistribution>
             </Regime>
             <isSub>0</isSub>
             <Rectangle id="{08dfe15e-61eb-4de8-acec-0d652063092b}" name="Rectangle 139">
              <Point x="-0.015" y="0.250" z="0.000"/>
              <Point x="0.015" y="0.250" z="0.000"/>
              <Point x="0.015" y="-0.250" z="0.000"/>
              <Point x="-0.015" y="-0.250" z="0.000"/>
             </Rectangle>
             <SourceSurfacic id="{84635f13-8e5d-400d-947e-75b430d2cbcf}" name="Source surfacique 89">
              <nbSrcs>0</nbSrcs>
              <densiteSrcsH>0</densiteSrcsH>
              <densiteSrcsV>0</densiteSrcsV>
              <srcsCorr>0</srcsCorr>
             </SourceSurfacic>
            </AcousticRectangle>
           </GeometryNode>
          </AcousticRectangleNode>
         </GeometryNode>
         <GeometryNode id="{a5be05b2-b2c6-48ff-b380-e7a4a72c4245}" name="">
          <hauteur>0.000</hauteur>
          <Repere id="{35e844a6-8db3-4e2c-b716-1f605ad3ab4c}" name="Repère 136">
           <Point x="0.000000000000" y="0.000000000000" z="-0.250000000000"/>
           <Vector x="1.000000000000" y="0.000000000000" z="0.000000000000"/>
           <Vector x="0.000000000000" y="-1.000000000000" z="0.000000000000"/>
           <Vector x="0.000000000000" y="0.000000000000" z="-1.000000000000"/>
          </Repere>
          <AcousticRectangleNode id="{384091cd-eea7-4a56-9f76-4299673ea7e7}" name="Face 4">
           <Color g="0.0156863" r="0.180392" b="0.721569"/>
           <densiteSrcsH>0</densiteSrcsH>
           <densiteSrcsV>0</densiteSrcsV>
           <curRegime>0</curRegime>
           <nbRegimes>1</nbRegimes>
           <nextRegime>3</nextRegime>
           <Regime id="{27ea20c7-4391-4eb6-84cf-18c039876ce6}" name="regime0">
            <isRayonnant>0</isRayonnant>
            <useAtt>0</useAtt>
            <typeDistribution>0</typeDistribution>
           </Regime>
           <Rectangle id="{3cb32d3d-9f16-4cf2-bc7d-877887bcb8a6}" name="Rectangle 40">
            <Point x="-0.015" y="0.700" z="0.000"/>
            <Point x="0.015" y="0.700" z="0.000"/>
            <Point x="0.015" y="-0.700" z="0.000"/>
            <Point x="-0.015" y="-0.700" z="0.000"/>
           </Rectangle>
           <nbChild>1</nbChild>
           <GeometryNode id="{7db26862-473d-4226-91d4-a9f4503a83a9}" name="">
            <hauteur>0.000</hauteur>
            <Repere id="{b17acf46-fb3a-4a56-9ee1-aca27fa781dc}" name="Repère 262">
             <Point x="0.000000000000" y="0.000000000000" z="0.000000000000"/>
             <Vector x="1.000000000000" y="0.000000000000" z="0.000000000000"/>
             <Vector x="0.000000000000" y="1.000000000000" z="0.000000000000"/>
             <Vector x="0.000000000000" y="0.000000000000" z="1.000000000000"/>
            </Repere>
            <AcousticRectangle id="{138d9649-acf7-4fb5-9b7b-4146cb6276b0}" name="Sous-face 92">
             <Color g="0.0156863" r="0.180392" b="0.721569"/>
             <densiteSrcsH>0</densiteSrcsH>
             <densiteSrcsV>0</densiteSrcsV>
             <curRegime>0</curRegime>
             <nbRegimes>1</nbRegimes>
             <nextRegime>3</nextRegime>
             <Regime id="{7fe62a65-56c4-4ecb-bb52-8635e094fb2c}" name="regime0">
              <isRayonnant>0</isRayonnant>
              <useAtt>0</useAtt>
              <typeDistribution>0</typeDistribution>
             </Regime>
             <isSub>0</isSub>
             <Rectangle id="{825aaea5-e820-46b7-879a-b059e0a8c1bf}" name="Rectangle 143">
              <Point x="-0.015" y="0.700" z="0.000"/>
              <Point x="0.015" y="0.700" z="0.000"/>
              <Point x="0.015" y="-0.700" z="0.000"/>
              <Point x="-0.015" y="-0.700" z="0.000"/>
             </Rectangle>
             <SourceSurfacic id="{393bc692-853a-4b46-bfae-e784c77e9f98}" name="Source surfacique 92">
              <nbSrcs>0</nbSrcs>
              <densiteSrcsH>0</densiteSrcsH>
              <densiteSrcsV>0</densiteSrcsV>
              <srcsCorr>0</srcsCorr>
             </SourceSurfacic>
            </AcousticRectangle>
           </GeometryNode>
          </AcousticRectangleNode>
         </GeometryNode>
         <GeometryNode id="{b289139c-dca4-4f10-9868-ac20110583cd}" name="">
          <hauteur>0.000</hauteur>
          <Repere id="{f5525754-14b7-4436-9635-b3151a83e9f6}" name="Repère 137">
           <Point x="0.000000000000" y="0.000000000000" z="0.250000000000"/>
           <Vector x="1.000000000000" y="0.000000000000" z="0.000000000000"/>
           <Vector x="0.000000000000" y="1.000000000000" z="0.000000000000"/>
           <Vector x="0.000000000000" y="0.000000000000" z="1.000000000000"/>
          </Repere>
          <AcousticRectangleNode id="{1779e7c8-abab-4617-b306-91d2688b375c}" name="Face 5">
           <Color g="0.0156863" r="0.180392" b="0.721569"/>
           <densiteSrcsH>0</densiteSrcsH>
           <densiteSrcsV>0</densiteSrcsV>
           <curRegime>0</curRegime>
           <nbRegimes>1</nbRegimes>
           <nextRegime>3</nextRegime>
           <Regime id="{3096af0d-b626-47a2-bd32-90076c331c2a}" name="regime0">
            <isRayonnant>0</isRayonnant>
            <useAtt>0</useAtt>
            <typeDistribution>0</typeDistribution>
           </Regime>
           <Rectangle id="{8ed66ff0-9837-46be-933c-f786c9761093}" name="Rectangle 44">
            <Point x="-0.015" y="0.700" z="0.000"/>
            <Point x="0.015" y="0.700" z="0.000"/>
            <Point x="0.015" y="-0.700" z="0.000"/>
            <Point x="-0.015" y="-0.700" z="0.000"/>
           </Rectangle>
           <nbChild>1</nbChild>
           <GeometryNode id="{0f606efd-6dab-429d-adbd-d12ade404eed}" name="">
            <hauteur>0.000</hauteur>
            <Repere id="{d8e4ec40-8859-4a91-aa6e-af22aa0a9f78}" name="Repère 266">
             <Point x="0.000000000000" y="0.000000000000" z="0.000000000000"/>
             <Vector x="1.000000000000" y="0.000000000000" z="0.000000000000"/>
             <Vector x="0.000000000000" y="1.000000000000" z="0.000000000000"/>
             <Vector x="0.000000000000" y="0.000000000000" z="1.000000000000"/>
            </Repere>
            <AcousticRectangle id="{a0f95514-2568-4460-81b6-fc9d156cb80f}" name="Sous-face 95">
             <Color g="0.0156863" r="0.180392" b="0.721569"/>
             <densiteSrcsH>0</densiteSrcsH>
             <densiteSrcsV>0</densiteSrcsV>
             <curRegime>0</curRegime>
             <nbRegimes>1</nbRegimes>
             <nextRegime>3</nextRegime>
             <Regime id="{2ab0dfa3-9edd-48eb-a225-cfd78226babf}" name="regime0">
              <isRayonnant>0</isRayonnant>
              <useAtt>0</useAtt>
              <typeDistribution>0</typeDistribution>
             </Regime>
             <isSub>0</isSub>
             <Rectangle id="{db47c281-232e-440d-b871-b790b9cb9193}" name="Rectangle 147">
              <Point x="-0.015" y="0.700" z="0.000"/>
              <Point x="0.015" y="0.700" z="0.000"/>
              <Point x="0.015" y="-0.700" z="0.000"/>
              <Point x="-0.015" y="-0.700" z="0.000"/>
             </Rectangle>
             <SourceSurfacic id="{b2f8f2ff-b7a9-42c9-a1e2-b17d300db901}" name="Source surfacique 95">
              <nbSrcs>0</nbSrcs>
              <densiteSrcsH>0</densiteSrcsH>
              <densiteSrcsV>0</densiteSrcsV>
              <srcsCorr>0</srcsCorr>
             </SourceSurfacic>
            </AcousticRectangle>
           </GeometryNode>
          </AcousticRectangleNode>
         </GeometryNode>
        </AcousticBox>
       </GeometryNode>
       <categorie>1</categorie>
       <constructeur>Constructeur</constructeur>
       <modele>Modele</modele>
       <commentaire>Commentaire</commentaire>
      </Machine>
     </GeometryNode>
    </ListMachine>
    <ListSource>
     <GeometryNode id="{ce1a51fd-4f10-4e49-b7c2-1064ba096c77}" name="">
      <hauteur>0.000</hauteur>
      <Repere id="{32ebd477-2e68-4e8e-9a0e-3a1750645fbc}" name="Repère 111">
       <Point x="0.000000000000" y="0.000000000000" z="0.000000000000"/>
       <Vector x="1.000000000000" y="0.000000000000" z="0.000000000000"/>
       <Vector x="0.000000000000" y="1.000000000000" z="0.000000000000"/>
       <Vector x="0.000000000000" y="0.000000000000" z="1.000000000000"/>
      </Repere>
      <UserSourcePonctuelle id="{0bc39d8e-b139-41fd-aaa8-72d07149c6c2}" name="Source ponctuelle 6">
       <Color g="0" r="1" b="0"/>
       <Point x="-0.260" y="0.000" z="0.200"/>
       <Vector x="1.000" y="0.000" z="0.000"/>
       <type>3</type>
       <hauteur>0.200</hauteur>
       <typeRaynt>0</typeRaynt>
       <formeObjet>0</formeObjet>
       <curRegime>0</curRegime>
       <nextRegime>3</nextRegime>
       <UserSrcRegime id="{7d15659a-c0c7-4acb-bcde-532199aed185}" name="regime0">
        <isRayonnant>1</isRayonnant>
        <useAtt>0</useAtt>
        <typeDistribution>1</typeDistribution>
        <Spectre id="{276a09b0-f14f-4c6a-9e13-df4d263babfd}" name="Spectre 4796">
         <type>2</type>
         <fMin>16</fMin>
         <fMax>16000</fMax>
         <freqTab form="0">-10.0 -10.0 -10.0 -10.0 -10.0 -10.0 -10.0 -10.0 -10.0 -10.0 -10.0 72.0 73.0 75.0 76.5 78.0 79.0 79.5 81.7 81.5 84.5 86.5 87.0 86.5 84.0 80.5 75.0 65.0 -10.0 -10.0 -10.0</freqTab>
        </Spectre>
       </UserSrcRegime>
      </UserSourcePonctuelle>
     </GeometryNode>
    </ListSource>
   </Infrastructure>
   <root>1</root>
   <repere>0</repere>
   <SIG_X>0</SIG_X>
   <SIG_Y>0</SIG_Y>
  </SiteNode>
  <PointsControl>
   <PointControl x="8.000" y="0.000" z="0.150" id="{2fb3f547-1afd-4ea4-adf1-7fa7797d807a}" name="P1">
    <etatCalcul idCalcul="{a803e8bc-2c44-4b3c-9b9b-235532d44cd5}" Etat="1"/>
    <Spectre idCalcul="{a803e8bc-2c44-4b3c-9b9b-235532d44cd5}" id="{d66ce357-5c01-4550-9005-ad4236aeff72}" name="">
     <type>3</type>
     <fMin>16</fMin>
     <fMax>16000</fMax>
     <freqTab form="0">-33.2 -33.2 -33.2 -33.2 -33.1 -33.2 -33.2 -33.2 -33.2 -33.2 -33.2 48.8 49.8 49.7 48.3 49.4 52.2 53.1 52.1 40.4 46.0 52.4 52.2 52.2 45.9 34.4 31.1 15.3 -58.6 -58.2 -57.5</freqTab>
    </Spectre>
    <Color g="0" r="0.333333" b="1"/>
    <hauteur>0.150</hauteur>
    <formeObjet>0</formeObjet>
   </PointControl>
   <PointControl x="4.000" y="0.000" z="0.150" id="{b9a28088-2060-4c62-acaa-51224bc471dd}" name="P2">
    <etatCalcul idCalcul="{a803e8bc-2c44-4b3c-9b9b-235532d44cd5}" Etat="1"/>
    <Spectre idCalcul="{a803e8bc-2c44-4b3c-9b9b-235532d44cd5}" id="{be4e4e40-7787-4008-a290-277934751654}" name="">
     <type>3</type>
     <fMin>16</fMin>
     <fMax>16000</fMax>
     <freqTab form="0">-27.4 -27.4 -27.4 -27.4 -27.4 -27.4 -27.4 -27.4 -27.4 -27.4 -27.4 54.6 55.6 54.9 53.7 55.2 57.9 58.3 56.3 43.3 51.0 56.2 56.6 55.2 49.2 38.1 40.4 26.0 -50.7 -54.9 -50.3</freqTab>
    </Spectre>
    <Color g="0" r="0.333333" b="1"/>
    <hauteur>0.150</hauteur>
    <formeObjet>0</formeObjet>
   </PointControl>
  </PointsControl>
  <Calcul isUpTodate="1" id="{a803e8bc-2c44-4b3c-9b9b-235532d44cd5}" name="Calcul 19">
   <numero>1</numero>
   <auteur>Auteur</auteur>
   <dateCreation>2004-09-22</dateCreation>
   <dateModif>2004-10-12</dateModif>
   <comment>Commentaire</comment>
   <solverId>{a98b320c-44c4-47a9-b689-1dd352daa8b2}</solverId>
   <etat>1</etat>
   <expansGeo>0</expansGeo>
   <useSol>1</useSol>
   <typeCalculSol>0</typeCalculSol>
   <condFav>0</condFav>
   <useVegetation>0</useVegetation>
   <useAtmosphere>0</useAtmosphere>
   <useEcran>1</useEcran>
   <calculTrajetHorizontaux>1</calculTrajetHorizontaux>
   <useReflexion>0</useReflexion>
   <interference>1</interference>
   <h1>10</h1>
   <distanceSRMin>0.1</distanceSRMin>
   <freqMinSpectre>16</freqMinSpectre>
   <freqMaxSpectre>16000</freqMaxSpectre>
   <ListID>
    <Element id="{9d5f6466-2640-48a0-aea0-5f6d9a5a0652}"/>
    <Element id="{540d89eb-3c06-41a8-97e9-1b1d13bc9f7d}"/>
    <Element id="{61736b71-1c47-4b37-b79a-37b602f5216c}"/>
    <Element id="{733ce731-a752-457e-b8b2-074bf69fb24b}"/>
    <Element id="{0f1288bd-193b-4247-92a6-c8de2d4ffed7}"/>
    <Element id="{117cd78d-169c-4764-a874-6a023c29c589}"/>
    <Element id="{4a509f6a-c60a-4208-b0bb-528010f1d59e}"/>
    <Element id="{09d3945b-4337-4fcc-b9cd-2026bef4763f}"/>
    <Element id="{3569a3a9-0f97-4ff0-aa4f-64ca84ebb2af}"/>
    <Element id="{ab44ddee-7266-449f-b811-1ac4ea7798d8}"/>
    <Element id="{6d528f56-e96b-4564-8cd1-944d70b0d151}"/>
    <Element id="{049c0b59-0973-402c-a808-9cd4360fc0da}"/>
    <Element id="{aac5d74b-380c-4e84-8822-a8393bebdeed}"/>
    <Element id="{a5be05b2-b2c6-48ff-b380-e7a4a72c4245}"/>
    <Element id="{384091cd-eea7-4a56-9f76-4299673ea7e7}"/>
    <Element id="{b289139c-dca4-4f10-9868-ac20110583cd}"/>
    <Element id="{1779e7c8-abab-4617-b306-91d2688b375c}"/>
    <Element id="{f76b7380-29ad-4d83-8af5-3ba3da359733}"/>
    <Element id="{0bc39d8e-b139-41fd-aaa8-72d07149c6c2}"/>
   </ListID>
   <EmissionAccVolNodes>
    <EmissionAccVolNode accVolNodeId="{0bc39d8e-b139-41fd-aaa8-72d07149c6c2}" state="1"/>
    <EmissionAccVolNode accVolNodeId="{733ce731-a752-457e-b8b2-074bf69fb24b}" state="0"/>
   </EmissionAccVolNodes>
   <RegimeAccNode>
    <RegimeAccNode accVolNodeId="{0bc39d8e-b139-41fd-aaa8-72d07149c6c2}" state="0"/>
    <RegimeAccNode accVolNodeId="{733ce731-a752-457e-b8b2-074bf69fb24b}" state="0"/>
   </RegimeAccNode>
   <Atmosphere id="{e76cd734-2820-4942-8d3a-f0ab12ced68d}" name="Atmosphère 19">
    <pression>101325</pression>
    <temperature>20</temperature>
    <hygrometrie>70</hygrometrie>
    <vitVent>0</vitVent>
    <dirVent>0</dirVent>
    <A>0</A>
    <B>0</B>
    <C>5e-006</C>
    <D>0</D>
    <stability_class>0</stability_class>
    <Spectre id="{884e529a-806e-45aa-928a-a1d9589e6994}" name="Spectre 4389">
     <type>0</type>
     <fMin>16</fMin>
     <fMax>16000</fMax>
     <freqTab form="0">0.00001 0.00001 0.00001 0.00002 0.00004 0.00006 0.00009 0.00014 0.00022 0.00034 0.00052 0.00078 0.00113 0.00160 0.00216 0.00280 0.00348 0.00419 0.00498 0.00592 0.00718 0.00902 0.01180 0.01613 0.02291 0.03358 0.05035 0.07662 0.11751 0.18053 0.27624</freqTab>
    </Spectre>
   </Atmosphere>
   <Resultat id="{0f04c565-180c-470e-85cf-f76e905cf56e}" name="Résultat 19">
    <ListSources>
     <Source srcId="{0bc39d8e-b139-41fd-aaa8-72d07149c6c2}" index="0"/>
    </ListSources>
    <ListRecepteurs>
     <Recepteur recId="{b9a28088-2060-4c62-acaa-51224bc471dd}" index="1"/>
     <Recepteur recId="{2fb3f547-1afd-4ea4-adf1-7fa7797d807a}" index="0"/>
    </ListRecepteurs>
    <ListSpectres>
     <SpectreInd indexRec="0" indexSrc="0">
      <Spectre id="{73ecfd0d-98f8-4938-85c3-62a39ccec9d2}" name="Spectre 1538">
       <type>3</type>
       <fMin>16</fMin>
       <fMax>16000</fMax>
       <freqTab form="0">-33.2 -33.2 -33.2 -33.2 -33.1 -33.2 -33.2 -33.2 -33.2 -33.2 -33.2 48.8 49.8 49.7 48.3 49.4 52.2 53.1 52.1 40.4 46.0 52.4 52.2 52.2 45.9 34.4 31.1 15.3 -58.6 -58.2 -57.5</freqTab>
      </Spectre>
     </SpectreInd>
     <SpectreInd indexRec="1" indexSrc="0">
      <Spectre id="{73ecfd0d-98f8-4938-85c3-62a39ccec9d2}" name="Spectre 1538">
       <type>3</type>
       <fMin>16</fMin>
       <fMax>16000</fMax>
       <freqTab form="0">-27.4 -27.4 -27.4 -27.4 -27.4 -27.4 -27.4 -27.4 -27.4 -27.4 -27.4 54.6 55.6 54.9 53.7 55.2 57.9 58.3 56.3 43.3 51.0 56.2 56.6 55.2 49.2 38.1 40.4 26.0 -50.7 -54.9 -50.3</freqTab>
      </Spectre>
     </SpectreInd>
    </ListSpectres>
    <ListLw>
     <SourceLw srcId="{0bc39d8e-b139-41fd-aaa8-72d07149c6c2}">
      <Spectre id="{56978244-db69-416f-ab2d-5ff9ad16444e}" name="">
       <type>2</type>
       <fMin>16</fMin>
       <fMax>16000</fMax>
       <freqTab form="0">-10.0 -10.0 -10.0 -10.0 -10.0 -10.0 -10.0 -10.0 -10.0 -10.0 -10.0 72.0 73.0 75.0 76.5 78.0 79.0 79.5 81.7 81.5 84.5 86.5 87.0 86.5 84.0 80.5 75.0 65.0 -10.0 -10.0 -10.0</freqTab>
      </Spectre>
     </SourceLw>
    </ListLw>
   </Resultat>
  </Calcul>
 </Projet>
</Tympan>
