<?xml version="1.0" encoding="ISO-8859-1" standalone="no"?>
<!DOCTYPE Tympan SYSTEM 'Tympan.dtd'>
<Tympan>
 <Version>3.9.0 - GNU GPL version 3 - http://www.gnu.org/licenses/gpl.html</Version>
 <Projet id="{51583e28-488e-4926-9136-a3f4adfc3344}" name="Projet 0">
  <auteur></auteur>
  <dateCreation>2004-10-28</dateCreation>
  <dateModif>2004-10-28</dateModif>
  <delaunayTolerence>0.001</delaunayTolerence>
  <distMaxBetweenPoints>50</distMaxBetweenPoints>
  <useDefGeomVal>1</useDefGeomVal>
  <currentCalculID>{924c5c14-6f2e-4200-874d-21b14a45c357}</currentCalculID>
  <SiteNode id="{3ef8cba0-00bb-467e-8a69-5a03bb2edc18}" name="Site 0">
   <echelle>1</echelle>
   <useEmpriseAsCrbNiv>0</useEmpriseAsCrbNiv>
   <useTopoFile>0</useTopoFile>
   <topoFile></topoFile>
   <altiEmprise>0</altiEmprise>
   <Segment id="{67e37ae1-2928-432b-8e7b-b044e3228367}" name="Segment 0">
    <Color g="1" r="1" b="1"/>
    <Point x="0.000" y="0.000" z="0.000"/>
    <Point x="0.000" y="1.000" z="0.000"/>
   </Segment>
   <Point x="0.000" y="0.000" z="0.000"/>
   <Topographie id="{100ae6d1-5cfd-447e-a658-11a76a4e7daa}" name="Topographie 0">
    <Emprise>
     <Point x="-835.000" y="488.000" z="0.000"/>
     <Point x="-843.000" y="-878.000" z="0.000"/>
     <Point x="788.000" y="-870.000" z="0.000"/>
     <Point x="781.000" y="769.000" z="0.000"/>
     <Point x="-812.000" y="738.000" z="0.000"/>
    </Emprise>
    <ListCrbNiv/>
    <ListTerrain>
     <GeometryNode id="{a9375b54-3826-4af4-9423-97aae8df2931}" name="">
      <hauteur>0.000</hauteur>
      <Repere id="{e84e8496-7397-45bd-a951-708fc9ab117e}" name="Repère 5">
       <Point x="0.000000000000" y="0.000000000000" z="0.000000000000"/>
       <Vector x="1.000000000000" y="0.000000000000" z="0.000000000000"/>
       <Vector x="0.000000000000" y="1.000000000000" z="0.000000000000"/>
       <Vector x="0.000000000000" y="0.000000000000" z="1.000000000000"/>
      </Repere>
      <Terrain id="{f494dd78-d777-414f-8f95-3fdd57d62954}" name="Terrain par defaut">
       <Color g="0.333333" r="0" b="0"/>
       <Sol id="{473bba11-ae82-4c06-a218-caefd30e37cc}" name="Sol 7">
        <resistivite>20000</resistivite>
        <epaisseur>1</epaisseur>
        <active>0</active>
        <miroir>0</miroir>
       </Sol>
       <nbPoints>0</nbPoints>
      </Terrain>
     </GeometryNode>
    </ListTerrain>
    <ListCrsEau/>
    <ListPlanEau/>
    <Altimetrie id="{d946862b-64e6-46f4-952a-16354b8d8bac}" name="Altimétrie 0"/>
    <DefaultTerrain>0</DefaultTerrain>
   </Topographie>
   <Infrastructure id="{190a3a19-7379-4288-a376-6d3dbc5023df}" name="Infrastructure 0">
    <ListRoute/>
    <ListResTrans/>
    <ListBatiment/>
    <ListMachine/>
    <ListSource>
     <GeometryNode id="{c73607bd-c7b0-43ef-b63d-4b3539a9c67b}" name="">
      <hauteur>0.000</hauteur>
      <Repere id="{0e10b0e3-6fd5-4703-b881-6ea78a079c32}" name="Repère 10">
       <Point x="0.000000000000" y="0.000000000000" z="0.000000000000"/>
       <Vector x="1.000000000000" y="0.000000000000" z="0.000000000000"/>
       <Vector x="0.000000000000" y="1.000000000000" z="0.000000000000"/>
       <Vector x="0.000000000000" y="0.000000000000" z="1.000000000000"/>
      </Repere>
      <UserSourcePonctuelle id="{2104671e-d428-43a7-9a72-99819c71c0e2}" name="SP1">
       <Color g="0" r="1" b="0"/>
       <Point x="0.000" y="0.000" z="1.500"/>
       <Vector x="1.000" y="0.000" z="0.000"/>
       <type>3</type>
       <hauteur>1.500</hauteur>
       <typeRaynt>0</typeRaynt>
       <formeObjet>0</formeObjet>
       <curRegime>0</curRegime>
       <nextRegime>3</nextRegime>
       <UserSrcRegime id="{51ba6a3b-8d02-4af6-a480-7f1384852d36}" name="regime0">
        <isRayonnant>1</isRayonnant>
        <useAtt>0</useAtt>
        <typeDistribution>1</typeDistribution>
        <Spectre id="{e342f5fb-1706-4058-b5c4-2a4d0d876d00}" name="Spectre 17">
         <type>2</type>
         <fMin>16</fMin>
         <fMax>16000</fMax>
         <freqTab form="0">100.0 100.0 100.0 100.0 100.0 100.0 100.0 100.0 100.0 100.0 100.0 100.0 100.0 100.0 100.0 100.0 100.0 100.0 100.0 100.0 100.0 100.0 100.0 100.0 100.0 100.0 100.0 100.0 100.0 100.0 100.0</freqTab>
        </Spectre>
       </UserSrcRegime>
      </UserSourcePonctuelle>
     </GeometryNode>
    </ListSource>
   </Infrastructure>
   <root>1</root>
   <repere>0</repere>
   <SIG_X>0</SIG_X>
   <SIG_Y>0</SIG_Y>
  </SiteNode>
  <PointsControl>
   <PointControl x="10.000" y="0.000" z="1.500" id="{57594958-f247-422d-a3d8-4442271a8b0d}" name="P1">
    <etatCalcul idCalcul="{924c5c14-6f2e-4200-874d-21b14a45c357}" Etat="1"/>
    <Spectre idCalcul="{924c5c14-6f2e-4200-874d-21b14a45c357}" id="{c8ae3d37-51ee-4afe-b1ec-f1e9a6f41fee}" name="">
     <type>3</type>
     <fMin>16</fMin>
     <fMax>16000</fMax>
     <freqTab form="0">75.0 75.0 75.0 75.0 74.9 74.8 74.7 74.5 74.2 73.8 73.0 71.7 69.3 64.2 56.6 68.2 73.3 74.6 70.7 68.4 73.9 69.1 71.7 71.8 71.0 72.1 70.8 70.6 70.2 69.4 68.1</freqTab>
    </Spectre>
    <Color g="0" r="0.333333" b="1"/>
    <hauteur>1.500</hauteur>
    <formeObjet>0</formeObjet>
   </PointControl>
   <PointControl x="10.000" y="0.000" z="5.000" id="{bb8938b1-fb57-421e-90f2-14a25b2d5951}" name="P2">
    <etatCalcul idCalcul="{924c5c14-6f2e-4200-874d-21b14a45c357}" Etat="1"/>
    <Spectre idCalcul="{924c5c14-6f2e-4200-874d-21b14a45c357}" id="{7e223ac9-a078-4b8a-9885-faa8e5f42b0c}" name="">
     <type>3</type>
     <fMin>16</fMin>
     <fMax>16000</fMax>
     <freqTab form="0">74.0 73.9 73.8 73.5 73.1 72.4 71.3 69.2 65.1 55.9 65.8 71.8 74.0 71.5 65.0 73.3 67.8 72.2 71.5 70.6 70.6 70.9 71.0 70.8 71.1 70.3 70.6 70.0 69.6 68.7 67.7</freqTab>
    </Spectre>
    <Color g="0" r="0.333333" b="1"/>
    <hauteur>5.000</hauteur>
    <formeObjet>0</formeObjet>
   </PointControl>
   <PointControl x="20.000" y="0.000" z="1.500" id="{93db26fd-39d7-47e6-a5b8-0cef94adee3b}" name="P3">
    <etatCalcul idCalcul="{924c5c14-6f2e-4200-874d-21b14a45c357}" Etat="1"/>
    <Spectre idCalcul="{924c5c14-6f2e-4200-874d-21b14a45c357}" id="{a388c316-13f8-4de8-80c8-89bda089f445}" name="">
     <type>3</type>
     <fMin>16</fMin>
     <fMax>16000</fMax>
     <freqTab form="0">69.1 69.1 69.1 69.1 69.1 69.1 69.1 69.0 68.9 68.8 68.6 68.3 67.8 66.9 65.5 62.9 57.1 52.1 63.0 67.5 68.3 63.4 63.3 67.1 63.3 64.1 64.3 63.6 63.2 61.3 58.6</freqTab>
    </Spectre>
    <Color g="0" r="0.333333" b="1"/>
    <hauteur>1.500</hauteur>
    <formeObjet>0</formeObjet>
   </PointControl>
  </PointsControl>
  <Calcul isUpTodate="1" id="{924c5c14-6f2e-4200-874d-21b14a45c357}" name="Calcul 1">
   <numero>1</numero>
   <auteur>Auteur</auteur>
   <dateCreation>2004-10-28</dateCreation>
   <dateModif>2004-10-28</dateModif>
   <comment>Commentaire</comment>
   <solverId>{a98b320c-44c4-47a9-b689-1dd352daa8b2}</solverId>
   <etat>1</etat>
   <expansGeo>0</expansGeo>
   <useSol>1</useSol>
   <typeCalculSol>0</typeCalculSol>
   <condFav>0</condFav>
   <useVegetation>0</useVegetation>
   <useAtmosphere>1</useAtmosphere>
   <useEcran>0</useEcran>
   <calculTrajetHorizontaux>1</calculTrajetHorizontaux>
   <useReflexion>0</useReflexion>
   <interference>1</interference>
   <h1>10</h1>
   <distanceSRMin>0.1</distanceSRMin>
   <freqMinSpectre>16</freqMinSpectre>
   <freqMaxSpectre>16000</freqMaxSpectre>
   <ListID>
    <Element id="{2104671e-d428-43a7-9a72-99819c71c0e2}"/>
    <Element id="{190a3a19-7379-4288-a376-6d3dbc5023df}"/>
    <Element id="{3ef8cba0-00bb-467e-8a69-5a03bb2edc18}"/>
    <Element id="{51583e28-488e-4926-9136-a3f4adfc3344}"/>
   </ListID>
   <EmissionAccVolNodes>
    <EmissionAccVolNode accVolNodeId="{2104671e-d428-43a7-9a72-99819c71c0e2}" state="1"/>
   </EmissionAccVolNodes>
   <RegimeAccNode>
    <RegimeAccNode accVolNodeId="{2104671e-d428-43a7-9a72-99819c71c0e2}" state="0"/>
   </RegimeAccNode>
   <Atmosphere id="{9cdda47c-e865-424e-af50-c4245e4c0d4d}" name="Atmosphère 1">
    <pression>101325</pression>
    <temperature>20</temperature>
    <hygrometrie>70</hygrometrie>
    <vitVent>0</vitVent>
    <dirVent>0</dirVent>
    <A>0</A>
    <B>0</B>
    <C>5e-006</C>
    <D>0</D>
    <stability_class>0</stability_class>
    <Spectre id="{bb6face4-3414-4977-bb78-d5ad352ca386}" name="Spectre 1">
     <type>0</type>
     <fMin>16</fMin>
     <fMax>16000</fMax>
     <freqTab form="0">0.00001 0.00001 0.00001 0.00002 0.00004 0.00006 0.00009 0.00014 0.00022 0.00034 0.00052 0.00078 0.00113 0.00160 0.00216 0.00280 0.00348 0.00419 0.00498 0.00592 0.00718 0.00902 0.01180 0.01613 0.02291 0.03358 0.05035 0.07662 0.11751 0.18053 0.27624</freqTab>
    </Spectre>
   </Atmosphere>
   <Resultat id="{4658bd23-b4b4-42dc-9235-105393f0e7b2}" name="Résultat 1">
    <ListSources>
     <Source srcId="{2104671e-d428-43a7-9a72-99819c71c0e2}" index="0"/>
    </ListSources>
    <ListRecepteurs>
     <Recepteur recId="{57594958-f247-422d-a3d8-4442271a8b0d}" index="0"/>
     <Recepteur recId="{bb8938b1-fb57-421e-90f2-14a25b2d5951}" index="1"/>
     <Recepteur recId="{93db26fd-39d7-47e6-a5b8-0cef94adee3b}" index="2"/>
    </ListRecepteurs>
    <ListSpectres>
     <SpectreInd indexRec="0" indexSrc="0">
      <Spectre id="{8d9a085c-f6e7-493b-80e6-53083bcd48fd}" name="Spectre 26">
       <type>3</type>
       <fMin>16</fMin>
       <fMax>16000</fMax>
       <freqTab form="0">75.0 75.0 75.0 75.0 74.9 74.8 74.7 74.5 74.2 73.8 73.0 71.7 69.3 64.2 56.6 68.2 73.3 74.6 70.7 68.4 73.9 69.1 71.7 71.8 71.0 72.1 70.8 70.6 70.2 69.4 68.1</freqTab>
      </Spectre>
     </SpectreInd>
     <SpectreInd indexRec="1" indexSrc="0">
      <Spectre id="{8d9a085c-f6e7-493b-80e6-53083bcd48fd}" name="Spectre 26">
       <type>3</type>
       <fMin>16</fMin>
       <fMax>16000</fMax>
       <freqTab form="0">74.0 73.9 73.8 73.5 73.1 72.4 71.3 69.2 65.1 55.9 65.8 71.8 74.0 71.5 65.0 73.3 67.8 72.2 71.5 70.6 70.6 70.9 71.0 70.8 71.1 70.3 70.6 70.0 69.6 68.7 67.7</freqTab>
      </Spectre>
     </SpectreInd>
     <SpectreInd indexRec="2" indexSrc="0">
      <Spectre id="{8d9a085c-f6e7-493b-80e6-53083bcd48fd}" name="Spectre 26">
       <type>3</type>
       <fMin>16</fMin>
       <fMax>16000</fMax>
       <freqTab form="0">69.1 69.1 69.1 69.1 69.1 69.1 69.1 69.0 68.9 68.8 68.6 68.3 67.8 66.9 65.5 62.9 57.1 52.1 63.0 67.5 68.3 63.4 63.3 67.1 63.3 64.1 64.3 63.6 63.2 61.3 58.6</freqTab>
      </Spectre>
     </SpectreInd>
    </ListSpectres>
    <ListLw>
     <SourceLw srcId="{2104671e-d428-43a7-9a72-99819c71c0e2}">
      <Spectre id="{4013e879-ab80-49ca-be63-f1f5f8e26a01}" name="">
       <type>2</type>
       <fMin>16</fMin>
       <fMax>16000</fMax>
       <freqTab form="0">100.0 100.0 100.0 100.0 100.0 100.0 100.0 100.0 100.0 100.0 100.0 100.0 100.0 100.0 100.0 100.0 100.0 100.0 100.0 100.0 100.0 100.0 100.0 100.0 100.0 100.0 100.0 100.0 100.0 100.0 100.0</freqTab>
      </Spectre>
     </SourceLw>
    </ListLw>
   </Resultat>
  </Calcul>
 </Projet>
</Tympan>
