<?xml version="1.0" encoding="ISO-8859-1" standalone="no"?>
<!DOCTYPE Tympan SYSTEM 'Tympan.dtd'>
<Tympan>
 <Version>3.10.0 - GNU GPL version 3 - http://www.gnu.org/licenses/gpl.html</Version>
 <Projet id="{51583e28-488e-4926-9136-a3f4adfc3344}" name="Projet 0">
  <auteur></auteur>
  <dateCreation>2004-10-28</dateCreation>
  <dateModif>2004-10-28</dateModif>
  <comment></comment>
  <delaunayTolerence>0.001</delaunayTolerence>
  <distMaxBetweenPoints>50</distMaxBetweenPoints>
  <useDefGeomVal>1</useDefGeomVal>
  <currentCalculID>{924c5c14-6f2e-4200-874d-21b14a45c357}</currentCalculID>
  <SiteNode id="{3ef8cba0-00bb-467e-8a69-5a03bb2edc18}" name="Site 0">
   <echelle>1</echelle>
   <useEmpriseAsCrbNiv>0</useEmpriseAsCrbNiv>
   <useTopoFile>0</useTopoFile>
   <topoFile></topoFile>
   <altiEmprise>0</altiEmprise>
   <Segment id="{67e37ae1-2928-432b-8e7b-b044e3228367}" name="Segment 0">
    <Color g="1" r="1" b="1"/>
    <Point x="0.000" y="0.000" z="0.000"/>
    <Point x="0.000" y="1.000" z="0.000"/>
   </Segment>
   <Point x="0.000" y="0.000" z="0.000"/>
   <Topographie id="{100ae6d1-5cfd-447e-a658-11a76a4e7daa}" name="Topographie 0">
    <Emprise>
     <Point x="-835.000" y="488.000" z="0.000"/>
     <Point x="-843.000" y="-878.000" z="0.000"/>
     <Point x="788.000" y="-870.000" z="0.000"/>
     <Point x="781.000" y="769.000" z="0.000"/>
     <Point x="-812.000" y="738.000" z="0.000"/>
    </Emprise>
    <ListCrbNiv/>
    <ListTerrain>
     <GeometryNode id="{a9375b54-3826-4af4-9423-97aae8df2931}" name="">
      <hauteur>0.000</hauteur>
      <Repere id="{e84e8496-7397-45bd-a951-708fc9ab117e}" name="Repère 5">
       <Point x="0.000000000000" y="0.000000000000" z="0.000000000000"/>
       <Vector x="1.000000000000" y="0.000000000000" z="0.000000000000"/>
       <Vector x="0.000000000000" y="1.000000000000" z="0.000000000000"/>
       <Vector x="0.000000000000" y="0.000000000000" z="1.000000000000"/>
      </Repere>
      <Terrain id="{f494dd78-d777-414f-8f95-3fdd57d62954}" name="Terrain par defaut">
       <Color g="0.329412" r="0" b="0"/>
       <Sol id="{473bba11-ae82-4c06-a218-caefd30e37cc}" name="Sol 7">
        <resistivite>20000</resistivite>
        <epaisseur>1</epaisseur>
        <active>0</active>
        <miroir>0</miroir>
       </Sol>
       <nbPoints>0</nbPoints>
      </Terrain>
     </GeometryNode>
    </ListTerrain>
    <ListCrsEau/>
    <ListPlanEau/>
    <Altimetrie id="{d946862b-64e6-46f4-952a-16354b8d8bac}" name="Altimétrie 0"/>
    <DefaultTerrain>0</DefaultTerrain>
   </Topographie>
   <Infrastructure id="{190a3a19-7379-4288-a376-6d3dbc5023df}" name="Infrastructure 0">
    <ListRoute/>
    <ListResTrans/>
    <ListBatiment/>
    <ListMachine/>
    <ListSource>
     <GeometryNode id="{c73607bd-c7b0-43ef-b63d-4b3539a9c67b}" name="">
      <hauteur>0.000</hauteur>
      <Repere id="{0e10b0e3-6fd5-4703-b881-6ea78a079c32}" name="Repère 10">
       <Point x="0.000000000000" y="0.000000000000" z="0.000000000000"/>
       <Vector x="1.000000000000" y="0.000000000000" z="0.000000000000"/>
       <Vector x="0.000000000000" y="1.000000000000" z="0.000000000000"/>
       <Vector x="0.000000000000" y="0.000000000000" z="1.000000000000"/>
      </Repere>
      <UserSourcePonctuelle id="{2104671e-d428-43a7-9a72-99819c71c0e2}" name="SP1">
       <Color g="0" r="1" b="0"/>
       <Point x="-5.000" y="5.000" z="5.000"/>
       <Vector x="1.000" y="0.000" z="0.000"/>
       <type>3</type>
       <hauteur>5.000</hauteur>
       <typeRaynt>0</typeRaynt>
       <formeObjet>0</formeObjet>
       <curRegime>0</curRegime>
       <nextRegime>3</nextRegime>
       <UserSrcRegime id="{51ba6a3b-8d02-4af6-a480-7f1384852d36}" name="regime0">
        <isRayonnant>1</isRayonnant>
        <useAtt>0</useAtt>
        <typeDistribution>1</typeDistribution>
        <Spectre id="{e342f5fb-1706-4058-b5c4-2a4d0d876d00}" name="Spectre 17">
         <type>2</type>
         <fMin>16</fMin>
         <fMax>16000</fMax>
         <freqTab form="0">100.0 100.0 100.0 100.0 100.0 100.0 100.0 100.0 100.0 100.0 100.0 100.0 100.0 100.0 100.0 100.0 100.0 100.0 100.0 100.0 100.0 100.0 100.0 100.0 100.0 100.0 100.0 100.0 100.0 100.0 100.0</freqTab>
        </Spectre>
       </UserSrcRegime>
      </UserSourcePonctuelle>
     </GeometryNode>
    </ListSource>
   </Infrastructure>
   <root>1</root>
   <repere>0</repere>
   <SIG_X>0</SIG_X>
   <SIG_Y>0</SIG_Y>
  </SiteNode>
  <PointsControl>
   <PointControl x="115.000" y="0.000" z="2.000" id="{57594958-f247-422d-a3d8-4442271a8b0d}" name="P1">
    <etatCalcul idCalcul="{462711b8-0326-42c4-a6da-acb9b515361f}" Etat="0"/>
    <etatCalcul idCalcul="{924c5c14-6f2e-4200-874d-21b14a45c357}" Etat="1"/>
    <Spectre idCalcul="{924c5c14-6f2e-4200-874d-21b14a45c357}" id="{fac96898-049b-4169-8179-ce66b712d7f2}" name="">
     <type>3</type>
     <fMin>16</fMin>
     <fMax>16000</fMax>
     <freqTab form="0">53.7 53.6 53.6 53.7 53.6 53.6 53.6 53.5 53.3 53.3 53.1 52.9 52.5 52.0 51.1 49.6 47.0 41.6 35.0 45.7 50.3 51.3 47.2 43.7 48.6 42.1 43.3 39.9 34.1 27.1 14.9</freqTab>
    </Spectre>
    <Color g="0" r="0.333333" b="1"/>
    <hauteur>2.000</hauteur>
    <formeObjet>0</formeObjet>
   </PointControl>
   <PointControl x="-15.000" y="90.000" z="2.000" id="{bb8938b1-fb57-421e-90f2-14a25b2d5951}" name="P2">
    <etatCalcul idCalcul="{462711b8-0326-42c4-a6da-acb9b515361f}" Etat="0"/>
    <etatCalcul idCalcul="{924c5c14-6f2e-4200-874d-21b14a45c357}" Etat="1"/>
    <Spectre idCalcul="{924c5c14-6f2e-4200-874d-21b14a45c357}" id="{57fcc699-adeb-4255-bc71-60f2e687d653}" name="">
     <type>3</type>
     <fMin>16</fMin>
     <fMax>16000</fMax>
     <freqTab form="0">56.6 56.5 56.5 56.6 56.5 56.5 56.5 56.4 56.2 56.1 55.9 55.5 54.9 53.9 52.1 49.0 41.5 42.8 51.3 54.8 54.6 47.2 51.8 51.8 50.8 48.2 47.8 46.0 40.9 36.2 28.3</freqTab>
    </Spectre>
    <Color g="0" r="0.333333" b="1"/>
    <hauteur>2.000</hauteur>
    <formeObjet>0</formeObjet>
   </PointControl>
   <PointControl x="-60.000" y="-30.000" z="2.000" id="{93db26fd-39d7-47e6-a5b8-0cef94adee3b}" name="P3">
    <etatCalcul idCalcul="{462711b8-0326-42c4-a6da-acb9b515361f}" Etat="0"/>
    <etatCalcul idCalcul="{924c5c14-6f2e-4200-874d-21b14a45c357}" Etat="1"/>
    <Spectre idCalcul="{924c5c14-6f2e-4200-874d-21b14a45c357}" id="{36318c5b-a4da-4d06-a781-4aefd3a8c0c1}" name="">
     <type>3</type>
     <fMin>16</fMin>
     <fMax>16000</fMax>
     <freqTab form="0">58.9 58.9 58.9 58.9 58.9 58.8 58.8 58.6 58.4 58.2 57.8 57.2 56.2 54.4 51.0 42.6 46.9 54.6 57.7 57.0 48.5 55.8 53.9 55.2 52.7 52.8 51.6 49.2 46.8 42.1 36.1</freqTab>
    </Spectre>
    <Color g="0" r="0.333333" b="1"/>
    <hauteur>2.000</hauteur>
    <formeObjet>0</formeObjet>
   </PointControl>
  </PointsControl>
  <Calcul isUpTodate="1" id="{924c5c14-6f2e-4200-874d-21b14a45c357}" name="Calcul 1">
   <numero>1</numero>
   <auteur>Auteur</auteur>
   <dateCreation>2004-10-28</dateCreation>
   <dateModif>2004-10-28</dateModif>
   <comment>Commentaire</comment>
   <solverId>{a98b320c-44c4-47a9-b689-1dd352daa8b2}</solverId>
   <etat>1</etat>
   <expansGeo>0</expansGeo>
   <useSol>1</useSol>
   <typeCalculSol>0</typeCalculSol>
   <condFav>0</condFav>
   <useVegetation>0</useVegetation>
   <useAtmosphere>1</useAtmosphere>
   <useEcran>1</useEcran>
   <calculTrajetHorizontaux>1</calculTrajetHorizontaux>
   <useReflexion>0</useReflexion>
   <interference>1</interference>
   <h1>10</h1>
   <distanceSRMin>0.1</distanceSRMin>
   <freqMinSpectre>16</freqMinSpectre>
   <freqMaxSpectre>16000</freqMaxSpectre>
   <ListID>
    <Element id="{190a3a19-7379-4288-a376-6d3dbc5023df}"/>
    <Element id="{3ef8cba0-00bb-467e-8a69-5a03bb2edc18}"/>
    <Element id="{51583e28-488e-4926-9136-a3f4adfc3344}"/>
    <Element id="{2104671e-d428-43a7-9a72-99819c71c0e2}"/>
   </ListID>
   <EmissionAccVolNodes>
    <EmissionAccVolNode accVolNodeId="{51583e28-488e-4926-9136-a3f4adfc3344}" state="0"/>
    <EmissionAccVolNode accVolNodeId="{3ef8cba0-00bb-467e-8a69-5a03bb2edc18}" state="0"/>
    <EmissionAccVolNode accVolNodeId="{190a3a19-7379-4288-a376-6d3dbc5023df}" state="0"/>
    <EmissionAccVolNode accVolNodeId="{2104671e-d428-43a7-9a72-99819c71c0e2}" state="1"/>
   </EmissionAccVolNodes>
   <RegimeAccNode>
    <RegimeAccNode accVolNodeId="{51583e28-488e-4926-9136-a3f4adfc3344}" state="0"/>
    <RegimeAccNode accVolNodeId="{3ef8cba0-00bb-467e-8a69-5a03bb2edc18}" state="0"/>
    <RegimeAccNode accVolNodeId="{190a3a19-7379-4288-a376-6d3dbc5023df}" state="0"/>
    <RegimeAccNode accVolNodeId="{2104671e-d428-43a7-9a72-99819c71c0e2}" state="0"/>
   </RegimeAccNode>
   <Atmosphere id="{9cdda47c-e865-424e-af50-c4245e4c0d4d}" name="Atmosphère 1">
    <pression>101325</pression>
    <temperature>20</temperature>
    <hygrometrie>70</hygrometrie>
    <vitVent>0</vitVent>
    <dirVent>0</dirVent>
    <A>0</A>
    <B>0</B>
    <C>5e-06</C>
    <D>0</D>
    <stability_class>0</stability_class>
    <Spectre id="{bb6face4-3414-4977-bb78-d5ad352ca386}" name="Spectre 1">
     <type>0</type>
     <fMin>16</fMin>
     <fMax>16000</fMax>
     <freqTab form="0">0.00001 0.00001 0.00001 0.00002 0.00004 0.00006 0.00009 0.00014 0.00022 0.00034 0.00052 0.00078 0.00113 0.00160 0.00216 0.00280 0.00348 0.00419 0.00498 0.00592 0.00718 0.00902 0.01180 0.01613 0.02291 0.03358 0.05035 0.07662 0.11751 0.18053 0.27624</freqTab>
    </Spectre>
   </Atmosphere>
   <Resultat id="{4658bd23-b4b4-42dc-9235-105393f0e7b2}" name="Résultat 1">
    <ListSources>
     <Source srcId="{2104671e-d428-43a7-9a72-99819c71c0e2}" index="0"/>
    </ListSources>
    <ListRecepteurs>
     <Recepteur recId="{57594958-f247-422d-a3d8-4442271a8b0d}" index="0"/>
     <Recepteur recId="{93db26fd-39d7-47e6-a5b8-0cef94adee3b}" index="2"/>
     <Recepteur recId="{bb8938b1-fb57-421e-90f2-14a25b2d5951}" index="1"/>
    </ListRecepteurs>
    <ListSpectres>
     <SpectreInd indexRec="0" indexSrc="0">
      <Spectre id="{34b7e3a4-bbab-4139-910d-b57c4bc18788}" name="Spectre 24">
       <type>3</type>
       <fMin>16</fMin>
       <fMax>16000</fMax>
       <freqTab form="0">53.7 53.6 53.6 53.7 53.6 53.6 53.6 53.5 53.3 53.3 53.1 52.9 52.5 52.0 51.1 49.6 47.0 41.6 35.0 45.7 50.3 51.3 47.2 43.7 48.6 42.1 43.3 39.9 34.1 27.1 14.9</freqTab>
      </Spectre>
     </SpectreInd>
     <SpectreInd indexRec="1" indexSrc="0">
      <Spectre id="{34b7e3a4-bbab-4139-910d-b57c4bc18788}" name="Spectre 24">
       <type>3</type>
       <fMin>16</fMin>
       <fMax>16000</fMax>
       <freqTab form="0">56.6 56.5 56.5 56.6 56.5 56.5 56.5 56.4 56.2 56.1 55.9 55.5 54.9 53.9 52.1 49.0 41.5 42.8 51.3 54.8 54.6 47.2 51.8 51.8 50.8 48.2 47.8 46.0 40.9 36.2 28.3</freqTab>
      </Spectre>
     </SpectreInd>
     <SpectreInd indexRec="2" indexSrc="0">
      <Spectre id="{34b7e3a4-bbab-4139-910d-b57c4bc18788}" name="Spectre 24">
       <type>3</type>
       <fMin>16</fMin>
       <fMax>16000</fMax>
       <freqTab form="0">58.9 58.9 58.9 58.9 58.9 58.8 58.8 58.6 58.4 58.2 57.8 57.2 56.2 54.4 51.0 42.6 46.9 54.6 57.7 57.0 48.5 55.8 53.9 55.2 52.7 52.8 51.6 49.2 46.8 42.1 36.1</freqTab>
      </Spectre>
     </SpectreInd>
    </ListSpectres>
    <ListLw>
     <SourceLw srcId="{2104671e-d428-43a7-9a72-99819c71c0e2}">
      <Spectre id="{a4985313-af44-4517-b915-31fa47926f91}" name="">
       <type>2</type>
       <fMin>16</fMin>
       <fMax>16000</fMax>
       <freqTab form="0">100.0 100.0 100.0 100.0 100.0 100.0 100.0 100.0 100.0 100.0 100.0 100.0 100.0 100.0 100.0 100.0 100.0 100.0 100.0 100.0 100.0 100.0 100.0 100.0 100.0 100.0 100.0 100.0 100.0 100.0 100.0</freqTab>
      </Spectre>
     </SourceLw>
    </ListLw>
   </Resultat>
  </Calcul>
 </Projet>
</Tympan>
