<?xml version="1.0" encoding="ISO-8859-1" standalone="no"?>
<!DOCTYPE Tympan SYSTEM 'Tympan.dtd'>
<Tympan>
 <Version>3.10.0 - GNU GPL version 3 - http://www.gnu.org/licenses/gpl.html</Version>
 <Projet id="{51583e28-488e-4926-9136-a3f4adfc3344}" name="Projet 0">
  <auteur></auteur>
  <dateCreation>2004-10-28</dateCreation>
  <dateModif>2004-10-28</dateModif>
  <comment></comment>
  <delaunayTolerence>0.001</delaunayTolerence>
  <distMaxBetweenPoints>50</distMaxBetweenPoints>
  <useDefGeomVal>1</useDefGeomVal>
  <currentCalculID>{924c5c14-6f2e-4200-874d-21b14a45c357}</currentCalculID>
  <SiteNode id="{3ef8cba0-00bb-467e-8a69-5a03bb2edc18}" name="Site 0">
   <echelle>1</echelle>
   <useEmpriseAsCrbNiv>0</useEmpriseAsCrbNiv>
   <useTopoFile>0</useTopoFile>
   <topoFile></topoFile>
   <altiEmprise>0</altiEmprise>
   <Segment id="{67e37ae1-2928-432b-8e7b-b044e3228367}" name="Segment 0">
    <Color g="1" r="1" b="1"/>
    <Point x="0.000" y="0.000" z="0.000"/>
    <Point x="0.000" y="1.000" z="0.000"/>
   </Segment>
   <Point x="0.000" y="0.000" z="0.000"/>
   <Topographie id="{100ae6d1-5cfd-447e-a658-11a76a4e7daa}" name="Topographie 0">
    <Emprise>
     <Point x="-835.000" y="488.000" z="0.000"/>
     <Point x="-843.000" y="-878.000" z="0.000"/>
     <Point x="788.000" y="-870.000" z="0.000"/>
     <Point x="781.000" y="769.000" z="0.000"/>
     <Point x="-812.000" y="738.000" z="0.000"/>
    </Emprise>
    <ListCrbNiv/>
    <ListTerrain>
     <GeometryNode id="{a9375b54-3826-4af4-9423-97aae8df2931}" name="">
      <hauteur>0.000</hauteur>
      <Repere id="{e84e8496-7397-45bd-a951-708fc9ab117e}" name="RepÃ¨re 5">
       <Point x="0.000000000000" y="0.000000000000" z="0.000000000000"/>
       <Vector x="1.000000000000" y="0.000000000000" z="0.000000000000"/>
       <Vector x="0.000000000000" y="1.000000000000" z="0.000000000000"/>
       <Vector x="0.000000000000" y="0.000000000000" z="1.000000000000"/>
      </Repere>
      <Terrain id="{f494dd78-d777-414f-8f95-3fdd57d62954}" name="Terrain par defaut">
       <Color g="0.329412" r="0" b="0"/>
       <Sol id="{473bba11-ae82-4c06-a218-caefd30e37cc}" name="Sol 7">
        <resistivite>20000</resistivite>
        <epaisseur>1</epaisseur>
        <active>0</active>
        <miroir>0</miroir>
       </Sol>
       <nbPoints>0</nbPoints>
      </Terrain>
     </GeometryNode>
    </ListTerrain>
    <ListCrsEau/>
    <ListPlanEau/>
    <Altimetrie id="{d946862b-64e6-46f4-952a-16354b8d8bac}" name="AltimÃ©trie 0"/>
    <DefaultTerrain>0</DefaultTerrain>
   </Topographie>
   <Infrastructure id="{190a3a19-7379-4288-a376-6d3dbc5023df}" name="Infrastructure 0">
    <ListRoute/>
    <ListResTrans/>
    <ListBatiment/>
    <ListMachine>
     <GeometryNode id="{3b9cfc04-b016-4aa0-883b-f416b7112754}" name="">
      <hauteur>5.000</hauteur>
      <Repere id="{7017ead4-7ec6-4ccc-8981-306b9748fc78}" name="">
       <Point x="0.000000000000" y="0.000000000000" z="5.000000000000"/>
       <Vector x="1.000000000000" y="0.000000000000" z="0.000000000000"/>
       <Vector x="0.000000000000" y="1.000000000000" z="0.000000000000"/>
       <Vector x="0.000000000000" y="0.000000000000" z="1.000000000000"/>
      </Repere>
      <Machine id="{a629a7d2-cb9f-490d-a725-b463a350d012}" name="MACHINE_CUBIQUE">
       <Color g="1" r="1" b="1"/>
       <densiteSrcsH>5</densiteSrcsH>
       <densiteSrcsV>5</densiteSrcsV>
       <curRegime>0</curRegime>
       <nbRegimes>1</nbRegimes>
       <nextRegime>1</nextRegime>
       <Regime id="{08ee5c6f-8e2f-4152-93ba-7943a89234f2}" name="RÃ©gime 0">
        <isRayonnant>1</isRayonnant>
        <useAtt>0</useAtt>
        <typeDistribution>1</typeDistribution>
        <Spectre id="{1f6c53b2-08f6-4a12-b069-ee1349939367}" name="Spectre 19934">
         <type>2</type>
         <fMin>16</fMin>
         <fMax>16000</fMax>
         <freqTab form="0">100.0 100.0 100.0 100.0 100.0 100.0 100.0 100.0 100.0 100.0 100.0 100.0 100.0 100.0 100.0 100.0 100.0 100.0 100.0 100.0 100.0 100.0 100.0 100.0 100.0 100.0 100.0 100.0 100.0 100.0 100.0</freqTab>
        </Spectre>
       </Regime>
       <nbChild>1</nbChild>
       <GeometryNode id="{076b50b9-c429-477d-8b8a-6438ee089323}" name="">
        <hauteur>0.000</hauteur>
        <Repere id="{f781185e-0a5b-4f23-9088-a4f0faa8cfdf}" name="RepÃ¨re 3117">
         <Point x="0.000000000000" y="0.000000000000" z="30.000000000000"/>
         <Vector x="1.000000000000" y="0.000000000000" z="0.000000000000"/>
         <Vector x="0.000000000000" y="1.000000000000" z="0.000000000000"/>
         <Vector x="0.000000000000" y="0.000000000000" z="1.000000000000"/>
        </Repere>
        <AcousticBox id="{72ed08da-5a65-4c54-9558-c14cad348791}" name="BoÃ®te acoustique 13">
         <Color g="0.0156863" r="0.180392" b="0.721569"/>
         <densiteSrcsH>5</densiteSrcsH>
         <densiteSrcsV>5</densiteSrcsV>
         <curRegime>0</curRegime>
         <nbRegimes>1</nbRegimes>
         <nextRegime>1</nextRegime>
         <Regime id="{8b812d65-bb64-461f-aac0-4d7771dd5ed5}" name="RÃ©gime 0">
          <isRayonnant>1</isRayonnant>
          <useAtt>0</useAtt>
          <typeDistribution>0</typeDistribution>
         </Regime>
         <MateriauConstruction id="{0e8f4d8d-2ce6-4bb1-aa2d-624187d37bb0}" name="MatÃ©riau de construction 2121">
          <masseVol>2500</masseVol>
          <Spectre id="{1c67db41-a306-4e28-a2e4-d82ace383f05}" name="">
           <type>0</type>
           <fMin>16</fMin>
           <fMax>16000</fMax>
           <freqTab form="0">15.000 15.000 15.000 15.000 15.000 15.000 15.000 15.000 15.000 15.000 15.000 15.000 15.000 15.000 15.000 15.000 15.000 15.000 15.000 15.000 15.000 15.000 15.000 15.000 15.000 15.000 15.000 15.000 15.000 15.000 15.000</freqTab>
          </Spectre>
          <Spectre id="{316b1950-df88-4cf7-8c86-5f0a3a7629fc}" name="">
           <type>1</type>
           <fMin>16</fMin>
           <fMax>16000</fMax>
           <freqTab form="0">0.200 0.200 0.200 0.200 0.200 0.200 0.200 0.200 0.200 0.200 0.200 0.200 0.200 0.200 0.200 0.200 0.200 0.200 0.200 0.200 0.200 0.200 0.200 0.200 0.200 0.200 0.200 0.200 0.200 0.200 0.200</freqTab>
          </Spectre>
         </MateriauConstruction>
         <forceNormales>0</forceNormales>
         <GeometryNode id="{5fbf610d-735c-4501-adda-d2420fa77c2e}" name="">
          <hauteur>0.000</hauteur>
          <Repere id="{cbbf37f6-6f3f-4022-9961-af0f4e0c0279}" name="RepÃ¨re 3107">
           <Point x="30.000000000000" y="0.000000000000" z="0.000000000000"/>
           <Vector x="0.000000000000" y="1.000000000000" z="0.000000000000"/>
           <Vector x="0.000000000000" y="0.000000000000" z="1.000000000000"/>
           <Vector x="1.000000000000" y="0.000000000000" z="0.000000000000"/>
          </Repere>
          <AcousticRectangleNode id="{b522df54-719d-4c5e-8f01-0f14bd356133}" name="Face 0">
           <Color g="0.0156863" r="0.180392" b="0.721569"/>
           <densiteSrcsH>5</densiteSrcsH>
           <densiteSrcsV>5</densiteSrcsV>
           <curRegime>0</curRegime>
           <nbRegimes>1</nbRegimes>
           <nextRegime>1</nextRegime>
           <Regime id="{231b7a39-6aa0-4068-a0c4-ffa24ade9510}" name="RÃ©gime 0">
            <isRayonnant>1</isRayonnant>
            <useAtt>0</useAtt>
            <typeDistribution>0</typeDistribution>
           </Regime>
           <Rectangle id="{acdbf09c-e730-462c-8c75-bc2e74c216d3}" name="Rectangle 77230">
            <Point x="-30.000" y="30.000" z="0.000"/>
            <Point x="30.000" y="30.000" z="0.000"/>
            <Point x="30.000" y="-30.000" z="0.000"/>
            <Point x="-30.000" y="-30.000" z="0.000"/>
           </Rectangle>
           <nbChild>1</nbChild>
           <GeometryNode id="{c27d8082-a486-4cc6-b0f1-2442e9516ec2}" name="">
            <hauteur>0.000</hauteur>
            <Repere id="{3f3d15ca-683e-46a3-8eea-7db8ea0f9f38}" name="Repère 40">
             <Point x="0.000000000000" y="0.000000000000" z="0.000000000000"/>
             <Vector x="1.000000000000" y="0.000000000000" z="0.000000000000"/>
             <Vector x="0.000000000000" y="1.000000000000" z="0.000000000000"/>
             <Vector x="0.000000000000" y="0.000000000000" z="1.000000000000"/>
            </Repere>
            <AcousticRectangle id="{4c9b9b5b-9e7c-48a0-8471-16b518dde750}" name="Sous-face 8">
             <Color g="0.0156863" r="0.180392" b="0.721569"/>
             <densiteSrcsH>5</densiteSrcsH>
             <densiteSrcsV>5</densiteSrcsV>
             <curRegime>0</curRegime>
             <nbRegimes>1</nbRegimes>
             <nextRegime>1</nextRegime>
             <Regime id="{abd08c3f-2df1-4999-8709-b7fc17043946}" name="RÃ©gime 0">
              <isRayonnant>1</isRayonnant>
              <useAtt>0</useAtt>
              <typeDistribution>0</typeDistribution>
             </Regime>
             <isSub>0</isSub>
             <Rectangle id="{5aabf2f6-caf3-4af3-a364-2f2315927350}" name="Rectangle 16">
              <Point x="-30.000" y="30.000" z="0.000"/>
              <Point x="30.000" y="30.000" z="0.000"/>
              <Point x="30.000" y="-30.000" z="0.000"/>
              <Point x="-30.000" y="-30.000" z="0.000"/>
             </Rectangle>
             <SourceSurfacic id="{64b8e7d6-6b3d-4438-b07e-a607c005cfe2}" name="Source surfacique 8">
              <nbSrcs>0</nbSrcs>
              <densiteSrcsH>5</densiteSrcsH>
              <densiteSrcsV>5</densiteSrcsV>
              <srcsCorr>0</srcsCorr>
             </SourceSurfacic>
            </AcousticRectangle>
           </GeometryNode>
          </AcousticRectangleNode>
         </GeometryNode>
         <GeometryNode id="{5ac14e6a-cd9a-4af5-8d99-84658823e87b}" name="">
          <hauteur>0.000</hauteur>
          <Repere id="{928f6a57-c4b7-4479-a94e-57debb5d724e}" name="RepÃ¨re 3111">
           <Point x="0.000000000000" y="-30.000000000000" z="0.000000000000"/>
           <Vector x="1.000000000000" y="0.000000000000" z="0.000000000000"/>
           <Vector x="0.000000000000" y="0.000000000000" z="1.000000000000"/>
           <Vector x="0.000000000000" y="-1.000000000000" z="0.000000000000"/>
          </Repere>
          <AcousticRectangleNode id="{0c6448ec-ea4f-4f70-94dd-c7fb36d6ff53}" name="Face 1">
           <Color g="0.0156863" r="0.180392" b="0.721569"/>
           <densiteSrcsH>5</densiteSrcsH>
           <densiteSrcsV>5</densiteSrcsV>
           <curRegime>0</curRegime>
           <nbRegimes>1</nbRegimes>
           <nextRegime>1</nextRegime>
           <Regime id="{b6b8262f-1878-4f34-abb7-a9ea58dee4a8}" name="RÃ©gime 0">
            <isRayonnant>1</isRayonnant>
            <useAtt>0</useAtt>
            <typeDistribution>0</typeDistribution>
           </Regime>
           <Rectangle id="{99173f45-1e6c-4276-85f5-c3664e6e917d}" name="Rectangle 77232">
            <Point x="-30.000" y="30.000" z="0.000"/>
            <Point x="30.000" y="30.000" z="0.000"/>
            <Point x="30.000" y="-30.000" z="0.000"/>
            <Point x="-30.000" y="-30.000" z="0.000"/>
           </Rectangle>
           <nbChild>1</nbChild>
           <GeometryNode id="{118effbf-c89b-40c3-9999-9e6a8ed329e0}" name="">
            <hauteur>0.000</hauteur>
            <Repere id="{20a0a2c3-8e0a-496e-9a20-ffd84cd69f8d}" name="Repère 44">
             <Point x="0.000000000000" y="0.000000000000" z="0.000000000000"/>
             <Vector x="1.000000000000" y="0.000000000000" z="0.000000000000"/>
             <Vector x="0.000000000000" y="1.000000000000" z="0.000000000000"/>
             <Vector x="0.000000000000" y="0.000000000000" z="1.000000000000"/>
            </Repere>
            <AcousticRectangle id="{68e24d31-cab3-4a72-bf54-964b733c60bb}" name="Sous-face 11">
             <Color g="0.0156863" r="0.180392" b="0.721569"/>
             <densiteSrcsH>5</densiteSrcsH>
             <densiteSrcsV>5</densiteSrcsV>
             <curRegime>0</curRegime>
             <nbRegimes>1</nbRegimes>
             <nextRegime>1</nextRegime>
             <Regime id="{a013beda-c030-4fb6-8e6a-73abc704f5c0}" name="RÃ©gime 0">
              <isRayonnant>1</isRayonnant>
              <useAtt>0</useAtt>
              <typeDistribution>0</typeDistribution>
             </Regime>
             <isSub>0</isSub>
             <Rectangle id="{c89afa4b-86be-4bd6-a214-c0e1479c3ce6}" name="Rectangle 20">
              <Point x="-30.000" y="30.000" z="0.000"/>
              <Point x="30.000" y="30.000" z="0.000"/>
              <Point x="30.000" y="-30.000" z="0.000"/>
              <Point x="-30.000" y="-30.000" z="0.000"/>
             </Rectangle>
             <SourceSurfacic id="{29387f7c-37af-4af2-881a-a9beb1fa2b20}" name="Source surfacique 11">
              <nbSrcs>0</nbSrcs>
              <densiteSrcsH>5</densiteSrcsH>
              <densiteSrcsV>5</densiteSrcsV>
              <srcsCorr>0</srcsCorr>
             </SourceSurfacic>
            </AcousticRectangle>
           </GeometryNode>
          </AcousticRectangleNode>
         </GeometryNode>
         <GeometryNode id="{bf0b54e5-26a5-41d3-a8d1-756c8b3832da}" name="">
          <hauteur>0.000</hauteur>
          <Repere id="{8f7e6d36-e0d1-41ae-b30f-672044437c5d}" name="RepÃ¨re 3109">
           <Point x="-30.000000000000" y="0.000000000000" z="0.000000000000"/>
           <Vector x="0.000000000000" y="-1.000000000000" z="0.000000000000"/>
           <Vector x="0.000000000000" y="0.000000000000" z="1.000000000000"/>
           <Vector x="-1.000000000000" y="0.000000000000" z="0.000000000000"/>
          </Repere>
          <AcousticRectangleNode id="{c7ef2f8a-e129-4911-8233-d45059aba3d6}" name="Face 2">
           <Color g="0.0156863" r="0.180392" b="0.721569"/>
           <densiteSrcsH>5</densiteSrcsH>
           <densiteSrcsV>5</densiteSrcsV>
           <curRegime>0</curRegime>
           <nbRegimes>1</nbRegimes>
           <nextRegime>1</nextRegime>
           <Regime id="{d7724ba7-5fc9-4380-a003-2e94d018fdc8}" name="RÃ©gime 0">
            <isRayonnant>1</isRayonnant>
            <useAtt>0</useAtt>
            <typeDistribution>0</typeDistribution>
           </Regime>
           <Rectangle id="{547de981-1f4d-4ef9-9f15-993cd6815eb7}" name="Rectangle 77234">
            <Point x="-30.000" y="30.000" z="0.000"/>
            <Point x="30.000" y="30.000" z="0.000"/>
            <Point x="30.000" y="-30.000" z="0.000"/>
            <Point x="-30.000" y="-30.000" z="0.000"/>
           </Rectangle>
           <nbChild>1</nbChild>
           <GeometryNode id="{0d02c273-6ac1-4e0d-8b94-d4a31fe32964}" name="">
            <hauteur>0.000</hauteur>
            <Repere id="{bd8d6655-0fa4-4a4c-9a9e-9f67cd18de48}" name="Repère 48">
             <Point x="0.000000000000" y="0.000000000000" z="0.000000000000"/>
             <Vector x="1.000000000000" y="0.000000000000" z="0.000000000000"/>
             <Vector x="0.000000000000" y="1.000000000000" z="0.000000000000"/>
             <Vector x="0.000000000000" y="0.000000000000" z="1.000000000000"/>
            </Repere>
            <AcousticRectangle id="{50c6cbc3-f56b-48a5-9032-d25d5665818f}" name="Sous-face 14">
             <Color g="0.0156863" r="0.180392" b="0.721569"/>
             <densiteSrcsH>5</densiteSrcsH>
             <densiteSrcsV>5</densiteSrcsV>
             <curRegime>0</curRegime>
             <nbRegimes>1</nbRegimes>
             <nextRegime>1</nextRegime>
             <Regime id="{11209128-adc6-4a0d-bb03-8fdc599a9534}" name="RÃ©gime 0">
              <isRayonnant>1</isRayonnant>
              <useAtt>0</useAtt>
              <typeDistribution>0</typeDistribution>
             </Regime>
             <isSub>0</isSub>
             <Rectangle id="{ec834395-b4a7-4a8e-b713-bed1502a0bfb}" name="Rectangle 24">
              <Point x="-30.000" y="30.000" z="0.000"/>
              <Point x="30.000" y="30.000" z="0.000"/>
              <Point x="30.000" y="-30.000" z="0.000"/>
              <Point x="-30.000" y="-30.000" z="0.000"/>
             </Rectangle>
             <SourceSurfacic id="{f98fd1f6-915d-450a-826e-c767a1c596ea}" name="Source surfacique 14">
              <nbSrcs>0</nbSrcs>
              <densiteSrcsH>5</densiteSrcsH>
              <densiteSrcsV>5</densiteSrcsV>
              <srcsCorr>0</srcsCorr>
             </SourceSurfacic>
            </AcousticRectangle>
           </GeometryNode>
          </AcousticRectangleNode>
         </GeometryNode>
         <GeometryNode id="{cbb9a862-a072-4c9c-9139-f9fa6e653ba8}" name="">
          <hauteur>0.000</hauteur>
          <Repere id="{f2478b83-f4cf-43bd-b3c8-a712e60f064d}" name="RepÃ¨re 3112">
           <Point x="0.000000000000" y="30.000000000000" z="0.000000000000"/>
           <Vector x="-1.000000000000" y="0.000000000000" z="0.000000000000"/>
           <Vector x="0.000000000000" y="0.000000000000" z="1.000000000000"/>
           <Vector x="0.000000000000" y="1.000000000000" z="0.000000000000"/>
          </Repere>
          <AcousticRectangleNode id="{f896c9d7-da59-4ce0-8918-d04e20e5b46c}" name="Face 3">
           <Color g="0.0156863" r="0.180392" b="0.721569"/>
           <densiteSrcsH>5</densiteSrcsH>
           <densiteSrcsV>5</densiteSrcsV>
           <curRegime>0</curRegime>
           <nbRegimes>1</nbRegimes>
           <nextRegime>1</nextRegime>
           <Regime id="{edf66718-36fc-4927-a452-ad0eaa443d2d}" name="RÃ©gime 0">
            <isRayonnant>1</isRayonnant>
            <useAtt>0</useAtt>
            <typeDistribution>0</typeDistribution>
           </Regime>
           <Rectangle id="{ea55fc7e-618e-4c05-b1ea-3cb157241568}" name="Rectangle 77236">
            <Point x="-30.000" y="30.000" z="0.000"/>
            <Point x="30.000" y="30.000" z="0.000"/>
            <Point x="30.000" y="-30.000" z="0.000"/>
            <Point x="-30.000" y="-30.000" z="0.000"/>
           </Rectangle>
           <nbChild>1</nbChild>
           <GeometryNode id="{2d470887-8e40-4fb2-bbd8-e14d705bf045}" name="">
            <hauteur>0.000</hauteur>
            <Repere id="{1e998b8b-6ea7-4722-b744-40a3382b602b}" name="Repère 52">
             <Point x="0.000000000000" y="0.000000000000" z="0.000000000000"/>
             <Vector x="1.000000000000" y="0.000000000000" z="0.000000000000"/>
             <Vector x="0.000000000000" y="1.000000000000" z="0.000000000000"/>
             <Vector x="0.000000000000" y="0.000000000000" z="1.000000000000"/>
            </Repere>
            <AcousticRectangle id="{8b8f02b0-ae27-4d19-bdf9-63bc4dadfaf2}" name="Sous-face 17">
             <Color g="0.0156863" r="0.180392" b="0.721569"/>
             <densiteSrcsH>5</densiteSrcsH>
             <densiteSrcsV>5</densiteSrcsV>
             <curRegime>0</curRegime>
             <nbRegimes>1</nbRegimes>
             <nextRegime>1</nextRegime>
             <Regime id="{6b0998bb-7cd9-4159-85ef-d9415ce842c5}" name="RÃ©gime 0">
              <isRayonnant>1</isRayonnant>
              <useAtt>0</useAtt>
              <typeDistribution>0</typeDistribution>
             </Regime>
             <isSub>0</isSub>
             <Rectangle id="{7fba0b5e-c7ac-4581-bfa9-00717a971d90}" name="Rectangle 28">
              <Point x="-30.000" y="30.000" z="0.000"/>
              <Point x="30.000" y="30.000" z="0.000"/>
              <Point x="30.000" y="-30.000" z="0.000"/>
              <Point x="-30.000" y="-30.000" z="0.000"/>
             </Rectangle>
             <SourceSurfacic id="{e88e59b5-b3a4-4012-8fbb-72e2100f4e06}" name="Source surfacique 17">
              <nbSrcs>0</nbSrcs>
              <densiteSrcsH>5</densiteSrcsH>
              <densiteSrcsV>5</densiteSrcsV>
              <srcsCorr>0</srcsCorr>
             </SourceSurfacic>
            </AcousticRectangle>
           </GeometryNode>
          </AcousticRectangleNode>
         </GeometryNode>
         <GeometryNode id="{0ef1546a-3f74-4280-8f82-aa24b20ce0c6}" name="">
          <hauteur>0.000</hauteur>
          <Repere id="{23f6a9b8-cd56-4687-b83c-33369365a347}" name="RepÃ¨re 3113">
           <Point x="0.000000000000" y="0.000000000000" z="-30.000000000000"/>
           <Vector x="1.000000000000" y="0.000000000000" z="0.000000000000"/>
           <Vector x="0.000000000000" y="-1.000000000000" z="0.000000000000"/>
           <Vector x="0.000000000000" y="0.000000000000" z="-1.000000000000"/>
          </Repere>
          <AcousticRectangleNode id="{220386f1-ce47-4626-b746-5f95b6896b41}" name="Face 4">
           <Color g="0.0156863" r="0.180392" b="0.721569"/>
           <densiteSrcsH>5</densiteSrcsH>
           <densiteSrcsV>5</densiteSrcsV>
           <curRegime>0</curRegime>
           <nbRegimes>1</nbRegimes>
           <nextRegime>1</nextRegime>
           <Regime id="{441e7b75-b316-4c6e-a797-11ce44604a9b}" name="RÃ©gime 0">
            <isRayonnant>1</isRayonnant>
            <useAtt>0</useAtt>
            <typeDistribution>0</typeDistribution>
           </Regime>
           <Rectangle id="{e45178ac-d358-4839-97fc-90bfee9f59dc}" name="Rectangle 77238">
            <Point x="-30.000" y="30.000" z="0.000"/>
            <Point x="30.000" y="30.000" z="0.000"/>
            <Point x="30.000" y="-30.000" z="0.000"/>
            <Point x="-30.000" y="-30.000" z="0.000"/>
           </Rectangle>
           <nbChild>1</nbChild>
           <GeometryNode id="{2a5eebb0-a3f4-466c-96d1-f4890d5e8aef}" name="">
            <hauteur>0.000</hauteur>
            <Repere id="{29202329-17b9-4f37-9ce0-861d5e662f4b}" name="Repère 56">
             <Point x="0.000000000000" y="0.000000000000" z="0.000000000000"/>
             <Vector x="1.000000000000" y="0.000000000000" z="0.000000000000"/>
             <Vector x="0.000000000000" y="1.000000000000" z="0.000000000000"/>
             <Vector x="0.000000000000" y="0.000000000000" z="1.000000000000"/>
            </Repere>
            <AcousticRectangle id="{00aee7ed-7b9d-4bf6-a27a-eac07fd6a49f}" name="Sous-face 20">
             <Color g="0.0156863" r="0.180392" b="0.721569"/>
             <densiteSrcsH>5</densiteSrcsH>
             <densiteSrcsV>5</densiteSrcsV>
             <curRegime>0</curRegime>
             <nbRegimes>1</nbRegimes>
             <nextRegime>1</nextRegime>
             <Regime id="{bc898dad-5c4d-4cc3-8199-9f47b032472a}" name="RÃ©gime 0">
              <isRayonnant>1</isRayonnant>
              <useAtt>0</useAtt>
              <typeDistribution>0</typeDistribution>
             </Regime>
             <isSub>0</isSub>
             <Rectangle id="{905cda2f-04b7-4fce-9da3-7c9a4ef7df64}" name="Rectangle 32">
              <Point x="-30.000" y="30.000" z="0.000"/>
              <Point x="30.000" y="30.000" z="0.000"/>
              <Point x="30.000" y="-30.000" z="0.000"/>
              <Point x="-30.000" y="-30.000" z="0.000"/>
             </Rectangle>
             <SourceSurfacic id="{2f1d7a45-cbee-4905-8bdb-36826bd27188}" name="Source surfacique 20">
              <nbSrcs>0</nbSrcs>
              <densiteSrcsH>5</densiteSrcsH>
              <densiteSrcsV>5</densiteSrcsV>
              <srcsCorr>0</srcsCorr>
             </SourceSurfacic>
            </AcousticRectangle>
           </GeometryNode>
          </AcousticRectangleNode>
         </GeometryNode>
         <GeometryNode id="{a2cc1807-37ec-4a0f-937d-863c2113be10}" name="">
          <hauteur>0.000</hauteur>
          <Repere id="{59b08c1a-6a7f-4c86-a72e-379e6522cddb}" name="RepÃ¨re 3115">
           <Point x="0.000000000000" y="0.000000000000" z="30.000000000000"/>
           <Vector x="1.000000000000" y="0.000000000000" z="0.000000000000"/>
           <Vector x="0.000000000000" y="1.000000000000" z="0.000000000000"/>
           <Vector x="0.000000000000" y="0.000000000000" z="1.000000000000"/>
          </Repere>
          <AcousticRectangleNode id="{d0669fc6-1166-430c-b924-dd9c4a98dfda}" name="Face 5">
           <Color g="0.0156863" r="0.180392" b="0.721569"/>
           <densiteSrcsH>5</densiteSrcsH>
           <densiteSrcsV>5</densiteSrcsV>
           <curRegime>0</curRegime>
           <nbRegimes>1</nbRegimes>
           <nextRegime>1</nextRegime>
           <Regime id="{49e3c95d-8dbe-4189-adee-d61186004af6}" name="RÃ©gime 0">
            <isRayonnant>1</isRayonnant>
            <useAtt>0</useAtt>
            <typeDistribution>0</typeDistribution>
           </Regime>
           <Rectangle id="{b9e98acf-0f6b-41bf-8c63-fcfc547f0df5}" name="Rectangle 77240">
            <Point x="-30.000" y="30.000" z="0.000"/>
            <Point x="30.000" y="30.000" z="0.000"/>
            <Point x="30.000" y="-30.000" z="0.000"/>
            <Point x="-30.000" y="-30.000" z="0.000"/>
           </Rectangle>
           <nbChild>1</nbChild>
           <GeometryNode id="{bb119c99-4654-4a2d-baaf-2d7c1244bafd}" name="">
            <hauteur>0.000</hauteur>
            <Repere id="{87681412-346b-467d-afec-574f16b0a847}" name="Repère 60">
             <Point x="0.000000000000" y="0.000000000000" z="0.000000000000"/>
             <Vector x="1.000000000000" y="0.000000000000" z="0.000000000000"/>
             <Vector x="0.000000000000" y="1.000000000000" z="0.000000000000"/>
             <Vector x="0.000000000000" y="0.000000000000" z="1.000000000000"/>
            </Repere>
            <AcousticRectangle id="{20dc3420-18ba-4cc3-8428-9df4600911a4}" name="Sous-face 23">
             <Color g="0.0156863" r="0.180392" b="0.721569"/>
             <densiteSrcsH>5</densiteSrcsH>
             <densiteSrcsV>5</densiteSrcsV>
             <curRegime>0</curRegime>
             <nbRegimes>1</nbRegimes>
             <nextRegime>1</nextRegime>
             <Regime id="{a32daf27-fedb-40e7-8207-afd1276d04c2}" name="RÃ©gime 0">
              <isRayonnant>1</isRayonnant>
              <useAtt>0</useAtt>
              <typeDistribution>0</typeDistribution>
             </Regime>
             <isSub>0</isSub>
             <Rectangle id="{79cbd763-fc63-4d71-8568-fc7d76a17959}" name="Rectangle 36">
              <Point x="-30.000" y="30.000" z="0.000"/>
              <Point x="30.000" y="30.000" z="0.000"/>
              <Point x="30.000" y="-30.000" z="0.000"/>
              <Point x="-30.000" y="-30.000" z="0.000"/>
             </Rectangle>
             <SourceSurfacic id="{595e3de3-6694-40a9-bd56-fc524549cae7}" name="Source surfacique 23">
              <nbSrcs>0</nbSrcs>
              <densiteSrcsH>5</densiteSrcsH>
              <densiteSrcsV>5</densiteSrcsV>
              <srcsCorr>0</srcsCorr>
             </SourceSurfacic>
            </AcousticRectangle>
           </GeometryNode>
          </AcousticRectangleNode>
         </GeometryNode>
        </AcousticBox>
       </GeometryNode>
       <categorie>1</categorie>
       <constructeur>Constructeur</constructeur>
       <modele>Modele</modele>
       <commentaire>Commentaire</commentaire>
      </Machine>
     </GeometryNode>
    </ListMachine>
    <ListSource/>
   </Infrastructure>
   <root>1</root>
   <repere>0</repere>
   <SIG_X>0</SIG_X>
   <SIG_Y>0</SIG_Y>
  </SiteNode>
  <PointsControl>
   <PointControl x="115.000" y="0.000" z="2.000" id="{57594958-f247-422d-a3d8-4442271a8b0d}" name="P1">
    <etatCalcul idCalcul="{462711b8-0326-42c4-a6da-acb9b515361f}" Etat="0"/>
    <etatCalcul idCalcul="{924c5c14-6f2e-4200-874d-21b14a45c357}" Etat="1"/>
    <Spectre idCalcul="{924c5c14-6f2e-4200-874d-21b14a45c357}" id="{c55984e2-cdec-4124-9d49-9f9a7e316f66}" name="">
     <type>3</type>
     <fMin>16</fMin>
     <fMax>16000</fMax>
     <freqTab form="0">51.7 51.6 51.5 51.3 50.9 50.4 49.6 48.7 48.2 48.6 49.4 49.3 48.6 48.8 48.4 48.1 47.7 47.5 47.6 48.0 48.1 47.9 46.9 46.7 45.9 44.6 42.9 40.0 35.9 29.5 20.2</freqTab>
    </Spectre>
    <Color g="0" r="0.333333" b="1"/>
    <hauteur>2.000</hauteur>
    <formeObjet>0</formeObjet>
   </PointControl>
   <PointControl x="-15.000" y="90.000" z="2.000" id="{bb8938b1-fb57-421e-90f2-14a25b2d5951}" name="P2">
    <etatCalcul idCalcul="{462711b8-0326-42c4-a6da-acb9b515361f}" Etat="0"/>
    <etatCalcul idCalcul="{924c5c14-6f2e-4200-874d-21b14a45c357}" Etat="1"/>
    <Spectre idCalcul="{924c5c14-6f2e-4200-874d-21b14a45c357}" id="{42b6d68a-2718-4ffd-8379-36a6d3de2ad7}" name="">
     <type>3</type>
     <fMin>16</fMin>
     <fMax>16000</fMax>
     <freqTab form="0">53.3 53.2 53.0 52.7 52.2 51.5 50.7 50.1 50.2 51.0 51.1 50.5 50.5 50.2 49.9 49.6 49.4 49.6 49.7 50.2 49.9 49.4 49.1 48.8 48.2 47.2 45.8 43.7 40.4 35.6 28.6</freqTab>
    </Spectre>
    <Color g="0" r="0.333333" b="1"/>
    <hauteur>2.000</hauteur>
    <formeObjet>0</formeObjet>
   </PointControl>
   <PointControl x="-60.000" y="-30.000" z="2.000" id="{93db26fd-39d7-47e6-a5b8-0cef94adee3b}" name="P3">
    <etatCalcul idCalcul="{462711b8-0326-42c4-a6da-acb9b515361f}" Etat="0"/>
    <etatCalcul idCalcul="{924c5c14-6f2e-4200-874d-21b14a45c357}" Etat="1"/>
    <Spectre idCalcul="{924c5c14-6f2e-4200-874d-21b14a45c357}" id="{9fa61c14-108c-40f5-958c-ae1dc81c3ec9}" name="">
     <type>3</type>
     <fMin>16</fMin>
     <fMax>16000</fMax>
     <freqTab form="0">55.7 55.5 55.2 54.7 54.1 53.3 52.6 52.6 53.2 53.6 53.0 52.8 52.6 52.4 52.2 52.2 52.3 52.7 52.7 52.6 52.3 52.2 52.0 51.8 51.3 50.6 49.7 48.2 46.1 42.9 38.6</freqTab>
    </Spectre>
    <Color g="0" r="0.333333" b="1"/>
    <hauteur>2.000</hauteur>
    <formeObjet>0</formeObjet>
   </PointControl>
  </PointsControl>
  <Calcul isUpTodate="1" id="{924c5c14-6f2e-4200-874d-21b14a45c357}" name="Calcul 1">
   <numero>1</numero>
   <auteur>Auteur</auteur>
   <dateCreation>2004-10-28</dateCreation>
   <dateModif>2004-10-28</dateModif>
   <comment>Commentaire</comment>
   <solverId>{a98b320c-44c4-47a9-b689-1dd352daa8b2}</solverId>
   <etat>1</etat>
   <expansGeo>0</expansGeo>
   <useSol>1</useSol>
   <typeCalculSol>0</typeCalculSol>
   <condFav>0</condFav>
   <useVegetation>0</useVegetation>
   <useAtmosphere>1</useAtmosphere>
   <useEcran>1</useEcran>
   <calculTrajetHorizontaux>1</calculTrajetHorizontaux>
   <useReflexion>0</useReflexion>
   <interference>1</interference>
   <h1>10</h1>
   <distanceSRMin>0.1</distanceSRMin>
   <freqMinSpectre>16</freqMinSpectre>
   <freqMaxSpectre>16000</freqMaxSpectre>
   <ListID>
    <Element id="{190a3a19-7379-4288-a376-6d3dbc5023df}"/>
    <Element id="{3ef8cba0-00bb-467e-8a69-5a03bb2edc18}"/>
    <Element id="{51583e28-488e-4926-9136-a3f4adfc3344}"/>
    <Element id="{a629a7d2-cb9f-490d-a725-b463a350d012}"/>
   </ListID>
   <EmissionAccVolNodes>
    <EmissionAccVolNode accVolNodeId="{51583e28-488e-4926-9136-a3f4adfc3344}" state="0"/>
    <EmissionAccVolNode accVolNodeId="{3ef8cba0-00bb-467e-8a69-5a03bb2edc18}" state="0"/>
    <EmissionAccVolNode accVolNodeId="{190a3a19-7379-4288-a376-6d3dbc5023df}" state="0"/>
    <EmissionAccVolNode accVolNodeId="{a629a7d2-cb9f-490d-a725-b463a350d012}" state="1"/>
   </EmissionAccVolNodes>
   <RegimeAccNode>
    <RegimeAccNode accVolNodeId="{51583e28-488e-4926-9136-a3f4adfc3344}" state="0"/>
    <RegimeAccNode accVolNodeId="{3ef8cba0-00bb-467e-8a69-5a03bb2edc18}" state="0"/>
    <RegimeAccNode accVolNodeId="{190a3a19-7379-4288-a376-6d3dbc5023df}" state="0"/>
    <RegimeAccNode accVolNodeId="{a629a7d2-cb9f-490d-a725-b463a350d012}" state="0"/>
   </RegimeAccNode>
   <Atmosphere id="{9cdda47c-e865-424e-af50-c4245e4c0d4d}" name="AtmosphÃ¨re 1">
    <pression>101325</pression>
    <temperature>20</temperature>
    <hygrometrie>70</hygrometrie>
    <vitVent>0</vitVent>
    <dirVent>0</dirVent>
    <A>0</A>
    <B>0</B>
    <C>5e-06</C>
    <D>0</D>
    <stability_class>0</stability_class>
    <Spectre id="{bb6face4-3414-4977-bb78-d5ad352ca386}" name="Spectre 1">
     <type>0</type>
     <fMin>16</fMin>
     <fMax>16000</fMax>
     <freqTab form="0">0.00001 0.00001 0.00001 0.00002 0.00004 0.00006 0.00009 0.00014 0.00022 0.00034 0.00052 0.00078 0.00113 0.00160 0.00216 0.00280 0.00348 0.00419 0.00498 0.00592 0.00718 0.00902 0.01180 0.01613 0.02291 0.03358 0.05035 0.07662 0.11751 0.18053 0.27624</freqTab>
    </Spectre>
   </Atmosphere>
   <Resultat id="{4658bd23-b4b4-42dc-9235-105393f0e7b2}" name="RÃ©sultat 1">
    <ListSources>
     <Source srcId="{a629a7d2-cb9f-490d-a725-b463a350d012}" index="0"/>
    </ListSources>
    <ListRecepteurs>
     <Recepteur recId="{57594958-f247-422d-a3d8-4442271a8b0d}" index="0"/>
     <Recepteur recId="{bb8938b1-fb57-421e-90f2-14a25b2d5951}" index="1"/>
     <Recepteur recId="{93db26fd-39d7-47e6-a5b8-0cef94adee3b}" index="2"/>
    </ListRecepteurs>
    <ListSpectres>
     <SpectreInd indexRec="0" indexSrc="0">
      <Spectre id="{d18fa92e-7a07-41f6-a3dd-1174a7785c82}" name="Spectre 3136">
       <type>3</type>
       <fMin>16</fMin>
       <fMax>16000</fMax>
       <freqTab form="0">51.7 51.6 51.5 51.3 50.9 50.4 49.6 48.7 48.2 48.6 49.4 49.3 48.6 48.8 48.4 48.1 47.7 47.5 47.6 48.0 48.1 47.9 46.9 46.7 45.9 44.6 42.9 40.0 35.9 29.5 20.2</freqTab>
      </Spectre>
     </SpectreInd>
     <SpectreInd indexRec="1" indexSrc="0">
      <Spectre id="{d18fa92e-7a07-41f6-a3dd-1174a7785c82}" name="Spectre 3136">
       <type>3</type>
       <fMin>16</fMin>
       <fMax>16000</fMax>
       <freqTab form="0">53.3 53.2 53.0 52.7 52.2 51.5 50.7 50.1 50.2 51.0 51.1 50.5 50.5 50.2 49.9 49.6 49.4 49.6 49.7 50.2 49.9 49.4 49.1 48.8 48.2 47.2 45.8 43.7 40.4 35.6 28.6</freqTab>
      </Spectre>
     </SpectreInd>
     <SpectreInd indexRec="2" indexSrc="0">
      <Spectre id="{d18fa92e-7a07-41f6-a3dd-1174a7785c82}" name="Spectre 3136">
       <type>3</type>
       <fMin>16</fMin>
       <fMax>16000</fMax>
       <freqTab form="0">55.7 55.5 55.2 54.7 54.1 53.3 52.6 52.6 53.2 53.6 53.0 52.8 52.6 52.4 52.2 52.2 52.3 52.7 52.7 52.6 52.3 52.2 52.0 51.8 51.3 50.6 49.7 48.2 46.1 42.9 38.6</freqTab>
      </Spectre>
     </SpectreInd>
    </ListSpectres>
    <ListLw>
     <SourceLw srcId="{a629a7d2-cb9f-490d-a725-b463a350d012}">
      <Spectre id="{0e05b8e2-ab53-47c5-84b4-6b2c67cf28ee}" name="">
       <type>2</type>
       <fMin>16</fMin>
       <fMax>16000</fMax>
       <freqTab form="0">100.0 100.0 100.0 100.0 100.0 100.0 100.0 100.0 100.0 100.0 100.0 100.0 100.0 100.0 100.0 100.0 100.0 100.0 100.0 100.0 100.0 100.0 100.0 100.0 100.0 100.0 100.0 100.0 100.0 100.0 100.0</freqTab>
      </Spectre>
     </SourceLw>
    </ListLw>
   </Resultat>
  </Calcul>
 </Projet>
</Tympan>
